Archive member included to satisfy reference by file (symbol)

C:/ST/STM32CubeIDE_1.16.0/STM32CubeIDE/plugins/com.st.stm32cube.ide.mcu.externaltools.gnu-tools-for-stm32.12.3.rel1.win32_1.0.200.202406191623/tools/bin/../lib/gcc/arm-none-eabi/12.3.1/../../../../arm-none-eabi/lib/thumb/v7-m/nofp\libc_nano.a(libc_a-exit.o)
                              C:/ST/STM32CubeIDE_1.16.0/STM32CubeIDE/plugins/com.st.stm32cube.ide.mcu.externaltools.gnu-tools-for-stm32.12.3.rel1.win32_1.0.200.202406191623/tools/bin/../lib/gcc/arm-none-eabi/12.3.1/../../../../arm-none-eabi/lib/thumb/v7-m/nofp/crt0.o (exit)
C:/ST/STM32CubeIDE_1.16.0/STM32CubeIDE/plugins/com.st.stm32cube.ide.mcu.externaltools.gnu-tools-for-stm32.12.3.rel1.win32_1.0.200.202406191623/tools/bin/../lib/gcc/arm-none-eabi/12.3.1/../../../../arm-none-eabi/lib/thumb/v7-m/nofp\libc_nano.a(libc_a-findfp.o)
                              C:/ST/STM32CubeIDE_1.16.0/STM32CubeIDE/plugins/com.st.stm32cube.ide.mcu.externaltools.gnu-tools-for-stm32.12.3.rel1.win32_1.0.200.202406191623/tools/bin/../lib/gcc/arm-none-eabi/12.3.1/../../../../arm-none-eabi/lib/thumb/v7-m/nofp\libc_nano.a(libc_a-exit.o) (__stdio_exit_handler)
C:/ST/STM32CubeIDE_1.16.0/STM32CubeIDE/plugins/com.st.stm32cube.ide.mcu.externaltools.gnu-tools-for-stm32.12.3.rel1.win32_1.0.200.202406191623/tools/bin/../lib/gcc/arm-none-eabi/12.3.1/../../../../arm-none-eabi/lib/thumb/v7-m/nofp\libc_nano.a(libc_a-fwalk.o)
                              C:/ST/STM32CubeIDE_1.16.0/STM32CubeIDE/plugins/com.st.stm32cube.ide.mcu.externaltools.gnu-tools-for-stm32.12.3.rel1.win32_1.0.200.202406191623/tools/bin/../lib/gcc/arm-none-eabi/12.3.1/../../../../arm-none-eabi/lib/thumb/v7-m/nofp\libc_nano.a(libc_a-findfp.o) (_fwalk_sglue)
C:/ST/STM32CubeIDE_1.16.0/STM32CubeIDE/plugins/com.st.stm32cube.ide.mcu.externaltools.gnu-tools-for-stm32.12.3.rel1.win32_1.0.200.202406191623/tools/bin/../lib/gcc/arm-none-eabi/12.3.1/../../../../arm-none-eabi/lib/thumb/v7-m/nofp\libc_nano.a(libc_a-stdio.o)
                              C:/ST/STM32CubeIDE_1.16.0/STM32CubeIDE/plugins/com.st.stm32cube.ide.mcu.externaltools.gnu-tools-for-stm32.12.3.rel1.win32_1.0.200.202406191623/tools/bin/../lib/gcc/arm-none-eabi/12.3.1/../../../../arm-none-eabi/lib/thumb/v7-m/nofp\libc_nano.a(libc_a-findfp.o) (__sread)
C:/ST/STM32CubeIDE_1.16.0/STM32CubeIDE/plugins/com.st.stm32cube.ide.mcu.externaltools.gnu-tools-for-stm32.12.3.rel1.win32_1.0.200.202406191623/tools/bin/../lib/gcc/arm-none-eabi/12.3.1/../../../../arm-none-eabi/lib/thumb/v7-m/nofp\libc_nano.a(libc_a-memset.o)
                              C:/ST/STM32CubeIDE_1.16.0/STM32CubeIDE/plugins/com.st.stm32cube.ide.mcu.externaltools.gnu-tools-for-stm32.12.3.rel1.win32_1.0.200.202406191623/tools/bin/../lib/gcc/arm-none-eabi/12.3.1/../../../../arm-none-eabi/lib/thumb/v7-m/nofp/crt0.o (memset)
C:/ST/STM32CubeIDE_1.16.0/STM32CubeIDE/plugins/com.st.stm32cube.ide.mcu.externaltools.gnu-tools-for-stm32.12.3.rel1.win32_1.0.200.202406191623/tools/bin/../lib/gcc/arm-none-eabi/12.3.1/../../../../arm-none-eabi/lib/thumb/v7-m/nofp\libc_nano.a(libc_a-closer.o)
                              C:/ST/STM32CubeIDE_1.16.0/STM32CubeIDE/plugins/com.st.stm32cube.ide.mcu.externaltools.gnu-tools-for-stm32.12.3.rel1.win32_1.0.200.202406191623/tools/bin/../lib/gcc/arm-none-eabi/12.3.1/../../../../arm-none-eabi/lib/thumb/v7-m/nofp\libc_nano.a(libc_a-stdio.o) (_close_r)
C:/ST/STM32CubeIDE_1.16.0/STM32CubeIDE/plugins/com.st.stm32cube.ide.mcu.externaltools.gnu-tools-for-stm32.12.3.rel1.win32_1.0.200.202406191623/tools/bin/../lib/gcc/arm-none-eabi/12.3.1/../../../../arm-none-eabi/lib/thumb/v7-m/nofp\libc_nano.a(libc_a-reent.o)
                              C:/ST/STM32CubeIDE_1.16.0/STM32CubeIDE/plugins/com.st.stm32cube.ide.mcu.externaltools.gnu-tools-for-stm32.12.3.rel1.win32_1.0.200.202406191623/tools/bin/../lib/gcc/arm-none-eabi/12.3.1/../../../../arm-none-eabi/lib/thumb/v7-m/nofp\libc_nano.a(libc_a-closer.o) (errno)
C:/ST/STM32CubeIDE_1.16.0/STM32CubeIDE/plugins/com.st.stm32cube.ide.mcu.externaltools.gnu-tools-for-stm32.12.3.rel1.win32_1.0.200.202406191623/tools/bin/../lib/gcc/arm-none-eabi/12.3.1/../../../../arm-none-eabi/lib/thumb/v7-m/nofp\libc_nano.a(libc_a-impure.o)
                              C:/ST/STM32CubeIDE_1.16.0/STM32CubeIDE/plugins/com.st.stm32cube.ide.mcu.externaltools.gnu-tools-for-stm32.12.3.rel1.win32_1.0.200.202406191623/tools/bin/../lib/gcc/arm-none-eabi/12.3.1/../../../../arm-none-eabi/lib/thumb/v7-m/nofp\libc_nano.a(libc_a-reent.o) (_impure_ptr)
C:/ST/STM32CubeIDE_1.16.0/STM32CubeIDE/plugins/com.st.stm32cube.ide.mcu.externaltools.gnu-tools-for-stm32.12.3.rel1.win32_1.0.200.202406191623/tools/bin/../lib/gcc/arm-none-eabi/12.3.1/../../../../arm-none-eabi/lib/thumb/v7-m/nofp\libc_nano.a(libc_a-lseekr.o)
[...]
Memory Configuration

Name             Origin             Length             Attributes
RAM              0x20000000         0x00005000         xrw
FLASH            0x08000000         0x00010000         xr
*default*        0x00000000         0xffffffff

Linker script and memory map

LOAD C:/ST/STM32CubeIDE_1.16.0/STM32CubeIDE/plugins/com.st.stm32cube.ide.mcu.externaltools.gnu-tools-for-stm32.12.3.rel1.win32_1.0.200.202406191623/tools/bin/../lib/gcc/arm-none-eabi/12.3.1/thumb/v7-m/nofp/crti.o
LOAD C:/ST/STM32CubeIDE_1.16.0/STM32CubeIDE/plugins/com.st.stm32cube.ide.mcu.externaltools.gnu-tools-for-stm32.12.3.rel1.win32_1.0.200.202406191623/tools/bin/../lib/gcc/arm-none-eabi/12.3.1/thumb/v7-m/nofp/crtbegin.o
LOAD C:/ST/STM32CubeIDE_1.16.0/STM32CubeIDE/plugins/com.st.stm32cube.ide.mcu.externaltools.gnu-tools-for-stm32.12.3.rel1.win32_1.0.200.202406191623/tools/bin/../lib/gcc/arm-none-eabi/12.3.1/../../../../arm-none-eabi/lib/thumb/v7-m/nofp/crt0.o
LOAD ./Core/Src/adc.o
LOAD ./Core/Src/agv_motor.o
LOAD ./Core/Src/agv_sensor.o
LOAD ./Core/Src/agv_telemetry.o
LOAD ./Core/Src/gpio.o
LOAD ./Core/Src/i2c.o
LOAD ./Core/Src/main.o
LOAD ./Core/Src/stm32f1xx_hal_msp.o
LOAD ./Core/Src/stm32f1xx_it.o
LOAD ./Core/Src/syscalls.o
LOAD ./Core/Src/sysmem.o
LOAD ./Core/Src/system_stm32f1xx.o
LOAD ./Core/Src/tim.o
LOAD ./Core/Src/usart.o
LOAD ./Core/Startup/startup_stm32f103c8tx.o
LOAD ./Drivers/STM32F1xx_HAL_Driver/Src/stm32f1xx_hal.o
LOAD ./Drivers/STM32F1xx_HAL_Driver/Src/stm32f1xx_hal_adc.o
LOAD ./Drivers/STM32F1xx_HAL_Driver/Src/stm32f1xx_hal_adc_ex.o
LOAD ./Drivers/STM32F1xx_HAL_Driver/Src/stm32f1xx_hal_cortex.o
LOAD ./Drivers/STM32F1xx_HAL_Driver/Src/stm32f1xx_hal_dma.o
LOAD ./Drivers/STM32F1xx_HAL_Driver/Src/stm32f1xx_hal_exti.o
LOAD ./Drivers/STM32F1xx_HAL_Driver/Src/stm32f1xx_hal_flash.o
LOAD ./Drivers/STM32F1xx_HAL_Driver/Src/stm32f1xx_hal_flash_ex.o
LOAD ./Drivers/STM32F1xx_HAL_Driver/Src/stm32f1xx_hal_gpio.o
LOAD ./Drivers/STM32F1xx_HAL_Driver/Src/stm32f1xx_hal_gpio_ex.o
LOAD ./Drivers/STM32F1xx_HAL_Driver/Src/stm32f1xx_hal_i2c.o
LOAD ./Drivers/STM32F1xx_HAL_Driver/Src/stm32f1xx_hal_pcd.o
LOAD ./Drivers/STM32F1xx_HAL_Driver/Src/stm32f1xx_hal_pcd_ex.o
LOAD ./Drivers/STM32F1xx_HAL_Driver/Src/stm32f1xx_hal_pwr.o
LOAD ./Drivers/STM32F1xx_HAL_Driver/Src/stm32f1xx_hal_rcc.o
LOAD ./Drivers/STM32F1xx_HAL_Driver/Src/stm32f1xx_hal_rcc_ex.o
LOAD ./Drivers/STM32F1xx_HAL_Driver/Src/stm32f1xx_hal_tim.o
LOAD ./Drivers/STM32F1xx_HAL_Driver/Src/stm32f1xx_hal_tim_ex.o
LOAD ./Drivers/STM32F1xx_HAL_Driver/Src/stm32f1xx_hal_uart.o
LOAD ./Drivers/STM32F1xx_HAL_Driver/Src/stm32f1xx_ll_usb.o
LOAD ./Middlewares/ST/STM32_USB_Device_Library/Class/CDC/Src/usbd_cdc.o
LOAD ./Middlewares/ST/STM32_USB_Device_Library/Core/Src/usbd_core.o
LOAD ./Middlewares/ST/STM32_USB_Device_Library/Core/Src/usbd_ctlreq.o
LOAD ./Middlewares/ST/STM32_USB_Device_Library/Core/Src/usbd_ioreq.o
LOAD ./USB_DEVICE/App/usb_device.o
LOAD ./USB_DEVICE/App/usbd_cdc_if.o
LOAD ./USB_DEVICE/App/usbd_desc.o
LOAD ./USB_DEVICE/Target/usbd_conf.o
START GROUP
LOAD C:/ST/STM32CubeIDE_1.16.0/STM32CubeIDE/plugins/com.st.stm32cube.ide.mcu.externaltools.gnu-tools-for-stm32.12.3.rel1.win32_1.0.200.202406191623/tools/bin/../lib/gcc/arm-none-eabi/12.3.1/../../../../arm-none-eabi/lib/thumb/v7-m/nofp\libc_nano.a
LOAD C:/ST/STM32CubeIDE_1.16.0/STM32CubeIDE/plugins/com.st.stm32cube.ide.mcu.externaltools.gnu-tools-for-stm32.12.3.rel1.win32_1.0.200.202406191623/tools/bin/../lib/gcc/arm-none-eabi/12.3.1/../../../../arm-none-eabi/lib/thumb/v7-m/nofp\libm.a
END GROUP
START GROUP
LOAD C:/ST/STM32CubeIDE_1.16.0/STM32CubeIDE/plugins/com.st.stm32cube.ide.mcu.externaltools.gnu-tools-for-stm32.12.3.rel1.win32_1.0.200.202406191623/tools/bin/../lib/gcc/arm-none-eabi/12.3.1/thumb/v7-m/nofp\libgcc.a
LOAD C:/ST/STM32CubeIDE_1.16.0/STM32CubeIDE/plugins/com.st.stm32cube.ide.mcu.externaltools.gnu-tools-for-stm32.12.3.rel1.win32_1.0.200.202406191623/tools/bin/../lib/gcc/arm-none-eabi/12.3.1/../../../../arm-none-eabi/lib/thumb/v7-m/nofp\libc_nano.a
END GROUP
START GROUP
LOAD C:/ST/STM32CubeIDE_1.16.0/STM32CubeIDE/plugins/com.st.stm32cube.ide.mcu.externaltools.gnu-tools-for-stm32.12.3.rel1.win32_1.0.200.202406191623/tools/bin/../lib/gcc/arm-none-eabi/12.3.1/thumb/v7-m/nofp\libgcc.a
LOAD C:/ST/STM32CubeIDE_1.16.0/STM32CubeIDE/plugins/com.st.stm32cube.ide.mcu.externaltools.gnu-tools-for-stm32.12.3.rel1.win32_1.0.200.202406191623/tools/bin/../lib/gcc/arm-none-eabi/12.3.1/../../../../arm-none-eabi/lib/thumb/v7-m/nofp\libc_nano.a
LOAD C:/ST/STM32CubeIDE_1.16.0/STM32CubeIDE/plugins/com.st.stm32cube.ide.mcu.externaltools.gnu-tools-for-stm32.12.3.rel1.win32_1.0.200.202406191623/tools/bin/../lib/gcc/arm-none-eabi/12.3.1/../../../../arm-none-eabi/lib/thumb/v7-m/nofp\libnosys.a
END GROUP
START GROUP
LOAD C:/ST/STM32CubeIDE_1.16.0/STM32CubeIDE/plugins/com.st.stm32cube.ide.mcu.externaltools.gnu-tools-for-stm32.12.3.rel1.win32_1.0.200.202406191623/tools/bin/../lib/gcc/arm-none-eabi/12.3.1/thumb/v7-m/nofp\libgcc.a
LOAD C:/ST/STM32CubeIDE_1.16.0/STM32CubeIDE/plugins/com.st.stm32cube.ide.mcu.externaltools.gnu-tools-for-stm32.12.3.rel1.win32_1.0.200.202406191623/tools/bin/../lib/gcc/arm-none-eabi/12.3.1/../../../../arm-none-eabi/lib/thumb/v7-m/nofp\libc_nano.a
LOAD C:/ST/STM32CubeIDE_1.16.0/STM32CubeIDE/plugins/com.st.stm32cube.ide.mcu.externaltools.gnu-tools-for-stm32.12.3.rel1.win32_1.0.200.202406191623/tools/bin/../lib/gcc/arm-none-eabi/12.3.1/../../../../arm-none-eabi/lib/thumb/v7-m/nofp\libnosys.a
END GROUP
LOAD C:/ST/STM32CubeIDE_1.16.0/STM32CubeIDE/plugins/com.st.stm32cube.ide.mcu.externaltools.gnu-tools-for-stm32.12.3.rel1.win32_1.0.200.202406191623/tools/bin/../lib/gcc/arm-none-eabi/12.3.1/thumb/v7-m/nofp/crtend.o
LOAD C:/ST/STM32CubeIDE_1.16.0/STM32CubeIDE/plugins/com.st.stm32cube.ide.mcu.externaltools.gnu-tools-for-stm32.12.3.rel1.win32_1.0.200.202406191623/tools/bin/../lib/gcc/arm-none-eabi/12.3.1/thumb/v7-m/nofp/crtn.o
                0x20005000                        _estack = (ORIGIN (RAM) + LENGTH (RAM))
                0x00000200                        _Min_Heap_Size = 0x200
                0x00000400                        _Min_Stack_Size = 0x400

.isr_vector     0x08000000      0x10c
                0x08000000                        . = ALIGN (0x4)
 *(.isr_vector)
 .isr_vector    0x08000000      0x10c ./Core/Startup/startup_stm32f103c8tx.o
                0x08000000                g_pfnVectors
                0x0800010c                        . = ALIGN (0x4)

.text           0x0800010c     0xb214
                0x0800010c                        . = ALIGN (0x4)
 *(.text)
 .text          0x0800010c       0x40 C:/ST/STM32CubeIDE_1.16.0/STM32CubeIDE/plugins/com.st.stm32cube.ide.mcu.externaltools.gnu-tools-for-stm32.12.3.rel1.win32_1.0.200.202406191623/tools/bin/../lib/gcc/arm-none-eabi/12.3.1/thumb/v7-m/nofp/crtbegin.o
 .text          0x0800014c      0x21c C:/ST/STM32CubeIDE_1.16.0/STM32CubeIDE/plugins/com.st.stm32cube.ide.mcu.externaltools.gnu-tools-for-stm32.12.3.rel1.win32_1.0.200.202406191623/tools/bin/../lib/gcc/arm-none-eabi/12.3.1/thumb/v7-m/nofp\libgcc.a(_arm_addsubsf3.o)
                0x0800014c                __aeabi_frsub
                0x08000154                __subsf3
                0x08000154                __aeabi_fsub
                0x08000158                __aeabi_fadd
                0x08000158                __addsf3
                0x080002b8                __aeabi_ui2f
                0x080002b8                __floatunsisf
                0x080002c0                __aeabi_i2f
                0x080002c0                __floatsisf
                0x080002dc                __aeabi_ul2f
                0x080002dc                __floatundisf
                0x080002ec                __aeabi_l2f
                0x080002ec                __floatdisf
 .text          0x08000368      0x2a0 C:/ST/STM32CubeIDE_1.16.0/STM32CubeIDE/plugins/com.st.stm32cube.ide.mcu.externaltools.gnu-tools-for-stm32.12.3.rel1.win32_1.0.200.202406191623/tools/bin/../lib/gcc/arm-none-eabi/12.3.1/thumb/v7-m/nofp\libgcc.a(_arm_muldivsf3.o)
                0x08000368                __mulsf3
                0x08000368                __aeabi_fmul
                0x080004d0                __aeabi_fdiv
                0x080004d0                __divsf3
 *(.text*)
 .text.MX_ADC1_Init
                0x08000608       0x7c ./Core/Src/adc.o
                0x08000608                MX_ADC1_Init
 .text.HAL_ADC_MspInit
                0x08000684       0x78 ./Core/Src/adc.o
                0x08000684                HAL_ADC_MspInit
 .text.AGV_Stop
                0x080006fc       0x4c ./Core/Src/agv_motor.o
                0x080006fc                AGV_Stop
 .text.AGV_Forward
                0x08000748       0x58 ./Core/Src/agv_motor.o
                0x08000748                AGV_Forward
 .text.AGV_Backward
                0x080007a0       0x58 ./Core/Src/agv_motor.o
                0x080007a0                AGV_Backward
 .text.AGV_TurnLeft
                0x080007f8       0x58 ./Core/Src/agv_motor.o
                0x080007f8                AGV_TurnLeft
 .text.AGV_TurnRight
                0x08000850       0x58 ./Core/Src/agv_motor.o
                0x08000850                AGV_TurnRight
 .text.StepMotor_Drive
                0x080008a8       0xd4 ./Core/Src/agv_motor.o
                0x080008a8                StepMotor_Drive
 .text.RGB_Sensor_Init
                0x0800097c       0x34 ./Core/Src/agv_sensor.o
                0x0800097c                RGB_Sensor_Init
 .text.RGB_Sensor_Read
                0x080009b0      0x138 ./Core/Src/agv_sensor.o
                0x080009b0                RGB_Sensor_Read
 .text.AS5600_Read_Angle
                0x08000ae8       0x84 ./Core/Src/agv_sensor.o
                0x08000ae8                AS5600_Read_Angle
 .text.Send_Telemetry_Binary
                0x08000b6c       0x58 ./Core/Src/agv_telemetry.o
                0x08000b6c                Send_Telemetry_Binary
 .text.MX_GPIO_Init
                0x08000bc4      0x10c ./Core/Src/gpio.o
                0x08000bc4                MX_GPIO_Init
 .text.MX_I2C1_Init
                0x08000cd0       0x5c ./Core/Src/i2c.o
                0x08000cd0                MX_I2C1_Init
 .text.MX_I2C2_Init
                0x08000d2c       0x5c ./Core/Src/i2c.o
                0x08000d2c                MX_I2C2_Init
 .text.HAL_I2C_MspInit
                0x08000d88       0xd8 ./Core/Src/i2c.o
                0x08000d88                HAL_I2C_MspInit
 .text.main     0x08000e60      0x2d4 ./Core/Src/main.o
                0x08000e60                main
 .text.SystemClock_Config
                0x08001134       0xba ./Core/Src/main.o
                0x08001134                SystemClock_Config
 .text.Error_Handler
                0x080011ee        0xc ./Core/Src/main.o
                0x080011ee                Error_Handler
 *fill*         0x080011fa        0x2 
 .text.HAL_MspInit
                0x080011fc       0x64 ./Core/Src/stm32f1xx_hal_msp.o
                0x080011fc                HAL_MspInit
 .text.NMI_Handler
                0x08001260        0x8 ./Core/Src/stm32f1xx_it.o
                0x08001260                NMI_Handler
 .text.HardFault_Handler
                0x08001268        0x8 ./Core/Src/stm32f1xx_it.o
                0x08001268                HardFault_Handler
 .text.MemManage_Handler
                0x08001270        0x8 ./Core/Src/stm32f1xx_it.o
                0x08001270                MemManage_Handler
 .text.BusFault_Handler
                0x08001278        0x8 ./Core/Src/stm32f1xx_it.o
                0x08001278                BusFault_Handler
 .text.UsageFault_Handler
                0x08001280        0x8 ./Core/Src/stm32f1xx_it.o
                0x08001280                UsageFault_Handler
 .text.SVC_Handler
                0x08001288        0xc ./Core/Src/stm32f1xx_it.o
                0x08001288                SVC_Handler
 .text.DebugMon_Handler
                0x08001294        0xc ./Core/Src/stm32f1xx_it.o
                0x08001294                DebugMon_Handler
 .text.PendSV_Handler
                0x080012a0        0xc ./Core/Src/stm32f1xx_it.o
                0x080012a0                PendSV_Handler
 .text.SysTick_Handler
                0x080012ac        0xc ./Core/Src/stm32f1xx_it.o
                0x080012ac                SysTick_Handler
 .text.USB_LP_CAN1_RX0_IRQHandler
                0x080012b8       0x14 ./Core/Src/stm32f1xx_it.o
                0x080012b8                USB_LP_CAN1_RX0_IRQHandler
 .text.SystemInit
                0x080012cc        0xc ./Core/Src/system_stm32f1xx.o
                0x080012cc                SystemInit
 .text.MX_TIM2_Init
                0x080012d8      0x100 ./Core/Src/tim.o
                0x080012d8                MX_TIM2_Init
 .text.HAL_TIM_Base_MspInit
                0x080013d8       0x38 ./Core/Src/tim.o
                0x080013d8                HAL_TIM_Base_MspInit
 .text.HAL_TIM_MspPostInit
                0x08001410       0x60 ./Core/Src/tim.o
                0x08001410                HAL_TIM_MspPostInit
 .text.MX_USART1_UART_Init
                0x08001470       0x54 ./Core/Src/usart.o
                0x08001470                MX_USART1_UART_Init
 .text.HAL_UART_MspInit
                0x080014c4       0x98 ./Core/Src/usart.o
                0x080014c4                HAL_UART_MspInit
 .text.Reset_Handler
                0x0800155c       0x48 ./Core/Startup/startup_stm32f103c8tx.o
                0x0800155c                Reset_Handler
 .text.Default_Handler
                0x080015a4        0x2 ./Core/Startup/startup_stm32f103c8tx.o
                0x080015a4                RTC_Alarm_IRQHandler
                0x080015a4                EXTI2_IRQHandler
                0x080015a4                TIM1_CC_IRQHandler
                0x080015a4                PVD_IRQHandler
                0x080015a4                EXTI3_IRQHandler
                0x080015a4                EXTI0_IRQHandler
                0x080015a4                I2C2_EV_IRQHandler
                0x080015a4                ADC1_2_IRQHandler
                0x080015a4                SPI1_IRQHandler
                0x080015a4                TAMPER_IRQHandler
                0x080015a4                DMA1_Channel4_IRQHandler
                0x080015a4                USART3_IRQHandler
                0x080015a4                RTC_IRQHandler
                0x080015a4                DMA1_Channel7_IRQHandler
                0x080015a4                CAN1_RX1_IRQHandler
                0x080015a4                TIM4_IRQHandler
                0x080015a4                I2C1_EV_IRQHandler
                0x080015a4                DMA1_Channel6_IRQHandler
                0x080015a4                TIM3_IRQHandler
                0x080015a4                RCC_IRQHandler
                0x080015a4                TIM1_TRG_COM_IRQHandler
                0x080015a4                DMA1_Channel1_IRQHandler
                0x080015a4                Default_Handler
                0x080015a4                EXTI15_10_IRQHandler
                0x080015a4                EXTI9_5_IRQHandler
                0x080015a4                SPI2_IRQHandler
                0x080015a4                DMA1_Channel5_IRQHandler
                0x080015a4                EXTI4_IRQHandler
                0x080015a4                USB_HP_CAN1_TX_IRQHandler
                0x080015a4                DMA1_Channel3_IRQHandler
                0x080015a4                TIM1_UP_IRQHandler
                0x080015a4                WWDG_IRQHandler
                0x080015a4                TIM2_IRQHandler
                0x080015a4                TIM1_BRK_IRQHandler
                0x080015a4                EXTI1_IRQHandler
                0x080015a4                USART2_IRQHandler
                0x080015a4                I2C2_ER_IRQHandler
                0x080015a4                DMA1_Channel2_IRQHandler
                0x080015a4                CAN1_SCE_IRQHandler
                0x080015a4                FLASH_IRQHandler
                0x080015a4                USART1_IRQHandler
                0x080015a4                I2C1_ER_IRQHandler
                0x080015a4                USBWakeUp_IRQHandler
 *fill*         0x080015a6        0x2 
 .text.HAL_Init
                0x080015a8       0x2c ./Drivers/STM32F1xx_HAL_Driver/Src/stm32f1xx_hal.o
                0x080015a8                HAL_Init
 .text.HAL_InitTick
                0x080015d4       0x60 ./Drivers/STM32F1xx_HAL_Driver/Src/stm32f1xx_hal.o
                0x080015d4                HAL_InitTick
 .text.HAL_IncTick
                0x08001634       0x24 ./Drivers/STM32F1xx_HAL_Driver/Src/stm32f1xx_hal.o
                0x08001634                HAL_IncTick
 .text.HAL_GetTick
                0x08001658       0x14 ./Drivers/STM32F1xx_HAL_Driver/Src/stm32f1xx_hal.o
                0x08001658                HAL_GetTick
 .text.HAL_Delay
                0x0800166c       0x48 ./Drivers/STM32F1xx_HAL_Driver/Src/stm32f1xx_hal.o
                0x0800166c                HAL_Delay
 .text.HAL_ADC_Init
                0x080016b4      0x1b0 ./Drivers/STM32F1xx_HAL_Driver/Src/stm32f1xx_hal_adc.o
                0x080016b4                HAL_ADC_Init
 .text.HAL_ADC_Start
                0x08001864      0x15c ./Drivers/STM32F1xx_HAL_Driver/Src/stm32f1xx_hal_adc.o
                0x08001864                HAL_ADC_Start
 .text.HAL_ADC_Stop
                0x080019c0       0x58 ./Drivers/STM32F1xx_HAL_Driver/Src/stm32f1xx_hal_adc.o
                0x080019c0                HAL_ADC_Stop
 .text.HAL_ADC_PollForConversion
                0x08001a18      0x20c ./Drivers/STM32F1xx_HAL_Driver/Src/stm32f1xx_hal_adc.o
                0x08001a18                HAL_ADC_PollForConversion
 .text.HAL_ADC_GetValue
                0x08001c24       0x18 ./Drivers/STM32F1xx_HAL_Driver/Src/stm32f1xx_hal_adc.o
                0x08001c24                HAL_ADC_GetValue
 .text.HAL_ADC_ConfigChannel
                0x08001c3c      0x1f0 ./Drivers/STM32F1xx_HAL_Driver/Src/stm32f1xx_hal_adc.o
                0x08001c3c                HAL_ADC_ConfigChannel
 .text.ADC_Enable
                0x08001e2c       0xb4 ./Drivers/STM32F1xx_HAL_Driver/Src/stm32f1xx_hal_adc.o
                0x08001e2c                ADC_Enable
 .text.ADC_ConversionStop_Disable
                0x08001ee0       0x82 ./Drivers/STM32F1xx_HAL_Driver/Src/stm32f1xx_hal_adc.o
                0x08001ee0                ADC_ConversionStop_Disable
 *fill*         0x08001f62        0x2 
 .text.__NVIC_SetPriorityGrouping
                0x08001f64       0x48 ./Drivers/STM32F1xx_HAL_Driver/Src/stm32f1xx_hal_cortex.o
 .text.__NVIC_GetPriorityGrouping
                0x08001fac       0x1c ./Drivers/STM32F1xx_HAL_Driver/Src/stm32f1xx_hal_cortex.o
 .text.__NVIC_EnableIRQ
                0x08001fc8       0x38 ./Drivers/STM32F1xx_HAL_Driver/Src/stm32f1xx_hal_cortex.o
 .text.__NVIC_SetPriority
                0x08002000       0x54 ./Drivers/STM32F1xx_HAL_Driver/Src/stm32f1xx_hal_cortex.o
 .text.NVIC_EncodePriority
                0x08002054       0x64 ./Drivers/STM32F1xx_HAL_Driver/Src/stm32f1xx_hal_cortex.o
 .text.SysTick_Config
                0x080020b8       0x44 ./Drivers/STM32F1xx_HAL_Driver/Src/stm32f1xx_hal_cortex.o
 .text.HAL_NVIC_SetPriorityGrouping
                0x080020fc       0x16 ./Drivers/STM32F1xx_HAL_Driver/Src/stm32f1xx_hal_cortex.o
                0x080020fc                HAL_NVIC_SetPriorityGrouping
 .text.HAL_NVIC_SetPriority
                0x08002112       0x38 ./Drivers/STM32F1xx_HAL_Driver/Src/stm32f1xx_hal_cortex.o
                0x08002112                HAL_NVIC_SetPriority
 .text.HAL_NVIC_EnableIRQ
                0x0800214a       0x1c ./Drivers/STM32F1xx_HAL_Driver/Src/stm32f1xx_hal_cortex.o
                0x0800214a                HAL_NVIC_EnableIRQ
 .text.HAL_SYSTICK_Config
                0x08002166       0x18 ./Drivers/STM32F1xx_HAL_Driver/Src/stm32f1xx_hal_cortex.o
                0x08002166                HAL_SYSTICK_Config
 *fill*         0x0800217e        0x2 
 .text.HAL_GPIO_Init
                0x08002180      0x308 ./Drivers/STM32F1xx_HAL_Driver/Src/stm32f1xx_hal_gpio.o
                0x08002180                HAL_GPIO_Init
 .text.HAL_GPIO_ReadPin
                0x08002488       0x2e ./Drivers/STM32F1xx_HAL_Driver/Src/stm32f1xx_hal_gpio.o
                0x08002488                HAL_GPIO_ReadPin
 .text.HAL_GPIO_WritePin
                0x080024b6       0x30 ./Drivers/STM32F1xx_HAL_Driver/Src/stm32f1xx_hal_gpio.o
                0x080024b6                HAL_GPIO_WritePin
 .text.HAL_GPIO_TogglePin
                0x080024e6       0x32 ./Drivers/STM32F1xx_HAL_Driver/Src/stm32f1xx_hal_gpio.o
                0x080024e6                HAL_GPIO_TogglePin
 .text.HAL_I2C_Init
                0x08002518      0x288 ./Drivers/STM32F1xx_HAL_Driver/Src/stm32f1xx_hal_i2c.o
                0x08002518                HAL_I2C_Init
 .text.HAL_I2C_Mem_Write
                0x080027a0      0x1f4 ./Drivers/STM32F1xx_HAL_Driver/Src/stm32f1xx_hal_i2c.o
                0x080027a0                HAL_I2C_Mem_Write
 .text.HAL_I2C_Mem_Read
                0x08002994      0x4e8 ./Drivers/STM32F1xx_HAL_Driver/Src/stm32f1xx_hal_i2c.o
                0x08002994                HAL_I2C_Mem_Read
 .text.HAL_I2C_IsDeviceReady
                0x08002e7c      0x25c ./Drivers/STM32F1xx_HAL_Driver/Src/stm32f1xx_hal_i2c.o
                0x08002e7c                HAL_I2C_IsDeviceReady
 .text.I2C_RequestMemoryWrite
                0x080030d8      0x12c ./Drivers/STM32F1xx_HAL_Driver/Src/stm32f1xx_hal_i2c.o
 .text.I2C_RequestMemoryRead
                0x08003204      0x1d0 ./Drivers/STM32F1xx_HAL_Driver/Src/stm32f1xx_hal_i2c.o
 .text.I2C_WaitOnFlagUntilTimeout
                0x080033d4       0xf4 ./Drivers/STM32F1xx_HAL_Driver/Src/stm32f1xx_hal_i2c.o
 .text.I2C_WaitOnMasterAddressFlagUntilTimeout
                0x080034c8      0x140 ./Drivers/STM32F1xx_HAL_Driver/Src/stm32f1xx_hal_i2c.o
 .text.I2C_WaitOnTXEFlagUntilTimeout
                0x08003608       0x90 ./Drivers/STM32F1xx_HAL_Driver/Src/stm32f1xx_hal_i2c.o
 .text.I2C_WaitOnBTFFlagUntilTimeout
                0x08003698       0x90 ./Drivers/STM32F1xx_HAL_Driver/Src/stm32f1xx_hal_i2c.o
 .text.I2C_WaitOnRXNEFlagUntilTimeout
                0x08003728       0xba ./Drivers/STM32F1xx_HAL_Driver/Src/stm32f1xx_hal_i2c.o
 .text.I2C_IsAcknowledgeFailed
                0x080037e2       0x5c ./Drivers/STM32F1xx_HAL_Driver/Src/stm32f1xx_hal_i2c.o
 .text.HAL_PCD_Init
                0x0800383e      0x1ec ./Drivers/STM32F1xx_HAL_Driver/Src/stm32f1xx_hal_pcd.o
                0x0800383e                HAL_PCD_Init
 .text.HAL_PCD_Start
                0x08003a2a       0x4c ./Drivers/STM32F1xx_HAL_Driver/Src/stm32f1xx_hal_pcd.o
                0x08003a2a                HAL_PCD_Start
 .text.HAL_PCD_IRQHandler
                0x08003a76      0x260 ./Drivers/STM32F1xx_HAL_Driver/Src/stm32f1xx_hal_pcd.o
                0x08003a76                HAL_PCD_IRQHandler
 .text.HAL_PCD_SetAddress
                0x08003cd6       0x48 ./Drivers/STM32F1xx_HAL_Driver/Src/stm32f1xx_hal_pcd.o
                0x08003cd6                HAL_PCD_SetAddress
 .text.HAL_PCD_EP_Open
                0x08003d1e       0xba ./Drivers/STM32F1xx_HAL_Driver/Src/stm32f1xx_hal_pcd.o
                0x08003d1e                HAL_PCD_EP_Open
 .text.HAL_PCD_EP_Close
                0x08003dd8       0x90 ./Drivers/STM32F1xx_HAL_Driver/Src/stm32f1xx_hal_pcd.o
                0x08003dd8                HAL_PCD_EP_Close
 .text.HAL_PCD_EP_Receive
                0x08003e68       0x62 ./Drivers/STM32F1xx_HAL_Driver/Src/stm32f1xx_hal_pcd.o
                0x08003e68                HAL_PCD_EP_Receive
 .text.HAL_PCD_EP_GetRxCount
                0x08003eca       0x2e ./Drivers/STM32F1xx_HAL_Driver/Src/stm32f1xx_hal_pcd.o
                0x08003eca                HAL_PCD_EP_GetRxCount
 .text.HAL_PCD_EP_Transmit
                0x08003ef8       0x6e ./Drivers/STM32F1xx_HAL_Driver/Src/stm32f1xx_hal_pcd.o
                0x08003ef8                HAL_PCD_EP_Transmit
 .text.HAL_PCD_EP_SetStall
                0x08003f66       0xc0 ./Drivers/STM32F1xx_HAL_Driver/Src/stm32f1xx_hal_pcd.o
                0x08003f66                HAL_PCD_EP_SetStall
 .text.HAL_PCD_EP_ClrStall
                0x08004026       0xa8 ./Drivers/STM32F1xx_HAL_Driver/Src/stm32f1xx_hal_pcd.o
                0x08004026                HAL_PCD_EP_ClrStall
 .text.PCD_EP_ISR_Handler
                0x080040ce      0x79e ./Drivers/STM32F1xx_HAL_Driver/Src/stm32f1xx_hal_pcd.o
 .text.HAL_PCD_EP_DB_Receive
                0x0800486c      0x21a ./Drivers/STM32F1xx_HAL_Driver/Src/stm32f1xx_hal_pcd.o
 .text.HAL_PCD_EP_DB_Transmit
                0x08004a86      0x7f4 ./Drivers/STM32F1xx_HAL_Driver/Src/stm32f1xx_hal_pcd.o
 .text.HAL_PCDEx_PMAConfig
                0x0800527a       0x84 ./Drivers/STM32F1xx_HAL_Driver/Src/stm32f1xx_hal_pcd_ex.o
                0x0800527a                HAL_PCDEx_PMAConfig
 *fill*         0x080052fe        0x2 
 .text.HAL_RCC_OscConfig
                0x08005300      0x504 ./Drivers/STM32F1xx_HAL_Driver/Src/stm32f1xx_hal_rcc.o
                0x08005300                HAL_RCC_OscConfig
 .text.HAL_RCC_ClockConfig
                0x08005804      0x1d4 ./Drivers/STM32F1xx_HAL_Driver/Src/stm32f1xx_hal_rcc.o
                0x08005804                HAL_RCC_ClockConfig
 .text.HAL_RCC_GetSysClockFreq
                0x080059d8       0xa8 ./Drivers/STM32F1xx_HAL_Driver/Src/stm32f1xx_hal_rcc.o
                0x080059d8                HAL_RCC_GetSysClockFreq
 .text.HAL_RCC_GetHCLKFreq
                0x08005a80       0x14 ./Drivers/STM32F1xx_HAL_Driver/Src/stm32f1xx_hal_rcc.o
                0x08005a80                HAL_RCC_GetHCLKFreq
 .text.HAL_RCC_GetPCLK1Freq
                0x08005a94       0x28 ./Drivers/STM32F1xx_HAL_Driver/Src/stm32f1xx_hal_rcc.o
                0x08005a94                HAL_RCC_GetPCLK1Freq
 .text.HAL_RCC_GetPCLK2Freq
                0x08005abc       0x28 ./Drivers/STM32F1xx_HAL_Driver/Src/stm32f1xx_hal_rcc.o
                0x08005abc                HAL_RCC_GetPCLK2Freq
 .text.RCC_Delay
                0x08005ae4       0x3c ./Drivers/STM32F1xx_HAL_Driver/Src/stm32f1xx_hal_rcc.o
 .text.HAL_RCCEx_PeriphCLKConfig
                0x08005b20      0x16c ./Drivers/STM32F1xx_HAL_Driver/Src/stm32f1xx_hal_rcc_ex.o
                0x08005b20                HAL_RCCEx_PeriphCLKConfig
 .text.HAL_RCCEx_GetPeriphCLKFreq
                0x08005c8c      0x16c ./Drivers/STM32F1xx_HAL_Driver/Src/stm32f1xx_hal_rcc_ex.o
                0x08005c8c                HAL_RCCEx_GetPeriphCLKFreq
 .text.HAL_TIM_Base_Init
                0x08005df8       0x9e ./Drivers/STM32F1xx_HAL_Driver/Src/stm32f1xx_hal_tim.o
                0x08005df8                HAL_TIM_Base_Init
 .text.HAL_TIM_PWM_Init
                0x08005e96       0x9e ./Drivers/STM32F1xx_HAL_Driver/Src/stm32f1xx_hal_tim.o
                0x08005e96                HAL_TIM_PWM_Init
 .text.HAL_TIM_PWM_MspInit
                0x08005f34       0x12 ./Drivers/STM32F1xx_HAL_Driver/Src/stm32f1xx_hal_tim.o
                0x08005f34                HAL_TIM_PWM_MspInit
 *fill*         0x08005f46        0x2 
 .text.HAL_TIM_PWM_Start
                0x08005f48      0x144 ./Drivers/STM32F1xx_HAL_Driver/Src/stm32f1xx_hal_tim.o
                0x08005f48                HAL_TIM_PWM_Start
 .text.HAL_TIM_PWM_ConfigChannel
                0x0800608c      0x184 ./Drivers/STM32F1xx_HAL_Driver/Src/stm32f1xx_hal_tim.o
                0x0800608c                HAL_TIM_PWM_ConfigChannel
 .text.HAL_TIM_ConfigClockSource
                0x08006210      0x18e ./Drivers/STM32F1xx_HAL_Driver/Src/stm32f1xx_hal_tim.o
                0x08006210                HAL_TIM_ConfigClockSource
 *fill*         0x0800639e        0x2 
 .text.TIM_Base_SetConfig
                0x080063a0       0xdc ./Drivers/STM32F1xx_HAL_Driver/Src/stm32f1xx_hal_tim.o
                0x080063a0                TIM_Base_SetConfig
 .text.TIM_OC1_SetConfig
                0x0800647c       0xcc ./Drivers/STM32F1xx_HAL_Driver/Src/stm32f1xx_hal_tim.o
 .text.TIM_OC2_SetConfig
                0x08006548       0xd4 ./Drivers/STM32F1xx_HAL_Driver/Src/stm32f1xx_hal_tim.o
                0x08006548                TIM_OC2_SetConfig
 .text.TIM_OC3_SetConfig
                0x0800661c       0xd4 ./Drivers/STM32F1xx_HAL_Driver/Src/stm32f1xx_hal_tim.o
 .text.TIM_OC4_SetConfig
                0x080066f0       0x9c ./Drivers/STM32F1xx_HAL_Driver/Src/stm32f1xx_hal_tim.o
 .text.TIM_TI1_ConfigInputStage
                0x0800678c       0x5c ./Drivers/STM32F1xx_HAL_Driver/Src/stm32f1xx_hal_tim.o
 .text.TIM_TI2_ConfigInputStage
                0x080067e8       0x5e ./Drivers/STM32F1xx_HAL_Driver/Src/stm32f1xx_hal_tim.o
 .text.TIM_ITRx_SetConfig
                0x08006846       0x34 ./Drivers/STM32F1xx_HAL_Driver/Src/stm32f1xx_hal_tim.o
 .text.TIM_ETR_SetConfig
                0x0800687a       0x3e ./Drivers/STM32F1xx_HAL_Driver/Src/stm32f1xx_hal_tim.o
                0x0800687a                TIM_ETR_SetConfig
 .text.TIM_CCxChannelCmd
                0x080068b8       0x48 ./Drivers/STM32F1xx_HAL_Driver/Src/stm32f1xx_hal_tim.o
                0x080068b8                TIM_CCxChannelCmd
 .text.HAL_TIMEx_MasterConfigSynchronization
                0x08006900       0xbc ./Drivers/STM32F1xx_HAL_Driver/Src/stm32f1xx_hal_tim_ex.o
                0x08006900                HAL_TIMEx_MasterConfigSynchronization
 .text.HAL_UART_Init
                0x080069bc       0xa0 ./Drivers/STM32F1xx_HAL_Driver/Src/stm32f1xx_hal_uart.o
                0x080069bc                HAL_UART_Init
 .text.UART_SetConfig
                0x08006a5c      0x11c ./Drivers/STM32F1xx_HAL_Driver/Src/stm32f1xx_hal_uart.o
 .text.USB_CoreInit
                0x08006b78       0x1a ./Drivers/STM32F1xx_HAL_Driver/Src/stm32f1xx_ll_usb.o
                0x08006b78                USB_CoreInit
 .text.USB_EnableGlobalInt
                0x08006b92       0x2c ./Drivers/STM32F1xx_HAL_Driver/Src/stm32f1xx_ll_usb.o
                0x08006b92                USB_EnableGlobalInt
 .text.USB_DisableGlobalInt
                0x08006bbe       0x34 ./Drivers/STM32F1xx_HAL_Driver/Src/stm32f1xx_ll_usb.o
                0x08006bbe                USB_DisableGlobalInt
 .text.USB_SetCurrentMode
                0x08006bf2       0x18 ./Drivers/STM32F1xx_HAL_Driver/Src/stm32f1xx_ll_usb.o
                0x08006bf2                USB_SetCurrentMode
 .text.USB_DevInit
                0x08006c0a       0x3a ./Drivers/STM32F1xx_HAL_Driver/Src/stm32f1xx_ll_usb.o
                0x08006c0a                USB_DevInit
 .text.USB_ActivateEndpoint
                0x08006c44      0x780 ./Drivers/STM32F1xx_HAL_Driver/Src/stm32f1xx_ll_usb.o
                0x08006c44                USB_ActivateEndpoint
 .text.USB_DeactivateEndpoint
                0x080073c4      0x3d8 ./Drivers/STM32F1xx_HAL_Driver/Src/stm32f1xx_ll_usb.o
                0x080073c4                USB_DeactivateEndpoint
 .text.USB_EPStartXfer
                0x0800779c     0x1762 ./Drivers/STM32F1xx_HAL_Driver/Src/stm32f1xx_ll_usb.o
                0x0800779c                USB_EPStartXfer
 .text.USB_EPSetStall
                0x08008efe       0xa0 ./Drivers/STM32F1xx_HAL_Driver/Src/stm32f1xx_ll_usb.o
                0x08008efe                USB_EPSetStall
 .text.USB_EPClearStall
                0x08008f9e      0x15a ./Drivers/STM32F1xx_HAL_Driver/Src/stm32f1xx_ll_usb.o
                0x08008f9e                USB_EPClearStall
 .text.USB_SetDevAddress
                0x080090f8       0x26 ./Drivers/STM32F1xx_HAL_Driver/Src/stm32f1xx_ll_usb.o
                0x080090f8                USB_SetDevAddress
 .text.USB_DevConnect
                0x0800911e       0x14 ./Drivers/STM32F1xx_HAL_Driver/Src/stm32f1xx_ll_usb.o
                0x0800911e                USB_DevConnect
 .text.USB_DevDisconnect
                0x08009132       0x14 ./Drivers/STM32F1xx_HAL_Driver/Src/stm32f1xx_ll_usb.o
                0x08009132                USB_DevDisconnect
 .text.USB_ReadInterrupts
                0x08009146       0x1e ./Drivers/STM32F1xx_HAL_Driver/Src/stm32f1xx_ll_usb.o
                0x08009146                USB_ReadInterrupts
 .text.USB_EP0_OutStart
                0x08009164       0x16 ./Drivers/STM32F1xx_HAL_Driver/Src/stm32f1xx_ll_usb.o
                0x08009164                USB_EP0_OutStart
 .text.USB_WritePMA
                0x0800917a       0x8a ./Drivers/STM32F1xx_HAL_Driver/Src/stm32f1xx_ll_usb.o
                0x0800917a                USB_WritePMA
 .text.USB_ReadPMA
                0x08009204       0x9e ./Drivers/STM32F1xx_HAL_Driver/Src/stm32f1xx_ll_usb.o
                0x08009204                USB_ReadPMA
 .text.USBD_CDC_Init
                0x080092a2       0xf4 ./Middlewares/ST/STM32_USB_Device_Library/Class/CDC/Src/usbd_cdc.o
 .text.USBD_CDC_DeInit
                0x08009396       0x6e ./Middlewares/ST/STM32_USB_Device_Library/Class/CDC/Src/usbd_cdc.o
 .text.USBD_CDC_Setup
                0x08009404      0x146 ./Middlewares/ST/STM32_USB_Device_Library/Class/CDC/Src/usbd_cdc.o
 .text.USBD_CDC_DataIn
                0x0800954a       0xa6 ./Middlewares/ST/STM32_USB_Device_Library/Class/CDC/Src/usbd_cdc.o
 .text.USBD_CDC_DataOut
                0x080095f0       0x56 ./Middlewares/ST/STM32_USB_Device_Library/Class/CDC/Src/usbd_cdc.o
 .text.USBD_CDC_EP0_RxReady
                0x08009646       0x4e ./Middlewares/ST/STM32_USB_Device_Library/Class/CDC/Src/usbd_cdc.o
 .text.USBD_CDC_GetFSCfgDesc
                0x08009694       0x20 ./Middlewares/ST/STM32_USB_Device_Library/Class/CDC/Src/usbd_cdc.o
 .text.USBD_CDC_GetHSCfgDesc
                0x080096b4       0x20 ./Middlewares/ST/STM32_USB_Device_Library/Class/CDC/Src/usbd_cdc.o
 .text.USBD_CDC_GetOtherSpeedCfgDesc
                0x080096d4       0x20 ./Middlewares/ST/STM32_USB_Device_Library/Class/CDC/Src/usbd_cdc.o
 .text.USBD_CDC_GetDeviceQualifierDescriptor
                0x080096f4       0x20 ./Middlewares/ST/STM32_USB_Device_Library/Class/CDC/Src/usbd_cdc.o
                0x080096f4                USBD_CDC_GetDeviceQualifierDescriptor
 .text.USBD_CDC_RegisterInterface
                0x08009714       0x2c ./Middlewares/ST/STM32_USB_Device_Library/Class/CDC/Src/usbd_cdc.o
                0x08009714                USBD_CDC_RegisterInterface
 .text.USBD_CDC_SetTxBuffer
                0x08009740       0x32 ./Middlewares/ST/STM32_USB_Device_Library/Class/CDC/Src/usbd_cdc.o
                0x08009740                USBD_CDC_SetTxBuffer
 .text.USBD_CDC_SetRxBuffer
                0x08009772       0x26 ./Middlewares/ST/STM32_USB_Device_Library/Class/CDC/Src/usbd_cdc.o
                0x08009772                USBD_CDC_SetRxBuffer
 .text.USBD_CDC_TransmitPacket
                0x08009798       0x5e ./Middlewares/ST/STM32_USB_Device_Library/Class/CDC/Src/usbd_cdc.o
                0x08009798                USBD_CDC_TransmitPacket
 .text.USBD_CDC_ReceivePacket
                0x080097f6       0x54 ./Middlewares/ST/STM32_USB_Device_Library/Class/CDC/Src/usbd_cdc.o
                0x080097f6                USBD_CDC_ReceivePacket
 .text.USBD_Init
                0x0800984a       0x56 ./Middlewares/ST/STM32_USB_Device_Library/Core/Src/usbd_core.o
                0x0800984a                USBD_Init
 .text.USBD_RegisterClass
                0x080098a0       0x32 ./Middlewares/ST/STM32_USB_Device_Library/Core/Src/usbd_core.o
                0x080098a0                USBD_RegisterClass
 .text.USBD_Start
                0x080098d2       0x18 ./Middlewares/ST/STM32_USB_Device_Library/Core/Src/usbd_core.o
                0x080098d2                USBD_Start
 .text.USBD_RunTestMode
                0x080098ea       0x14 ./Middlewares/ST/STM32_USB_Device_Library/Core/Src/usbd_core.o
                0x080098ea                USBD_RunTestMode
 .text.USBD_SetClassConfig
                0x080098fe       0x3e ./Middlewares/ST/STM32_USB_Device_Library/Core/Src/usbd_core.o
                0x080098fe                USBD_SetClassConfig
 .text.USBD_ClrClassConfig
                0x0800993c       0x26 ./Middlewares/ST/STM32_USB_Device_Library/Core/Src/usbd_core.o
                0x0800993c                USBD_ClrClassConfig
 .text.USBD_LL_SetupStage
                0x08009962       0x9a ./Middlewares/ST/STM32_USB_Device_Library/Core/Src/usbd_core.o
                0x08009962                USBD_LL_SetupStage
 .text.USBD_LL_DataOutStage
                0x080099fc       0xe2 ./Middlewares/ST/STM32_USB_Device_Library/Core/Src/usbd_core.o
                0x080099fc                USBD_LL_DataOutStage
 .text.USBD_LL_DataInStage
                0x08009ade      0x14a ./Middlewares/ST/STM32_USB_Device_Library/Core/Src/usbd_core.o
                0x08009ade                USBD_LL_DataInStage
 .text.USBD_LL_Reset
                0x08009c28       0x82 ./Middlewares/ST/STM32_USB_Device_Library/Core/Src/usbd_core.o
                0x08009c28                USBD_LL_Reset
 .text.USBD_LL_SetSpeed
                0x08009caa       0x1e ./Middlewares/ST/STM32_USB_Device_Library/Core/Src/usbd_core.o
                0x08009caa                USBD_LL_SetSpeed
 .text.USBD_LL_Suspend
                0x08009cc8       0x28 ./Middlewares/ST/STM32_USB_Device_Library/Core/Src/usbd_core.o
                0x08009cc8                USBD_LL_Suspend
 .text.USBD_LL_Resume
                0x08009cf0       0x2a ./Middlewares/ST/STM32_USB_Device_Library/Core/Src/usbd_core.o
                0x08009cf0                USBD_LL_Resume
 .text.USBD_LL_SOF
                0x08009d1a       0x34 ./Middlewares/ST/STM32_USB_Device_Library/Core/Src/usbd_core.o
                0x08009d1a                USBD_LL_SOF
 *fill*         0x08009d4e        0x2 
 .text.USBD_StdDevReq
                0x08009d50       0xd4 ./Middlewares/ST/STM32_USB_Device_Library/Core/Src/usbd_ctlreq.o
                0x08009d50                USBD_StdDevReq
 .text.USBD_StdItfReq
                0x08009e24       0x90 ./Middlewares/ST/STM32_USB_Device_Library/Core/Src/usbd_ctlreq.o
                0x08009e24                USBD_StdItfReq
 .text.USBD_StdEPReq
                0x08009eb4      0x2c6 ./Middlewares/ST/STM32_USB_Device_Library/Core/Src/usbd_ctlreq.o
                0x08009eb4                USBD_StdEPReq
 *fill*         0x0800a17a        0x2 
 .text.USBD_GetDescriptor
                0x0800a17c      0x2d0 ./Middlewares/ST/STM32_USB_Device_Library/Core/Src/usbd_ctlreq.o
 .text.USBD_SetAddress
                0x0800a44c       0x86 ./Middlewares/ST/STM32_USB_Device_Library/Core/Src/usbd_ctlreq.o
 *fill*         0x0800a4d2        0x2 
 .text.USBD_SetConfig
                0x0800a4d4      0x11c ./Middlewares/ST/STM32_USB_Device_Library/Core/Src/usbd_ctlreq.o
 .text.USBD_GetConfig
                0x0800a5f0       0x6a ./Middlewares/ST/STM32_USB_Device_Library/Core/Src/usbd_ctlreq.o
 .text.USBD_GetStatus
                0x0800a65a       0x66 ./Middlewares/ST/STM32_USB_Device_Library/Core/Src/usbd_ctlreq.o
 .text.USBD_SetFeature
                0x0800a6c0       0x28 ./Middlewares/ST/STM32_USB_Device_Library/Core/Src/usbd_ctlreq.o
 .text.USBD_ClrFeature
                0x0800a6e8       0x42 ./Middlewares/ST/STM32_USB_Device_Library/Core/Src/usbd_ctlreq.o
 .text.USBD_ParseSetupRequest
                0x0800a72a       0x72 ./Middlewares/ST/STM32_USB_Device_Library/Core/Src/usbd_ctlreq.o
                0x0800a72a                USBD_ParseSetupRequest
 .text.USBD_CtlError
                0x0800a79c       0x22 ./Middlewares/ST/STM32_USB_Device_Library/Core/Src/usbd_ctlreq.o
                0x0800a79c                USBD_CtlError
 .text.USBD_GetString
                0x0800a7be       0x84 ./Middlewares/ST/STM32_USB_Device_Library/Core/Src/usbd_ctlreq.o
                0x0800a7be                USBD_GetString
 .text.USBD_GetLen
                0x0800a842       0x2e ./Middlewares/ST/STM32_USB_Device_Library/Core/Src/usbd_ctlreq.o
 .text.USBD_CtlSendData
                0x0800a870       0x38 ./Middlewares/ST/STM32_USB_Device_Library/Core/Src/usbd_ioreq.o
                0x0800a870                USBD_CtlSendData
 .text.USBD_CtlContinueSendData
                0x0800a8a8       0x24 ./Middlewares/ST/STM32_USB_Device_Library/Core/Src/usbd_ioreq.o
                0x0800a8a8                USBD_CtlContinueSendData
 .text.USBD_CtlPrepareRx
                0x0800a8cc       0x3c ./Middlewares/ST/STM32_USB_Device_Library/Core/Src/usbd_ioreq.o
                0x0800a8cc                USBD_CtlPrepareRx
 .text.USBD_CtlContinueRx
                0x0800a908       0x24 ./Middlewares/ST/STM32_USB_Device_Library/Core/Src/usbd_ioreq.o
                0x0800a908                USBD_CtlContinueRx
 .text.USBD_CtlSendStatus
                0x0800a92c       0x26 ./Middlewares/ST/STM32_USB_Device_Library/Core/Src/usbd_ioreq.o
                0x0800a92c                USBD_CtlSendStatus
 .text.USBD_CtlReceiveStatus
                0x0800a952       0x26 ./Middlewares/ST/STM32_USB_Device_Library/Core/Src/usbd_ioreq.o
                0x0800a952                USBD_CtlReceiveStatus
 .text.MX_USB_DEVICE_Init
                0x0800a978       0x60 ./USB_DEVICE/App/usb_device.o
                0x0800a978                MX_USB_DEVICE_Init
 .text.CDC_Init_FS
                0x0800a9d8       0x28 ./USB_DEVICE/App/usbd_cdc_if.o
 .text.CDC_DeInit_FS
                0x0800aa00        0xe ./USB_DEVICE/App/usbd_cdc_if.o
 *fill*         0x0800aa0e        0x2 
 .text.CDC_Control_FS
                0x0800aa10       0xbc ./USB_DEVICE/App/usbd_cdc_if.o
 .text.CDC_Receive_FS
                0x0800aacc       0x28 ./USB_DEVICE/App/usbd_cdc_if.o
 .text.CDC_Transmit_FS
                0x0800aaf4       0x4c ./USB_DEVICE/App/usbd_cdc_if.o
                0x0800aaf4                CDC_Transmit_FS
 .text.USBD_FS_DeviceDescriptor
                0x0800ab40       0x24 ./USB_DEVICE/App/usbd_desc.o
                0x0800ab40                USBD_FS_DeviceDescriptor
 .text.USBD_FS_LangIDStrDescriptor
                0x0800ab64       0x24 ./USB_DEVICE/App/usbd_desc.o
                0x0800ab64                USBD_FS_LangIDStrDescriptor
 .text.USBD_FS_ProductStrDescriptor
                0x0800ab88       0x3c ./USB_DEVICE/App/usbd_desc.o
                0x0800ab88                USBD_FS_ProductStrDescriptor
 .text.USBD_FS_ManufacturerStrDescriptor
                0x0800abc4       0x28 ./USB_DEVICE/App/usbd_desc.o
                0x0800abc4                USBD_FS_ManufacturerStrDescriptor
 .text.USBD_FS_SerialStrDescriptor
                0x0800abec       0x24 ./USB_DEVICE/App/usbd_desc.o
                0x0800abec                USBD_FS_SerialStrDescriptor
 .text.USBD_FS_ConfigStrDescriptor
                0x0800ac10       0x3c ./USB_DEVICE/App/usbd_desc.o
                0x0800ac10                USBD_FS_ConfigStrDescriptor
 .text.USBD_FS_InterfaceStrDescriptor
                0x0800ac4c       0x3c ./USB_DEVICE/App/usbd_desc.o
                0x0800ac4c                USBD_FS_InterfaceStrDescriptor
 .text.Get_SerialNum
                0x0800ac88       0x58 ./USB_DEVICE/App/usbd_desc.o
 .text.IntToUnicode
                0x0800ace0       0x7c ./USB_DEVICE/App/usbd_desc.o
 .text.HAL_PCD_MspInit
                0x0800ad5c       0x4c ./USB_DEVICE/Target/usbd_conf.o
                0x0800ad5c                HAL_PCD_MspInit
 .text.HAL_PCD_SetupStageCallback
                0x0800ada8       0x24 ./USB_DEVICE/Target/usbd_conf.o
                0x0800ada8                HAL_PCD_SetupStageCallback
 .text.HAL_PCD_DataOutStageCallback
                0x0800adcc       0x36 ./USB_DEVICE/Target/usbd_conf.o
                0x0800adcc                HAL_PCD_DataOutStageCallback
 .text.HAL_PCD_DataInStageCallback
                0x0800ae02       0x34 ./USB_DEVICE/Target/usbd_conf.o
                0x0800ae02                HAL_PCD_DataInStageCallback
 .text.HAL_PCD_SOFCallback
                0x0800ae36       0x1c ./USB_DEVICE/Target/usbd_conf.o
                0x0800ae36                HAL_PCD_SOFCallback
 .text.HAL_PCD_ResetCallback
                0x0800ae52       0x3c ./USB_DEVICE/Target/usbd_conf.o
                0x0800ae52                HAL_PCD_ResetCallback
 *fill*         0x0800ae8e        0x2 
 .text.HAL_PCD_SuspendCallback
                0x0800ae90       0x34 ./USB_DEVICE/Target/usbd_conf.o
                0x0800ae90                HAL_PCD_SuspendCallback
 .text.HAL_PCD_ResumeCallback
                0x0800aec4       0x1c ./USB_DEVICE/Target/usbd_conf.o
                0x0800aec4                HAL_PCD_ResumeCallback
 .text.USBD_LL_Init
                0x0800aee0       0xb4 ./USB_DEVICE/Target/usbd_conf.o
                0x0800aee0                USBD_LL_Init
 .text.USBD_LL_Start
                0x0800af94       0x36 ./USB_DEVICE/Target/usbd_conf.o
                0x0800af94                USBD_LL_Start
 .text.USBD_LL_OpenEP
                0x0800afca       0x4c ./USB_DEVICE/Target/usbd_conf.o
                0x0800afca                USBD_LL_OpenEP
 .text.USBD_LL_CloseEP
                0x0800b016       0x3e ./USB_DEVICE/Target/usbd_conf.o
                0x0800b016                USBD_LL_CloseEP
 .text.USBD_LL_StallEP
                0x0800b054       0x3e ./USB_DEVICE/Target/usbd_conf.o
                0x0800b054                USBD_LL_StallEP
 .text.USBD_LL_ClearStallEP
                0x0800b092       0x3e ./USB_DEVICE/Target/usbd_conf.o
                0x0800b092                USBD_LL_ClearStallEP
 .text.USBD_LL_IsStallEP
                0x0800b0d0       0x56 ./USB_DEVICE/Target/usbd_conf.o
                0x0800b0d0                USBD_LL_IsStallEP
 .text.USBD_LL_SetUSBAddress
                0x0800b126       0x3e ./USB_DEVICE/Target/usbd_conf.o
                0x0800b126                USBD_LL_SetUSBAddress
 .text.USBD_LL_Transmit
                0x0800b164       0x46 ./USB_DEVICE/Target/usbd_conf.o
                0x0800b164                USBD_LL_Transmit
 .text.USBD_LL_PrepareReceive
                0x0800b1aa       0x46 ./USB_DEVICE/Target/usbd_conf.o
                0x0800b1aa                USBD_LL_PrepareReceive
 .text.USBD_LL_GetRxDataSize
                0x0800b1f0       0x26 ./USB_DEVICE/Target/usbd_conf.o
                0x0800b1f0                USBD_LL_GetRxDataSize
 *fill*         0x0800b216        0x2 
 .text.USBD_static_malloc
                0x0800b218       0x18 ./USB_DEVICE/Target/usbd_conf.o
                0x0800b218                USBD_static_malloc
 .text.USBD_static_free
                0x0800b230       0x12 ./USB_DEVICE/Target/usbd_conf.o
                0x0800b230                USBD_static_free
 .text.HAL_PCDEx_SetConnectionState
                0x0800b242       0x16 ./USB_DEVICE/Target/usbd_conf.o
                0x0800b242                HAL_PCDEx_SetConnectionState
 .text.USBD_Get_USB_Status
                0x0800b258       0x58 ./USB_DEVICE/Target/usbd_conf.o
 .text.memset   0x0800b2b0       0x10 C:/ST/STM32CubeIDE_1.16.0/STM32CubeIDE/plugins/com.st.stm32cube.ide.mcu.externaltools.gnu-tools-for-stm32.12.3.rel1.win32_1.0.200.202406191623/tools/bin/../lib/gcc/arm-none-eabi/12.3.1/../../../../arm-none-eabi/lib/thumb/v7-m/nofp\libc_nano.a(libc_a-memset.o)
                0x0800b2b0                memset
 .text.__libc_init_array
                0x0800b2c0       0x48 C:/ST/STM32CubeIDE_1.16.0/STM32CubeIDE/plugins/com.st.stm32cube.ide.mcu.externaltools.gnu-tools-for-stm32.12.3.rel1.win32_1.0.200.202406191623/tools/bin/../lib/gcc/arm-none-eabi/12.3.1/../../../../arm-none-eabi/lib/thumb/v7-m/nofp\libc_nano.a(libc_a-init.o)
                0x0800b2c0                __libc_init_array
 *(.glue_7)
 .glue_7        0x0800b308        0x0 linker stubs
 *(.glue_7t)
 .glue_7t       0x0800b308        0x0 linker stubs
 *(.eh_frame)
 .eh_frame      0x0800b308        0x0 C:/ST/STM32CubeIDE_1.16.0/STM32CubeIDE/plugins/com.st.stm32cube.ide.mcu.externaltools.gnu-tools-for-stm32.12.3.rel1.win32_1.0.200.202406191623/tools/bin/../lib/gcc/arm-none-eabi/12.3.1/thumb/v7-m/nofp/crtbegin.o
 *(.init)
 .init          0x0800b308        0x4 C:/ST/STM32CubeIDE_1.16.0/STM32CubeIDE/plugins/com.st.stm32cube.ide.mcu.externaltools.gnu-tools-for-stm32.12.3.rel1.win32_1.0.200.202406191623/tools/bin/../lib/gcc/arm-none-eabi/12.3.1/thumb/v7-m/nofp/crti.o
                0x0800b308                _init
 .init          0x0800b30c        0x8 C:/ST/STM32CubeIDE_1.16.0/STM32CubeIDE/plugins/com.st.stm32cube.ide.mcu.externaltools.gnu-tools-for-stm32.12.3.rel1.win32_1.0.200.202406191623/tools/bin/../lib/gcc/arm-none-eabi/12.3.1/thumb/v7-m/nofp/crtn.o
 *(.fini)
 .fini          0x0800b314        0x4 C:/ST/STM32CubeIDE_1.16.0/STM32CubeIDE/plugins/com.st.stm32cube.ide.mcu.externaltools.gnu-tools-for-stm32.12.3.rel1.win32_1.0.200.202406191623/tools/bin/../lib/gcc/arm-none-eabi/12.3.1/thumb/v7-m/nofp/crti.o
                0x0800b314                _fini
 .fini          0x0800b318        0x8 C:/ST/STM32CubeIDE_1.16.0/STM32CubeIDE/plugins/com.st.stm32cube.ide.mcu.externaltools.gnu-tools-for-stm32.12.3.rel1.win32_1.0.200.202406191623/tools/bin/../lib/gcc/arm-none-eabi/12.3.1/thumb/v7-m/nofp/crtn.o
                0x0800b320                        . = ALIGN (0x4)
                0x0800b320                        _etext = .

.vfp11_veneer   0x0800b320        0x0
 .vfp11_veneer  0x0800b320        0x0 linker stubs

.v4_bx          0x0800b320        0x0
 .v4_bx         0x0800b320        0x0 linker stubs

.iplt           0x0800b320        0x0
 .iplt          0x0800b320        0x0 C:/ST/STM32CubeIDE_1.16.0/STM32CubeIDE/plugins/com.st.stm32cube.ide.mcu.externaltools.gnu-tools-for-stm32.12.3.rel1.win32_1.0.200.202406191623/tools/bin/../lib/gcc/arm-none-eabi/12.3.1/thumb/v7-m/nofp/crtbegin.o

.rodata         0x0800b320       0x88
                0x0800b320                        . = ALIGN (0x4)
 *(.rodata)
 .rodata        0x0800b320       0x46 ./USB_DEVICE/App/usbd_desc.o
 *(.rodata*)
 *fill*         0x0800b366        0x2 
 .rodata.AHBPrescTable
                0x0800b368       0x10 ./Core/Src/system_stm32f1xx.o
                0x0800b368                AHBPrescTable
 .rodata.APBPrescTable
                0x0800b378        0x8 ./Core/Src/system_stm32f1xx.o
                0x0800b378                APBPrescTable
 .rodata.aPLLMULFactorTable.1
                0x0800b380       0x10 ./Drivers/STM32F1xx_HAL_Driver/Src/stm32f1xx_hal_rcc.o
 .rodata.aPredivFactorTable.0
                0x0800b390        0x2 ./Drivers/STM32F1xx_HAL_Driver/Src/stm32f1xx_hal_rcc.o
 *fill*         0x0800b392        0x2 
 .rodata.aPLLMULFactorTable.1
                0x0800b394       0x10 ./Drivers/STM32F1xx_HAL_Driver/Src/stm32f1xx_hal_rcc_ex.o
 .rodata.aPredivFactorTable.0
                0x0800b3a4        0x2 ./Drivers/STM32F1xx_HAL_Driver/Src/stm32f1xx_hal_rcc_ex.o
                0x0800b3a8                        . = ALIGN (0x4)
 *fill*         0x0800b3a6        0x2 

.ARM.extab      0x0800b3a8        0x0
                0x0800b3a8                        . = ALIGN (0x4)
 *(.ARM.extab* .gnu.linkonce.armextab.*)
                0x0800b3a8                        . = ALIGN (0x4)

.ARM            0x0800b3a8        0x0
                0x0800b3a8                        . = ALIGN (0x4)
                0x0800b3a8                        __exidx_start = .
 *(.ARM.exidx*)
                0x0800b3a8                        __exidx_end = .
                0x0800b3a8                        . = ALIGN (0x4)

.preinit_array  0x0800b3a8        0x0
                0x0800b3a8                        . = ALIGN (0x4)
                0x0800b3a8                        PROVIDE (__preinit_array_start = .)
 *(.preinit_array*)
                0x0800b3a8                        PROVIDE (__preinit_array_end = .)
                0x0800b3a8                        . = ALIGN (0x4)

.init_array     0x0800b3a8        0x4
                0x0800b3a8                        . = ALIGN (0x4)
                0x0800b3a8                        PROVIDE (__init_array_start = .)
 *(SORT_BY_NAME(.init_array.*))
 *(.init_array*)
 .init_array    0x0800b3a8        0x4 C:/ST/STM32CubeIDE_1.16.0/STM32CubeIDE/plugins/com.st.stm32cube.ide.mcu.externaltools.gnu-tools-for-stm32.12.3.rel1.win32_1.0.200.202406191623/tools/bin/../lib/gcc/arm-none-eabi/12.3.1/thumb/v7-m/nofp/crtbegin.o
                0x0800b3ac                        PROVIDE (__init_array_end = .)
                0x0800b3ac                        . = ALIGN (0x4)

.fini_array     0x0800b3ac        0x4
                0x0800b3ac                        . = ALIGN (0x4)
                [!provide]                        PROVIDE (__fini_array_start = .)
 *(SORT_BY_NAME(.fini_array.*))
 *(.fini_array*)
 .fini_array    0x0800b3ac        0x4 C:/ST/STM32CubeIDE_1.16.0/STM32CubeIDE/plugins/com.st.stm32cube.ide.mcu.externaltools.gnu-tools-for-stm32.12.3.rel1.win32_1.0.200.202406191623/tools/bin/../lib/gcc/arm-none-eabi/12.3.1/thumb/v7-m/nofp/crtbegin.o
                [!provide]                        PROVIDE (__fini_array_end = .)
                0x0800b3b0                        . = ALIGN (0x4)
                0x0800b3b0                        _sidata = LOADADDR (.data)

.rel.dyn        0x0800b3b0        0x0
 .rel.iplt      0x0800b3b0        0x0 C:/ST/STM32CubeIDE_1.16.0/STM32CubeIDE/plugins/com.st.stm32cube.ide.mcu.externaltools.gnu-tools-for-stm32.12.3.rel1.win32_1.0.200.202406191623/tools/bin/../lib/gcc/arm-none-eabi/12.3.1/thumb/v7-m/nofp/crtbegin.o

.data           0x20000000      0x17c load address 0x0800b3b0
                0x20000000                        . = ALIGN (0x4)
                0x20000000                        _sdata = .
 *(.data)
 *(.data*)
 .data.SystemCoreClock
                0x20000000        0x4 ./Core/Src/system_stm32f1xx.o
                0x20000000                SystemCoreClock
 .data.uwTickPrio
                0x20000004        0x4 ./Drivers/STM32F1xx_HAL_Driver/Src/stm32f1xx_hal.o
                0x20000004                uwTickPrio
 .data.uwTickFreq
                0x20000008        0x1 ./Drivers/STM32F1xx_HAL_Driver/Src/stm32f1xx_hal.o
                0x20000008                uwTickFreq
 *fill*         0x20000009        0x3 
 .data.USBD_CDC_DeviceQualifierDesc
                0x2000000c        0xa ./Middlewares/ST/STM32_USB_Device_Library/Class/CDC/Src/usbd_cdc.o
 *fill*         0x20000016        0x2 
 .data.USBD_CDC
                0x20000018       0x38 ./Middlewares/ST/STM32_USB_Device_Library/Class/CDC/Src/usbd_cdc.o
                0x20000018                USBD_CDC
 .data.USBD_CDC_CfgHSDesc
                0x20000050       0x43 ./Middlewares/ST/STM32_USB_Device_Library/Class/CDC/Src/usbd_cdc.o
                0x20000050                USBD_CDC_CfgHSDesc
 *fill*         0x20000093        0x1 
 .data.USBD_CDC_CfgFSDesc
                0x20000094       0x43 ./Middlewares/ST/STM32_USB_Device_Library/Class/CDC/Src/usbd_cdc.o
                0x20000094                USBD_CDC_CfgFSDesc
 *fill*         0x200000d7        0x1 
 .data.USBD_CDC_OtherSpeedCfgDesc
                0x200000d8       0x43 ./Middlewares/ST/STM32_USB_Device_Library/Class/CDC/Src/usbd_cdc.o
                0x200000d8                USBD_CDC_OtherSpeedCfgDesc
 *fill*         0x2000011b        0x1 
 .data.USBD_Interface_fops_FS
                0x2000011c       0x10 ./USB_DEVICE/App/usbd_cdc_if.o
                0x2000011c                USBD_Interface_fops_FS
 .data.FS_Desc  0x2000012c       0x1c ./USB_DEVICE/App/usbd_desc.o
                0x2000012c                FS_Desc
 .data.USBD_FS_DeviceDesc
                0x20000148       0x12 ./USB_DEVICE/App/usbd_desc.o
                0x20000148                USBD_FS_DeviceDesc
 *fill*         0x2000015a        0x2 
 .data.USBD_LangIDDesc
                0x2000015c        0x4 ./USB_DEVICE/App/usbd_desc.o
                0x2000015c                USBD_LangIDDesc
 .data.USBD_StringSerial
                0x20000160       0x1a ./USB_DEVICE/App/usbd_desc.o
                0x20000160                USBD_StringSerial
 *(.RamFunc)
 *(.RamFunc*)
                0x2000017c                        . = ALIGN (0x4)
 *fill*         0x2000017a        0x2 
                0x2000017c                        _edata = .

.igot.plt       0x2000017c        0x0 load address 0x0800b52c
 .igot.plt      0x2000017c        0x0 C:/ST/STM32CubeIDE_1.16.0/STM32CubeIDE/plugins/com.st.stm32cube.ide.mcu.externaltools.gnu-tools-for-stm32.12.3.rel1.win32_1.0.200.202406191623/tools/bin/../lib/gcc/arm-none-eabi/12.3.1/thumb/v7-m/nofp/crtbegin.o
                0x2000017c                        . = ALIGN (0x4)

.bss            0x2000017c     0x136c load address 0x0800b52c
                0x2000017c                        _sbss = .
                0x2000017c                        __bss_start__ = _sbss
 *(.bss)
 .bss           0x2000017c       0x1c C:/ST/STM32CubeIDE_1.16.0/STM32CubeIDE/plugins/com.st.stm32cube.ide.mcu.externaltools.gnu-tools-for-stm32.12.3.rel1.win32_1.0.200.202406191623/tools/bin/../lib/gcc/arm-none-eabi/12.3.1/thumb/v7-m/nofp/crtbegin.o
 *(.bss*)
 .bss.hadc1     0x20000198       0x30 ./Core/Src/adc.o
                0x20000198                hadc1
 .bss.agv_packet
                0x200001c8       0x1b ./Core/Src/agv_telemetry.o
                0x200001c8                agv_packet
 *fill*         0x200001e3        0x1 
 .bss.hi2c1     0x200001e4       0x54 ./Core/Src/i2c.o
                0x200001e4                hi2c1
 .bss.hi2c2     0x20000238       0x54 ./Core/Src/i2c.o
                0x20000238                hi2c2
 .bss.last_blink_time
                0x2000028c        0x4 ./Core/Src/main.o
                0x2000028c                last_blink_time
 .bss.last_telemetry_time
                0x20000290        0x4 ./Core/Src/main.o
                0x20000290                last_telemetry_time
 .bss.htim2     0x20000294       0x48 ./Core/Src/tim.o
                0x20000294                htim2
 .bss.huart1    0x200002dc       0x48 ./Core/Src/usart.o
                0x200002dc                huart1
 .bss.uwTick    0x20000324        0x4 ./Drivers/STM32F1xx_HAL_Driver/Src/stm32f1xx_hal.o
                0x20000324                uwTick
 .bss.cfgidx.0  0x20000328        0x1 ./Middlewares/ST/STM32_USB_Device_Library/Core/Src/usbd_ctlreq.o
 *fill*         0x20000329        0x3 
 .bss.hUsbDeviceFS
                0x2000032c      0x2c4 ./USB_DEVICE/App/usb_device.o
                0x2000032c                hUsbDeviceFS
 .bss.UserRxBufferFS
                0x200005f0      0x400 ./USB_DEVICE/App/usbd_cdc_if.o
                0x200005f0                UserRxBufferFS
 .bss.UserTxBufferFS
                0x200009f0      0x400 ./USB_DEVICE/App/usbd_cdc_if.o
                0x200009f0                UserTxBufferFS
 .bss.USBD_StrDesc
                0x20000df0      0x200 ./USB_DEVICE/App/usbd_desc.o
                0x20000df0                USBD_StrDesc
 .bss.hpcd_USB_FS
                0x20000ff0      0x2d8 ./USB_DEVICE/Target/usbd_conf.o
                0x20000ff0                hpcd_USB_FS
 .bss.mem.0     0x200012c8      0x220 ./USB_DEVICE/Target/usbd_conf.o
 *(COMMON)
                0x200014e8                        . = ALIGN (0x4)
                0x200014e8                        _ebss = .
                0x200014e8                        __bss_end__ = _ebss

._user_heap_stack
                0x200014e8      0x600 load address 0x0800b52c
                0x200014e8                        . = ALIGN (0x8)
                [!provide]                        PROVIDE (end = .)
                0x200014e8                        PROVIDE (_end = .)
                0x200016e8                        . = (. + _Min_Heap_Size)
 *fill*         0x200014e8      0x200 
                0x20001ae8                        . = (. + _Min_Stack_Size)
 *fill*         0x200016e8      0x400 
                0x20001ae8                        . = ALIGN (0x8)

/DISCARD/
 libc.a(*)
 libm.a(*)
 libgcc.a(*)

.ARM.attributes
                0x00000000       0x29
 *(.ARM.attributes)
 .ARM.attributes
                0x00000000       0x1d C:/ST/STM32CubeIDE_1.16.0/STM32CubeIDE/plugins/com.st.stm32cube.ide.mcu.externaltools.gnu-tools-for-stm32.12.3.rel1.win32_1.0.200.202406191623/tools/bin/../lib/gcc/arm-none-eabi/12.3.1/thumb/v7-m/nofp/crti.o
 .ARM.attributes
                0x0000001d       0x2d C:/ST/STM32CubeIDE_1.16.0/STM32CubeIDE/plugins/com.st.stm32cube.ide.mcu.externaltools.gnu-tools-for-stm32.12.3.rel1.win32_1.0.200.202406191623/tools/bin/../lib/gcc/arm-none-eabi/12.3.1/thumb/v7-m/nofp/crtbegin.o
 .ARM.attributes
                0x0000004a       0x2d ./Core/Src/adc.o
 .ARM.attributes
                0x00000077       0x2d ./Core/Src/agv_motor.o
 .ARM.attributes
                0x000000a4       0x2d ./Core/Src/agv_sensor.o
 .ARM.attributes
                0x000000d1       0x2d ./Core/Src/agv_telemetry.o
 .ARM.attributes
                0x000000fe       0x2d ./Core/Src/gpio.o
 .ARM.attributes
                0x0000012b       0x2d ./Core/Src/i2c.o
 .ARM.attributes
                0x00000158       0x2d ./Core/Src/main.o
 .ARM.attributes
                0x00000185       0x2d ./Core/Src/stm32f1xx_hal_msp.o
 .ARM.attributes
                0x000001b2       0x2d ./Core/Src/stm32f1xx_it.o
 .ARM.attributes
                0x000001df       0x2d ./Core/Src/system_stm32f1xx.o
 .ARM.attributes
                0x0000020c       0x2d ./Core/Src/tim.o
 .ARM.attributes
                0x00000239       0x2d ./Core/Src/usart.o
 .ARM.attributes
                0x00000266       0x21 ./Core/Startup/startup_stm32f103c8tx.o
 .ARM.attributes
                0x00000287       0x2d ./Drivers/STM32F1xx_HAL_Driver/Src/stm32f1xx_hal.o
 .ARM.attributes
                0x000002b4       0x2d ./Drivers/STM32F1xx_HAL_Driver/Src/stm32f1xx_hal_adc.o
 .ARM.attributes
                0x000002e1       0x2d ./Drivers/STM32F1xx_HAL_Driver/Src/stm32f1xx_hal_cortex.o
 .ARM.attributes
                0x0000030e       0x2d ./Drivers/STM32F1xx_HAL_Driver/Src/stm32f1xx_hal_gpio.o
 .ARM.attributes
                0x0000033b       0x2d ./Drivers/STM32F1xx_HAL_Driver/Src/stm32f1xx_hal_i2c.o
 .ARM.attributes
                0x00000368       0x2d ./Drivers/STM32F1xx_HAL_Driver/Src/stm32f1xx_hal_pcd.o
 .ARM.attributes
                0x00000395       0x2d ./Drivers/STM32F1xx_HAL_Driver/Src/stm32f1xx_hal_pcd_ex.o
 .ARM.attributes
                0x000003c2       0x2d ./Drivers/STM32F1xx_HAL_Driver/Src/stm32f1xx_hal_rcc.o
 .ARM.attributes
                0x000003ef       0x2d ./Drivers/STM32F1xx_HAL_Driver/Src/stm32f1xx_hal_rcc_ex.o
 .ARM.attributes
                0x0000041c       0x2d ./Drivers/STM32F1xx_HAL_Driver/Src/stm32f1xx_hal_tim.o
 .ARM.attributes
                0x00000449       0x2d ./Drivers/STM32F1xx_HAL_Driver/Src/stm32f1xx_hal_tim_ex.o
 .ARM.attributes
                0x00000476       0x2d ./Drivers/STM32F1xx_HAL_Driver/Src/stm32f1xx_hal_uart.o
 .ARM.attributes
                0x000004a3       0x2d ./Drivers/STM32F1xx_HAL_Driver/Src/stm32f1xx_ll_usb.o
 .ARM.attributes
                0x000004d0       0x2d ./Middlewares/ST/STM32_USB_Device_Library/Class/CDC/Src/usbd_cdc.o
 .ARM.attributes
                0x000004fd       0x2d ./Middlewares/ST/STM32_USB_Device_Library/Core/Src/usbd_core.o
 .ARM.attributes
                0x0000052a       0x2d ./Middlewares/ST/STM32_USB_Device_Library/Core/Src/usbd_ctlreq.o
 .ARM.attributes
                0x00000557       0x2d ./Middlewares/ST/STM32_USB_Device_Library/Core/Src/usbd_ioreq.o
 .ARM.attributes
                0x00000584       0x2d ./USB_DEVICE/App/usb_device.o
 .ARM.attributes
                0x000005b1       0x2d ./USB_DEVICE/App/usbd_cdc_if.o
 .ARM.attributes
                0x000005de       0x2d ./USB_DEVICE/App/usbd_desc.o
 .ARM.attributes
                0x0000060b       0x2d ./USB_DEVICE/Target/usbd_conf.o
 .ARM.attributes
                0x00000638       0x2d C:/ST/STM32CubeIDE_1.16.0/STM32CubeIDE/plugins/com.st.stm32cube.ide.mcu.externaltools.gnu-tools-for-stm32.12.3.rel1.win32_1.0.200.202406191623/tools/bin/../lib/gcc/arm-none-eabi/12.3.1/../../../../arm-none-eabi/lib/thumb/v7-m/nofp\libc_nano.a(libc_a-memset.o)
 .ARM.attributes
                0x00000665       0x2d C:/ST/STM32CubeIDE_1.16.0/STM32CubeIDE/plugins/com.st.stm32cube.ide.mcu.externaltools.gnu-tools-for-stm32.12.3.rel1.win32_1.0.200.202406191623/tools/bin/../lib/gcc/arm-none-eabi/12.3.1/../../../../arm-none-eabi/lib/thumb/v7-m/nofp\libc_nano.a(libc_a-init.o)
 .ARM.attributes
                0x00000692       0x1d C:/ST/STM32CubeIDE_1.16.0/STM32CubeIDE/plugins/com.st.stm32cube.ide.mcu.externaltools.gnu-tools-for-stm32.12.3.rel1.win32_1.0.200.202406191623/tools/bin/../lib/gcc/arm-none-eabi/12.3.1/thumb/v7-m/nofp\libgcc.a(_arm_addsubsf3.o)
 .ARM.attributes
                0x000006af       0x1d C:/ST/STM32CubeIDE_1.16.0/STM32CubeIDE/plugins/com.st.stm32cube.ide.mcu.externaltools.gnu-tools-for-stm32.12.3.rel1.win32_1.0.200.202406191623/tools/bin/../lib/gcc/arm-none-eabi/12.3.1/thumb/v7-m/nofp\libgcc.a(_arm_muldivsf3.o)
 .ARM.attributes
                0x000006cc       0x1d C:/ST/STM32CubeIDE_1.16.0/STM32CubeIDE/plugins/com.st.stm32cube.ide.mcu.externaltools.gnu-tools-for-stm32.12.3.rel1.win32_1.0.200.202406191623/tools/bin/../lib/gcc/arm-none-eabi/12.3.1/thumb/v7-m/nofp/crtn.o
OUTPUT(AGV_Embedded.elf elf32-littlearm)
LOAD linker stubs
LOAD C:/ST/STM32CubeIDE_1.16.0/STM32CubeIDE/plugins/com.st.stm32cube.ide.mcu.externaltools.gnu-tools-for-stm32.12.3.rel1.win32_1.0.200.202406191623/tools/bin/../lib/gcc/arm-none-eabi/12.3.1/../../../../arm-none-eabi/lib/thumb/v7-m/nofp\libc.a
LOAD C:/ST/STM32CubeIDE_1.16.0/STM32CubeIDE/plugins/com.st.stm32cube.ide.mcu.externaltools.gnu-tools-for-stm32.12.3.rel1.win32_1.0.200.202406191623/tools/bin/../lib/gcc/arm-none-eabi/12.3.1/../../../../arm-none-eabi/lib/thumb/v7-m/nofp\libm.a
LOAD C:/ST/STM32CubeIDE_1.16.0/STM32CubeIDE/plugins/com.st.stm32cube.ide.mcu.externaltools.gnu-tools-for-stm32.12.3.rel1.win32_1.0.200.202406191623/tools/bin/../lib/gcc/arm-none-eabi/12.3.1/thumb/v7-m/nofp\libgcc.a

.debug_info     0x00000000    0x1a1c9
 .debug_info    0x00000000      0x7b8 ./Core/Src/adc.o
 .debug_info    0x000007b8      0x95b ./Core/Src/agv_motor.o
 .debug_info    0x00001113      0x94c ./Core/Src/agv_sensor.o
 .debug_info    0x00001a5f      0x2c0 ./Core/Src/agv_telemetry.o
 .debug_info    0x00001d1f      0x2d3 ./Core/Src/gpio.o
 .debug_info    0x00001ff2      0x83b ./Core/Src/i2c.o
 .debug_info    0x0000282d     0x1208 ./Core/Src/main.o
 .debug_info    0x00003a35      0x1f1 ./Core/Src/stm32f1xx_hal_msp.o
 .debug_info    0x00003c26      0x602 ./Core/Src/stm32f1xx_it.o
 .debug_info    0x00004228      0x222 ./Core/Src/system_stm32f1xx.o
 .debug_info    0x0000444a      0xa22 ./Core/Src/tim.o
 .debug_info    0x00004e6c      0x798 ./Core/Src/usart.o
 .debug_info    0x00005604       0x30 ./Core/Startup/startup_stm32f103c8tx.o
 .debug_info    0x00005634      0x704 ./Drivers/STM32F1xx_HAL_Driver/Src/stm32f1xx_hal.o
 .debug_info    0x00005d38      0xc50 ./Drivers/STM32F1xx_HAL_Driver/Src/stm32f1xx_hal_adc.o
 .debug_info    0x00006988      0xa87 ./Drivers/STM32F1xx_HAL_Driver/Src/stm32f1xx_hal_cortex.o
 .debug_info    0x0000740f      0x5ab ./Drivers/STM32F1xx_HAL_Driver/Src/stm32f1xx_hal_gpio.o
 .debug_info    0x000079ba     0x2524 ./Drivers/STM32F1xx_HAL_Driver/Src/stm32f1xx_hal_i2c.o
 .debug_info    0x00009ede     0x16dc ./Drivers/STM32F1xx_HAL_Driver/Src/stm32f1xx_hal_pcd.o
 .debug_info    0x0000b5ba      0x6c3 ./Drivers/STM32F1xx_HAL_Driver/Src/stm32f1xx_hal_pcd_ex.o
 .debug_info    0x0000bc7d      0x7d5 ./Drivers/STM32F1xx_HAL_Driver/Src/stm32f1xx_hal_rcc.o
 .debug_info    0x0000c452      0x3c0 ./Drivers/STM32F1xx_HAL_Driver/Src/stm32f1xx_hal_rcc_ex.o
 .debug_info    0x0000c812     0x2959 ./Drivers/STM32F1xx_HAL_Driver/Src/stm32f1xx_hal_tim.o
 .debug_info    0x0000f16b     0x149b ./Drivers/STM32F1xx_HAL_Driver/Src/stm32f1xx_hal_tim_ex.o
 .debug_info    0x00010606     0x2eed ./Drivers/STM32F1xx_HAL_Driver/Src/stm32f1xx_hal_uart.o
 .debug_info    0x000134f3     0x17ae ./Drivers/STM32F1xx_HAL_Driver/Src/stm32f1xx_ll_usb.o
 .debug_info    0x00014ca1     0x1043 ./Middlewares/ST/STM32_USB_Device_Library/Class/CDC/Src/usbd_cdc.o
 .debug_info    0x00015ce4      0xa52 ./Middlewares/ST/STM32_USB_Device_Library/Core/Src/usbd_core.o
 .debug_info    0x00016736      0x91c ./Middlewares/ST/STM32_USB_Device_Library/Core/Src/usbd_ctlreq.o
 .debug_info    0x00017052      0x6a0 ./Middlewares/ST/STM32_USB_Device_Library/Core/Src/usbd_ioreq.o
 .debug_info    0x000176f2      0x63d ./USB_DEVICE/App/usb_device.o
 .debug_info    0x00017d2f      0x7ec ./USB_DEVICE/App/usbd_cdc_if.o
 .debug_info    0x0001851b      0x44a ./USB_DEVICE/App/usbd_desc.o
 .debug_info    0x00018965     0x1864 ./USB_DEVICE/Target/usbd_conf.o

.debug_abbrev   0x00000000     0x44b4
 .debug_abbrev  0x00000000      0x1e1 ./Core/Src/adc.o
 .debug_abbrev  0x000001e1      0x1e6 ./Core/Src/agv_motor.o
 .debug_abbrev  0x000003c7      0x1f7 ./Core/Src/agv_sensor.o
 .debug_abbrev  0x000005be      0x15e ./Core/Src/agv_telemetry.o
 .debug_abbrev  0x0000071c      0x13f ./Core/Src/gpio.o
 .debug_abbrev  0x0000085b      0x1e4 ./Core/Src/i2c.o
 .debug_abbrev  0x00000a3f      0x282 ./Core/Src/main.o
 .debug_abbrev  0x00000cc1       0xdb ./Core/Src/stm32f1xx_hal_msp.o
 .debug_abbrev  0x00000d9c      0x192 ./Core/Src/stm32f1xx_it.o
 .debug_abbrev  0x00000f2e      0x13f ./Core/Src/system_stm32f1xx.o
 .debug_abbrev  0x0000106d      0x230 ./Core/Src/tim.o
 .debug_abbrev  0x0000129d      0x1e6 ./Core/Src/usart.o
 .debug_abbrev  0x00001483       0x24 ./Core/Startup/startup_stm32f103c8tx.o
 .debug_abbrev  0x000014a7      0x201 ./Drivers/STM32F1xx_HAL_Driver/Src/stm32f1xx_hal.o
 .debug_abbrev  0x000016a8      0x225 ./Drivers/STM32F1xx_HAL_Driver/Src/stm32f1xx_hal_adc.o
 .debug_abbrev  0x000018cd      0x2f8 ./Drivers/STM32F1xx_HAL_Driver/Src/stm32f1xx_hal_cortex.o
 .debug_abbrev  0x00001bc5      0x1ca ./Drivers/STM32F1xx_HAL_Driver/Src/stm32f1xx_hal_gpio.o
 .debug_abbrev  0x00001d8f      0x2a3 ./Drivers/STM32F1xx_HAL_Driver/Src/stm32f1xx_hal_i2c.o
 .debug_abbrev  0x00002032      0x2d6 ./Drivers/STM32F1xx_HAL_Driver/Src/stm32f1xx_hal_pcd.o
 .debug_abbrev  0x00002308      0x189 ./Drivers/STM32F1xx_HAL_Driver/Src/stm32f1xx_hal_pcd_ex.o
 .debug_abbrev  0x00002491      0x2b3 ./Drivers/STM32F1xx_HAL_Driver/Src/stm32f1xx_hal_rcc.o
 .debug_abbrev  0x00002744      0x188 ./Drivers/STM32F1xx_HAL_Driver/Src/stm32f1xx_hal_rcc_ex.o
 .debug_abbrev  0x000028cc      0x277 ./Drivers/STM32F1xx_HAL_Driver/Src/stm32f1xx_hal_tim.o
 .debug_abbrev  0x00002b43      0x282 ./Drivers/STM32F1xx_HAL_Driver/Src/stm32f1xx_hal_tim_ex.o
 .debug_abbrev  0x00002dc5      0x2f8 ./Drivers/STM32F1xx_HAL_Driver/Src/stm32f1xx_hal_uart.o
 .debug_abbrev  0x000030bd      0x1de ./Drivers/STM32F1xx_HAL_Driver/Src/stm32f1xx_ll_usb.o
 .debug_abbrev  0x0000329b      0x2d3 ./Middlewares/ST/STM32_USB_Device_Library/Class/CDC/Src/usbd_cdc.o
 .debug_abbrev  0x0000356e      0x24a ./Middlewares/ST/STM32_USB_Device_Library/Core/Src/usbd_core.o
 .debug_abbrev  0x000037b8      0x26b ./Middlewares/ST/STM32_USB_Device_Library/Core/Src/usbd_ctlreq.o
 .debug_abbrev  0x00003a23      0x192 ./Middlewares/ST/STM32_USB_Device_Library/Core/Src/usbd_ioreq.o
 .debug_abbrev  0x00003bb5      0x18d ./USB_DEVICE/App/usb_device.o
 .debug_abbrev  0x00003d42      0x25d ./USB_DEVICE/App/usbd_cdc_if.o
 .debug_abbrev  0x00003f9f      0x1ff ./USB_DEVICE/App/usbd_desc.o
 .debug_abbrev  0x0000419e      0x316 ./USB_DEVICE/Target/usbd_conf.o

.debug_aranges  0x00000000     0x16e0
 .debug_aranges
                0x00000000       0x30 ./Core/Src/adc.o
 .debug_aranges
                0x00000030       0x50 ./Core/Src/agv_motor.o
 .debug_aranges
                0x00000080       0x40 ./Core/Src/agv_sensor.o
 .debug_aranges
                0x000000c0       0x20 ./Core/Src/agv_telemetry.o
 .debug_aranges
                0x000000e0       0x20 ./Core/Src/gpio.o
 .debug_aranges
                0x00000100       0x38 ./Core/Src/i2c.o
 .debug_aranges
                0x00000138       0x30 ./Core/Src/main.o
 .debug_aranges
                0x00000168       0x20 ./Core/Src/stm32f1xx_hal_msp.o
 .debug_aranges
                0x00000188       0x68 ./Core/Src/stm32f1xx_it.o
 .debug_aranges
                0x000001f0       0x28 ./Core/Src/system_stm32f1xx.o
 .debug_aranges
                0x00000218       0x38 ./Core/Src/tim.o
 .debug_aranges
                0x00000250       0x30 ./Core/Src/usart.o
 .debug_aranges
                0x00000280       0x28 ./Core/Startup/startup_stm32f103c8tx.o
 .debug_aranges
                0x000002a8       0xe0 ./Drivers/STM32F1xx_HAL_Driver/Src/stm32f1xx_hal.o
 .debug_aranges
                0x00000388       0xf0 ./Drivers/STM32F1xx_HAL_Driver/Src/stm32f1xx_hal_adc.o
 .debug_aranges
                0x00000478      0x100 ./Drivers/STM32F1xx_HAL_Driver/Src/stm32f1xx_hal_cortex.o
 .debug_aranges
                0x00000578       0x58 ./Drivers/STM32F1xx_HAL_Driver/Src/stm32f1xx_hal_gpio.o
 .debug_aranges
                0x000005d0      0x2a8 ./Drivers/STM32F1xx_HAL_Driver/Src/stm32f1xx_hal_i2c.o
 .debug_aranges
                0x00000878      0x140 ./Drivers/STM32F1xx_HAL_Driver/Src/stm32f1xx_hal_pcd.o
 .debug_aranges
                0x000009b8       0x38 ./Drivers/STM32F1xx_HAL_Driver/Src/stm32f1xx_hal_pcd_ex.o
 .debug_aranges
                0x000009f0       0x90 ./Drivers/STM32F1xx_HAL_Driver/Src/stm32f1xx_hal_rcc.o
 .debug_aranges
                0x00000a80       0x30 ./Drivers/STM32F1xx_HAL_Driver/Src/stm32f1xx_hal_rcc_ex.o
 .debug_aranges
                0x00000ab0      0x3d0 ./Drivers/STM32F1xx_HAL_Driver/Src/stm32f1xx_hal_tim.o
 .debug_aranges
                0x00000e80      0x168 ./Drivers/STM32F1xx_HAL_Driver/Src/stm32f1xx_hal_tim_ex.o
 .debug_aranges
                0x00000fe8      0x208 ./Drivers/STM32F1xx_HAL_Driver/Src/stm32f1xx_hal_uart.o
 .debug_aranges
                0x000011f0       0xf8 ./Drivers/STM32F1xx_HAL_Driver/Src/stm32f1xx_ll_usb.o
 .debug_aranges
                0x000012e8       0x90 ./Middlewares/ST/STM32_USB_Device_Library/Class/CDC/Src/usbd_cdc.o
 .debug_aranges
                0x00001378       0xb8 ./Middlewares/ST/STM32_USB_Device_Library/Core/Src/usbd_core.o
 .debug_aranges
                0x00001430       0x88 ./Middlewares/ST/STM32_USB_Device_Library/Core/Src/usbd_ctlreq.o
 .debug_aranges
                0x000014b8       0x50 ./Middlewares/ST/STM32_USB_Device_Library/Core/Src/usbd_ioreq.o
 .debug_aranges
                0x00001508       0x20 ./USB_DEVICE/App/usb_device.o
 .debug_aranges
                0x00001528       0x40 ./USB_DEVICE/App/usbd_cdc_if.o
 .debug_aranges
                0x00001568       0x60 ./USB_DEVICE/App/usbd_desc.o
 .debug_aranges
                0x000015c8      0x118 ./USB_DEVICE/Target/usbd_conf.o

.debug_rnglists
                0x00000000     0x11ad
 .debug_rnglists
                0x00000000       0x1f ./Core/Src/adc.o
 .debug_rnglists
                0x0000001f       0x38 ./Core/Src/agv_motor.o
 .debug_rnglists
                0x00000057       0x3d ./Core/Src/agv_sensor.o
 .debug_rnglists
                0x00000094       0x13 ./Core/Src/agv_telemetry.o
 .debug_rnglists
                0x000000a7       0x14 ./Core/Src/gpio.o
 .debug_rnglists
                0x000000bb       0x26 ./Core/Src/i2c.o
 .debug_rnglists
                0x000000e1       0x21 ./Core/Src/main.o
 .debug_rnglists
                0x00000102       0x13 ./Core/Src/stm32f1xx_hal_msp.o
 .debug_rnglists
                0x00000115       0x49 ./Core/Src/stm32f1xx_it.o
 .debug_rnglists
                0x0000015e       0x1a ./Core/Src/system_stm32f1xx.o
 .debug_rnglists
                0x00000178       0x26 ./Core/Src/tim.o
 .debug_rnglists
                0x0000019e       0x20 ./Core/Src/usart.o
 .debug_rnglists
                0x000001be       0x19 ./Core/Startup/startup_stm32f103c8tx.o
 .debug_rnglists
                0x000001d7       0xa3 ./Drivers/STM32F1xx_HAL_Driver/Src/stm32f1xx_hal.o
 .debug_rnglists
                0x0000027a       0xbc ./Drivers/STM32F1xx_HAL_Driver/Src/stm32f1xx_hal_adc.o
 .debug_rnglists
                0x00000336       0xbb ./Drivers/STM32F1xx_HAL_Driver/Src/stm32f1xx_hal_cortex.o
 .debug_rnglists
                0x000003f1       0x3f ./Drivers/STM32F1xx_HAL_Driver/Src/stm32f1xx_hal_gpio.o
 .debug_rnglists
                0x00000430      0x23c ./Drivers/STM32F1xx_HAL_Driver/Src/stm32f1xx_hal_i2c.o
 .debug_rnglists
                0x0000066c       0xf4 ./Drivers/STM32F1xx_HAL_Driver/Src/stm32f1xx_hal_pcd.o
 .debug_rnglists
                0x00000760       0x26 ./Drivers/STM32F1xx_HAL_Driver/Src/stm32f1xx_hal_pcd_ex.o
 .debug_rnglists
                0x00000786       0x6c ./Drivers/STM32F1xx_HAL_Driver/Src/stm32f1xx_hal_rcc.o
 .debug_rnglists
                0x000007f2       0x21 ./Drivers/STM32F1xx_HAL_Driver/Src/stm32f1xx_hal_rcc_ex.o
 .debug_rnglists
                0x00000813      0x31a ./Drivers/STM32F1xx_HAL_Driver/Src/stm32f1xx_hal_tim.o
 .debug_rnglists
                0x00000b2d      0x125 ./Drivers/STM32F1xx_HAL_Driver/Src/stm32f1xx_hal_tim_ex.o
 .debug_rnglists
                0x00000c52      0x1bc ./Drivers/STM32F1xx_HAL_Driver/Src/stm32f1xx_hal_uart.o
 .debug_rnglists
                0x00000e0e       0xbd ./Drivers/STM32F1xx_HAL_Driver/Src/stm32f1xx_ll_usb.o
 .debug_rnglists
                0x00000ecb       0x6a ./Middlewares/ST/STM32_USB_Device_Library/Class/CDC/Src/usbd_cdc.o
 .debug_rnglists
                0x00000f35       0x89 ./Middlewares/ST/STM32_USB_Device_Library/Core/Src/usbd_core.o
 .debug_rnglists
                0x00000fbe       0x68 ./Middlewares/ST/STM32_USB_Device_Library/Core/Src/usbd_ctlreq.o
 .debug_rnglists
                0x00001026       0x37 ./Middlewares/ST/STM32_USB_Device_Library/Core/Src/usbd_ioreq.o
 .debug_rnglists
                0x0000105d       0x13 ./USB_DEVICE/App/usb_device.o
 .debug_rnglists
                0x00001070       0x2c ./USB_DEVICE/App/usbd_cdc_if.o
 .debug_rnglists
                0x0000109c       0x43 ./USB_DEVICE/App/usbd_desc.o
 .debug_rnglists
                0x000010df       0xce ./USB_DEVICE/Target/usbd_conf.o

.debug_macro    0x00000000    0x1c6d2
 .debug_macro   0x00000000      0x1fe ./Core/Src/adc.o
 .debug_macro   0x000001fe      0xaa8 ./Core/Src/adc.o
 .debug_macro   0x00000ca6      0x22d ./Core/Src/adc.o
 .debug_macro   0x00000ed3       0x2e ./Core/Src/adc.o
 .debug_macro   0x00000f01       0x22 ./Core/Src/adc.o
 .debug_macro   0x00000f23       0x22 ./Core/Src/adc.o
 .debug_macro   0x00000f45       0x8e ./Core/Src/adc.o
 .debug_macro   0x00000fd3       0x51 ./Core/Src/adc.o
 .debug_macro   0x00001024      0x103 ./Core/Src/adc.o
 .debug_macro   0x00001127       0x6a ./Core/Src/adc.o
 .debug_macro   0x00001191      0x1df ./Core/Src/adc.o
 .debug_macro   0x00001370       0x1c ./Core/Src/adc.o
 .debug_macro   0x0000138c       0x22 ./Core/Src/adc.o
 .debug_macro   0x000013ae       0xbd ./Core/Src/adc.o
 .debug_macro   0x0000146b      0xd23 ./Core/Src/adc.o
 .debug_macro   0x0000218e     0xe09e ./Core/Src/adc.o
 .debug_macro   0x0001022c       0x6d ./Core/Src/adc.o
 .debug_macro   0x00010299     0x34a2 ./Core/Src/adc.o
 .debug_macro   0x0001373b      0x189 ./Core/Src/adc.o
 .debug_macro   0x000138c4       0x5c ./Core/Src/adc.o
 .debug_macro   0x00013920      0x5bc ./Core/Src/adc.o
 .debug_macro   0x00013edc      0x289 ./Core/Src/adc.o
 .debug_macro   0x00014165      0x1cb ./Core/Src/adc.o
 .debug_macro   0x00014330      0x114 ./Core/Src/adc.o
 .debug_macro   0x00014444      0x1b2 ./Core/Src/adc.o
 .debug_macro   0x000145f6       0x27 ./Core/Src/adc.o
 .debug_macro   0x0001461d      0x136 ./Core/Src/adc.o
 .debug_macro   0x00014753      0x1bc ./Core/Src/adc.o
 .debug_macro   0x0001490f       0x34 ./Core/Src/adc.o
 .debug_macro   0x00014943       0x3c ./Core/Src/adc.o
 .debug_macro   0x0001497f       0x57 ./Core/Src/adc.o
 .debug_macro   0x000149d6      0x46a ./Core/Src/adc.o
 .debug_macro   0x00014e40      0x1b5 ./Core/Src/adc.o
 .debug_macro   0x00014ff5       0x87 ./Core/Src/adc.o
 .debug_macro   0x0001507c      0x240 ./Core/Src/adc.o
 .debug_macro   0x000152bc      0x287 ./Core/Src/adc.o
 .debug_macro   0x00015543      0x140 ./Core/Src/adc.o
 .debug_macro   0x00015683      0x8ed ./Core/Src/adc.o
 .debug_macro   0x00015f70      0x28e ./Core/Src/adc.o
 .debug_macro   0x000161fe       0xb7 ./Core/Src/adc.o
 .debug_macro   0x000162b5      0x242 ./Core/Src/adc.o
 .debug_macro   0x000164f7       0x83 ./Core/Src/adc.o
 .debug_macro   0x0001657a       0x58 ./Core/Src/adc.o
 .debug_macro   0x000165d2      0x216 ./Core/Src/agv_motor.o
 .debug_macro   0x000167e8       0x5e ./Core/Src/agv_motor.o
 .debug_macro   0x00016846      0x22b ./Core/Src/agv_sensor.o
 .debug_macro   0x00016a71       0x28 ./Core/Src/agv_sensor.o
 .debug_macro   0x00016a99      0x3a2 ./Core/Src/agv_telemetry.o
 .debug_macro   0x00016e3b       0x61 ./Core/Src/agv_telemetry.o
 .debug_macro   0x00016e9c       0x24 ./Core/Src/agv_telemetry.o
 .debug_macro   0x00016ec0       0x43 ./Core/Src/agv_telemetry.o
 .debug_macro   0x00016f03       0x34 ./Core/Src/agv_telemetry.o
 .debug_macro   0x00016f37       0x16 ./Core/Src/agv_telemetry.o
 .debug_macro   0x00016f4d       0x35 ./Core/Src/agv_telemetry.o
 .debug_macro   0x00016f82      0x369 ./Core/Src/agv_telemetry.o
 .debug_macro   0x000172eb       0x10 ./Core/Src/agv_telemetry.o
 .debug_macro   0x000172fb       0x16 ./Core/Src/agv_telemetry.o
 .debug_macro   0x00017311       0x43 ./Core/Src/agv_telemetry.o
 .debug_macro   0x00017354       0x34 ./Core/Src/agv_telemetry.o
 .debug_macro   0x00017388       0x10 ./Core/Src/agv_telemetry.o
 .debug_macro   0x00017398       0x58 ./Core/Src/agv_telemetry.o
 .debug_macro   0x000173f0       0x8e ./Core/Src/agv_telemetry.o
 .debug_macro   0x0001747e       0x1c ./Core/Src/agv_telemetry.o
 .debug_macro   0x0001749a      0x177 ./Core/Src/agv_telemetry.o
 .debug_macro   0x00017611       0x16 ./Core/Src/agv_telemetry.o
 .debug_macro   0x00017627       0x16 ./Core/Src/agv_telemetry.o
 .debug_macro   0x0001763d      0x146 ./Core/Src/agv_telemetry.o
 .debug_macro   0x00017783       0x16 ./Core/Src/agv_telemetry.o
 .debug_macro   0x00017799       0x16 ./Core/Src/agv_telemetry.o
 .debug_macro   0x000177af       0x29 ./Core/Src/agv_telemetry.o
 .debug_macro   0x000177d8       0x16 ./Core/Src/agv_telemetry.o
 .debug_macro   0x000177ee       0x20 ./Core/Src/agv_telemetry.o
 .debug_macro   0x0001780e       0x5f ./Core/Src/agv_telemetry.o
 .debug_macro   0x0001786d      0x1c8 ./Core/Src/agv_telemetry.o
 .debug_macro   0x00017a35       0x8f ./Core/Src/agv_telemetry.o
 .debug_macro   0x00017ac4       0x10 ./Core/Src/agv_telemetry.o
 .debug_macro   0x00017ad4      0x1fe ./Core/Src/gpio.o
 .debug_macro   0x00017cd2      0x1fe ./Core/Src/i2c.o
 .debug_macro   0x00017ed0      0x3f5 ./Core/Src/main.o
 .debug_macro   0x000182c5       0x2e ./Core/Src/main.o
 .debug_macro   0x000182f3      0x1f4 ./Core/Src/stm32f1xx_hal_msp.o
 .debug_macro   0x000184e7      0x1fe ./Core/Src/stm32f1xx_it.o
 .debug_macro   0x000186e5      0x1e5 ./Core/Src/system_stm32f1xx.o
 .debug_macro   0x000188ca      0x1fe ./Core/Src/tim.o
 .debug_macro   0x00018ac8      0x1fe ./Core/Src/usart.o
 .debug_macro   0x00018cc6      0x209 ./Drivers/STM32F1xx_HAL_Driver/Src/stm32f1xx_hal.o
 .debug_macro   0x00018ecf      0x202 ./Drivers/STM32F1xx_HAL_Driver/Src/stm32f1xx_hal_adc.o
 .debug_macro   0x000190d1      0x1e5 ./Drivers/STM32F1xx_HAL_Driver/Src/stm32f1xx_hal_cortex.o
 .debug_macro   0x000192b6      0x250 ./Drivers/STM32F1xx_HAL_Driver/Src/stm32f1xx_hal_gpio.o
 .debug_macro   0x00019506      0x233 ./Drivers/STM32F1xx_HAL_Driver/Src/stm32f1xx_hal_i2c.o
 .debug_macro   0x00019739      0x1f1 ./Drivers/STM32F1xx_HAL_Driver/Src/stm32f1xx_hal_pcd.o
 .debug_macro   0x0001992a      0x1e5 ./Drivers/STM32F1xx_HAL_Driver/Src/stm32f1xx_hal_pcd_ex.o
 .debug_macro   0x00019b0f      0x1f7 ./Drivers/STM32F1xx_HAL_Driver/Src/stm32f1xx_hal_rcc.o
 .debug_macro   0x00019d06      0x1e5 ./Drivers/STM32F1xx_HAL_Driver/Src/stm32f1xx_hal_rcc_ex.o
 .debug_macro   0x00019eeb      0x1e6 ./Drivers/STM32F1xx_HAL_Driver/Src/stm32f1xx_hal_tim.o
 .debug_macro   0x0001a0d1      0x1e5 ./Drivers/STM32F1xx_HAL_Driver/Src/stm32f1xx_hal_tim_ex.o
 .debug_macro   0x0001a2b6      0x1e6 ./Drivers/STM32F1xx_HAL_Driver/Src/stm32f1xx_hal_uart.o
 .debug_macro   0x0001a49c      0x1e5 ./Drivers/STM32F1xx_HAL_Driver/Src/stm32f1xx_ll_usb.o
 .debug_macro   0x0001a681      0x383 ./Middlewares/ST/STM32_USB_Device_Library/Class/CDC/Src/usbd_cdc.o
 .debug_macro   0x0001aa04       0x9e ./Middlewares/ST/STM32_USB_Device_Library/Class/CDC/Src/usbd_cdc.o
 .debug_macro   0x0001aaa2      0x10b ./Middlewares/ST/STM32_USB_Device_Library/Class/CDC/Src/usbd_cdc.o
 .debug_macro   0x0001abad       0x56 ./Middlewares/ST/STM32_USB_Device_Library/Class/CDC/Src/usbd_cdc.o
 .debug_macro   0x0001ac03      0x36a ./Middlewares/ST/STM32_USB_Device_Library/Core/Src/usbd_core.o
 .debug_macro   0x0001af6d      0x1ce ./Middlewares/ST/STM32_USB_Device_Library/Core/Src/usbd_core.o
 .debug_macro   0x0001b13b      0x374 ./Middlewares/ST/STM32_USB_Device_Library/Core/Src/usbd_ctlreq.o
 .debug_macro   0x0001b4af      0x370 ./Middlewares/ST/STM32_USB_Device_Library/Core/Src/usbd_ioreq.o
 .debug_macro   0x0001b81f      0x3a3 ./USB_DEVICE/App/usb_device.o
 .debug_macro   0x0001bbc2       0x22 ./USB_DEVICE/App/usb_device.o
 .debug_macro   0x0001bbe4       0x16 ./USB_DEVICE/App/usb_device.o
 .debug_macro   0x0001bbfa      0x38e ./USB_DEVICE/App/usbd_cdc_if.o
 .debug_macro   0x0001bf88      0x3a7 ./USB_DEVICE/App/usbd_desc.o
 .debug_macro   0x0001c32f       0x1c ./USB_DEVICE/App/usbd_desc.o
 .debug_macro   0x0001c34b      0x387 ./USB_DEVICE/Target/usbd_conf.o

.debug_line     0x00000000    0x1fbf9
 .debug_line    0x00000000      0x803 ./Core/Src/adc.o
 .debug_line    0x00000803      0x8d3 ./Core/Src/agv_motor.o
 .debug_line    0x000010d6      0x991 ./Core/Src/agv_sensor.o
 .debug_line    0x00001a67      0xa76 ./Core/Src/agv_telemetry.o
 .debug_line    0x000024dd      0x7bf ./Core/Src/gpio.o
 .debug_line    0x00002c9c      0x863 ./Core/Src/i2c.o
 .debug_line    0x000034ff      0xc67 ./Core/Src/main.o
 .debug_line    0x00004166      0x795 ./Core/Src/stm32f1xx_hal_msp.o
 .debug_line    0x000048fb      0x86e ./Core/Src/stm32f1xx_it.o
 .debug_line    0x00005169      0x812 ./Core/Src/system_stm32f1xx.o
 .debug_line    0x0000597b      0x854 ./Core/Src/tim.o
 .debug_line    0x000061cf      0x803 ./Core/Src/usart.o
 .debug_line    0x000069d2       0x78 ./Core/Startup/startup_stm32f103c8tx.o
 .debug_line    0x00006a4a      0xa3f ./Drivers/STM32F1xx_HAL_Driver/Src/stm32f1xx_hal.o
 .debug_line    0x00007489     0x10bc ./Drivers/STM32F1xx_HAL_Driver/Src/stm32f1xx_hal_adc.o
 .debug_line    0x00008545      0xc2b ./Drivers/STM32F1xx_HAL_Driver/Src/stm32f1xx_hal_cortex.o
 .debug_line    0x00009170      0xad8 ./Drivers/STM32F1xx_HAL_Driver/Src/stm32f1xx_hal_gpio.o
 .debug_line    0x00009c48     0x3cdc ./Drivers/STM32F1xx_HAL_Driver/Src/stm32f1xx_hal_i2c.o
 .debug_line    0x0000d924     0x1494 ./Drivers/STM32F1xx_HAL_Driver/Src/stm32f1xx_hal_pcd.o
 .debug_line    0x0000edb8      0x80d ./Drivers/STM32F1xx_HAL_Driver/Src/stm32f1xx_hal_pcd_ex.o
 .debug_line    0x0000f5c5      0xe48 ./Drivers/STM32F1xx_HAL_Driver/Src/stm32f1xx_hal_rcc.o
 .debug_line    0x0001040d      0x989 ./Drivers/STM32F1xx_HAL_Driver/Src/stm32f1xx_hal_rcc_ex.o
 .debug_line    0x00010d96     0x3564 ./Drivers/STM32F1xx_HAL_Driver/Src/stm32f1xx_hal_tim.o
 .debug_line    0x000142fa     0x198e ./Drivers/STM32F1xx_HAL_Driver/Src/stm32f1xx_hal_tim_ex.o
 .debug_line    0x00015c88     0x291e ./Drivers/STM32F1xx_HAL_Driver/Src/stm32f1xx_hal_uart.o
 .debug_line    0x000185a6     0x1110 ./Drivers/STM32F1xx_HAL_Driver/Src/stm32f1xx_ll_usb.o
 .debug_line    0x000196b6      0xd97 ./Middlewares/ST/STM32_USB_Device_Library/Class/CDC/Src/usbd_cdc.o
 .debug_line    0x0001a44d      0xe13 ./Middlewares/ST/STM32_USB_Device_Library/Core/Src/usbd_core.o
 .debug_line    0x0001b260     0x1053 ./Middlewares/ST/STM32_USB_Device_Library/Core/Src/usbd_ctlreq.o
 .debug_line    0x0001c2b3      0xaa9 ./Middlewares/ST/STM32_USB_Device_Library/Core/Src/usbd_ioreq.o
 .debug_line    0x0001cd5c      0xa69 ./USB_DEVICE/App/usb_device.o
 .debug_line    0x0001d7c5      0xab1 ./USB_DEVICE/App/usbd_cdc_if.o
 .debug_line    0x0001e276      0xb32 ./USB_DEVICE/App/usbd_desc.o
 .debug_line    0x0001eda8      0xe51 ./USB_DEVICE/Target/usbd_conf.o

.debug_str      0x00000000    0x96a5f
 .debug_str     0x00000000    0x8c56b ./Core/Src/adc.o
                              0x8c92a (size before relaxing)
 .debug_str     0x0008c56b      0x428 ./Core/Src/agv_motor.o
                              0x8cb70 (size before relaxing)
 .debug_str     0x0008c993      0x3e1 ./Core/Src/agv_sensor.o
                              0x8cc00 (size before relaxing)
 .debug_str     0x0008cd74     0x453e ./Core/Src/agv_telemetry.o
                              0x90b0c (size before relaxing)
 .debug_str     0x000912b2       0x20 ./Core/Src/gpio.o
                              0x8c585 (size before relaxing)
 .debug_str     0x000912d2       0x65 ./Core/Src/i2c.o
                              0x8ca52 (size before relaxing)
 .debug_str     0x00091337      0x315 ./Core/Src/main.o
                              0x918b5 (size before relaxing)
 .debug_str     0x0009164c       0x5a ./Core/Src/stm32f1xx_hal_msp.o
                              0x8c50d (size before relaxing)
 .debug_str     0x000916a6      0x3d8 ./Core/Src/stm32f1xx_it.o
                              0x8c8ec (size before relaxing)
 .debug_str     0x00091a7e       0x7e ./Core/Src/system_stm32f1xx.o
                              0x8c3ee (size before relaxing)
 .debug_str     0x00091afc      0x1ea ./Core/Src/tim.o
                              0x8cc26 (size before relaxing)
 .debug_str     0x00091ce6      0x228 ./Core/Src/usart.o
                              0x8c9cd (size before relaxing)
 .debug_str     0x00091f0e       0x44 ./Core/Startup/startup_stm32f103c8tx.o
                                 0x84 (size before relaxing)
 .debug_str     0x00091f52      0x5fb ./Drivers/STM32F1xx_HAL_Driver/Src/stm32f1xx_hal.o
                              0x8cb21 (size before relaxing)
 .debug_str     0x0009254d      0x347 ./Drivers/STM32F1xx_HAL_Driver/Src/stm32f1xx_hal_adc.o
                              0x8cad2 (size before relaxing)
 .debug_str     0x00092894      0x289 ./Drivers/STM32F1xx_HAL_Driver/Src/stm32f1xx_hal_cortex.o
                              0x8ca6d (size before relaxing)
 .debug_str     0x00092b1d      0x2c2 ./Drivers/STM32F1xx_HAL_Driver/Src/stm32f1xx_hal_gpio.o
                              0x8c774 (size before relaxing)
 .debug_str     0x00092ddf      0xb73 ./Drivers/STM32F1xx_HAL_Driver/Src/stm32f1xx_hal_i2c.o
                              0x8d4b5 (size before relaxing)
 .debug_str     0x00093952      0x5bd ./Drivers/STM32F1xx_HAL_Driver/Src/stm32f1xx_hal_pcd.o
                              0x8cd0b (size before relaxing)
 .debug_str     0x00093f0f      0x170 ./Drivers/STM32F1xx_HAL_Driver/Src/stm32f1xx_hal_pcd_ex.o
                              0x8c86d (size before relaxing)
 .debug_str     0x0009407f      0x209 ./Drivers/STM32F1xx_HAL_Driver/Src/stm32f1xx_hal_rcc.o
                              0x8c81d (size before relaxing)
 .debug_str     0x00094288       0x84 ./Drivers/STM32F1xx_HAL_Driver/Src/stm32f1xx_hal_rcc_ex.o
                              0x8c56d (size before relaxing)
 .debug_str     0x0009430c      0xd64 ./Drivers/STM32F1xx_HAL_Driver/Src/stm32f1xx_hal_tim.o
                              0x8d81f (size before relaxing)
 .debug_str     0x00095070      0x493 ./Drivers/STM32F1xx_HAL_Driver/Src/stm32f1xx_hal_tim_ex.o
                              0x8d02b (size before relaxing)
 .debug_str     0x00095503      0x61a ./Drivers/STM32F1xx_HAL_Driver/Src/stm32f1xx_hal_uart.o
                              0x8ce8e (size before relaxing)
 .debug_str     0x00095b1d      0x129 ./Drivers/STM32F1xx_HAL_Driver/Src/stm32f1xx_ll_usb.o
                              0x8c8bf (size before relaxing)
 .debug_str     0x00095c46      0x635 ./Middlewares/ST/STM32_USB_Device_Library/Class/CDC/Src/usbd_cdc.o
                              0x91401 (size before relaxing)
 .debug_str     0x0009627b      0x281 ./Middlewares/ST/STM32_USB_Device_Library/Core/Src/usbd_core.o
                              0x90d31 (size before relaxing)
 .debug_str     0x000964fc      0x120 ./Middlewares/ST/STM32_USB_Device_Library/Core/Src/usbd_ctlreq.o
                              0x90c4b (size before relaxing)
 .debug_str     0x0009661c       0x51 ./Middlewares/ST/STM32_USB_Device_Library/Core/Src/usbd_ioreq.o
                              0x90b78 (size before relaxing)
 .debug_str     0x0009666d       0xc6 ./USB_DEVICE/App/usb_device.o
                              0x90f03 (size before relaxing)
 .debug_str     0x00096733       0x67 ./USB_DEVICE/App/usbd_cdc_if.o
                              0x90f29 (size before relaxing)
 .debug_str     0x0009679a      0x258 ./USB_DEVICE/App/usbd_desc.o
                              0x90ab4 (size before relaxing)
 .debug_str     0x000969f2       0x6d ./USB_DEVICE/Target/usbd_conf.o
                              0x9198e (size before relaxing)

.comment        0x00000000       0x43
 .comment       0x00000000       0x43 ./Core/Src/adc.o
                                 0x44 (size before relaxing)
 .comment       0x00000043       0x44 ./Core/Src/agv_motor.o
 .comment       0x00000043       0x44 ./Core/Src/agv_sensor.o
 .comment       0x00000043       0x44 ./Core/Src/agv_telemetry.o
 .comment       0x00000043       0x44 ./Core/Src/gpio.o
 .comment       0x00000043       0x44 ./Core/Src/i2c.o
 .comment       0x00000043       0x44 ./Core/Src/main.o
 .comment       0x00000043       0x44 ./Core/Src/stm32f1xx_hal_msp.o
 .comment       0x00000043       0x44 ./Core/Src/stm32f1xx_it.o
 .comment       0x00000043       0x44 ./Core/Src/system_stm32f1xx.o
 .comment       0x00000043       0x44 ./Core/Src/tim.o
 .comment       0x00000043       0x44 ./Core/Src/usart.o
 .comment       0x00000043       0x44 ./Drivers/STM32F1xx_HAL_Driver/Src/stm32f1xx_hal.o
 .comment       0x00000043       0x44 ./Drivers/STM32F1xx_HAL_Driver/Src/stm32f1xx_hal_adc.o
 .comment       0x00000043       0x44 ./Drivers/STM32F1xx_HAL_Driver/Src/stm32f1xx_hal_cortex.o
 .comment       0x00000043       0x44 ./Drivers/STM32F1xx_HAL_Driver/Src/stm32f1xx_hal_gpio.o
 .comment       0x00000043       0x44 ./Drivers/STM32F1xx_HAL_Driver/Src/stm32f1xx_hal_i2c.o
 .comment       0x00000043       0x44 ./Drivers/STM32F1xx_HAL_Driver/Src/stm32f1xx_hal_pcd.o
 .comment       0x00000043       0x44 ./Drivers/STM32F1xx_HAL_Driver/Src/stm32f1xx_hal_pcd_ex.o
 .comment       0x00000043       0x44 ./Drivers/STM32F1xx_HAL_Driver/Src/stm32f1xx_hal_rcc.o
 .comment       0x00000043       0x44 ./Drivers/STM32F1xx_HAL_Driver/Src/stm32f1xx_hal_rcc_ex.o