Archive member included to satisfy reference by file (symbol)

C:/ST/STM32CubeIDE_1.19.0/STM32CubeIDE/plugins/com.st.stm32cube.ide.mcu.externaltools.gnu-tools-for-stm32.13.3.rel1.win32_1.0.0.202411081344/tools/bin/../lib/gcc/arm-none-eabi/13.3.1/../../../../arm-none-eabi/lib/thumb/v7-m/nofp\libc_nano.a(libc_a-exit.o)
                              C:/ST/STM32CubeIDE_1.19.0/STM32CubeIDE/plugins/com.st.stm32cube.ide.mcu.externaltools.gnu-tools-for-stm32.13.3.rel1.win32_1.0.0.202411081344/tools/bin/../lib/gcc/arm-none-eabi/13.3.1/../../../../arm-none-eabi/lib/thumb/v7-m/nofp/crt0.o (exit)
C:/ST/STM32CubeIDE_1.19.0/STM32CubeIDE/plugins/com.st.stm32cube.ide.mcu.externaltools.gnu-tools-for-stm32.13.3.rel1.win32_1.0.0.202411081344/tools/bin/../lib/gcc/arm-none-eabi/13.3.1/../../../../arm-none-eabi/lib/thumb/v7-m/nofp\libc_nano.a(libc_a-findfp.o)
                              C:/ST/STM32CubeIDE_1.19.0/STM32CubeIDE/plugins/com.st.stm32cube.ide.mcu.externaltools.gnu-tools-for-stm32.13.3.rel1.win32_1.0.0.202411081344/tools/bin/../lib/gcc/arm-none-eabi/13.3.1/../../../../arm-none-eabi/lib/thumb/v7-m/nofp\libc_nano.a(libc_a-exit.o) (__stdio_exit_handler)
C:/ST/STM32CubeIDE_1.19.0/STM32CubeIDE/plugins/com.st.stm32cube.ide.mcu.externaltools.gnu-tools-for-stm32.13.3.rel1.win32_1.0.0.202411081344/tools/bin/../lib/gcc/arm-none-eabi/13.3.1/../../../../arm-none-eabi/lib/thumb/v7-m/nofp\libc_nano.a(libc_a-fwalk.o)
                              C:/ST/STM32CubeIDE_1.19.0/STM32CubeIDE/plugins/com.st.stm32cube.ide.mcu.externaltools.gnu-tools-for-stm32.13.3.rel1.win32_1.0.0.202411081344/tools/bin/../lib/gcc/arm-none-eabi/13.3.1/../../../../arm-none-eabi/lib/thumb/v7-m/nofp\libc_nano.a(libc_a-findfp.o) (_fwalk_sglue)
C:/ST/STM32CubeIDE_1.19.0/STM32CubeIDE/plugins/com.st.stm32cube.ide.mcu.externaltools.gnu-tools-for-stm32.13.3.rel1.win32_1.0.0.202411081344/tools/bin/../lib/gcc/arm-none-eabi/13.3.1/../../../../arm-none-eabi/lib/thumb/v7-m/nofp\libc_nano.a(libc_a-stdio.o)
                              C:/ST/STM32CubeIDE_1.19.0/STM32CubeIDE/plugins/com.st.stm32cube.ide.mcu.externaltools.gnu-tools-for-stm32.13.3.rel1.win32_1.0.0.202411081344/tools/bin/../lib/gcc/arm-none-eabi/13.3.1/../../../../arm-none-eabi/lib/thumb/v7-m/nofp\libc_nano.a(libc_a-findfp.o) (__sread)
C:/ST/STM32CubeIDE_1.19.0/STM32CubeIDE/plugins/com.st.stm32cube.ide.mcu.externaltools.gnu-tools-for-stm32.13.3.rel1.win32_1.0.0.202411081344/tools/bin/../lib/gcc/arm-none-eabi/13.3.1/../../../../arm-none-eabi/lib/thumb/v7-m/nofp\libc_nano.a(libc_a-memset.o)
                              C:/ST/STM32CubeIDE_1.19.0/STM32CubeIDE/plugins/com.st.stm32cube.ide.mcu.externaltools.gnu-tools-for-stm32.13.3.rel1.win32_1.0.0.202411081344/tools/bin/../lib/gcc/arm-none-eabi/13.3.1/../../../../arm-none-eabi/lib/thumb/v7-m/nofp/crt0.o (memset)
C:/ST/STM32CubeIDE_1.19.0/STM32CubeIDE/plugins/com.st.stm32cube.ide.mcu.externaltools.gnu-tools-for-stm32.13.3.rel1.win32_1.0.0.202411081344/tools/bin/../lib/gcc/arm-none-eabi/13.3.1/../../../../arm-none-eabi/lib/thumb/v7-m/nofp\libc_nano.a(libc_a-closer.o)
                              C:/ST/STM32CubeIDE_1.19.0/STM32CubeIDE/plugins/com.st.stm32cube.ide.mcu.externaltools.gnu-tools-for-stm32.13.3.rel1.win32_1.0.0.202411081344/tools/bin/../lib/gcc/arm-none-eabi/13.3.1/../../../../arm-none-eabi/lib/thumb/v7-m/nofp\libc_nano.a(libc_a-stdio.o) (_close_r)
C:/ST/STM32CubeIDE_1.19.0/STM32CubeIDE/plugins/com.st.stm32cube.ide.mcu.externaltools.gnu-tools-for-stm32.13.3.rel1.win32_1.0.0.202411081344/tools/bin/../lib/gcc/arm-none-eabi/13.3.1/../../../../arm-none-eabi/lib/thumb/v7-m/nofp\libc_nano.a(libc_a-reent.o)
                              C:/ST/STM32CubeIDE_1.19.0/STM32CubeIDE/plugins/com.st.stm32cube.ide.mcu.externaltools.gnu-tools-for-stm32.13.3.rel1.win32_1.0.0.202411081344/tools/bin/../lib/gcc/arm-none-eabi/13.3.1/../../../../arm-none-eabi/lib/thumb/v7-m/nofp\libc_nano.a(libc_a-closer.o) (errno)
C:/ST/STM32CubeIDE_1.19.0/STM32CubeIDE/plugins/com.st.stm32cube.ide.mcu.externaltools.gnu-tools-for-stm32.13.3.rel1.win32_1.0.0.202411081344/tools/bin/../lib/gcc/arm-none-eabi/13.3.1/../../../../arm-none-eabi/lib/thumb/v7-m/nofp\libc_nano.a(libc_a-impure.o)
                              C:/ST/STM32CubeIDE_1.19.0/STM32CubeIDE/plugins/com.st.stm32cube.ide.mcu.externaltools.gnu-tools-for-stm32.13.3.rel1.win32_1.0.0.202411081344/tools/bin/../lib/gcc/arm-none-eabi/13.3.1/../../../../arm-none-eabi/lib/thumb/v7-m/nofp\libc_nano.a(libc_a-reent.o) (_impure_ptr)
C:/ST/STM32CubeIDE_1.19.0/STM32CubeIDE/plugins/com.st.stm32cube.ide.mcu.externaltools.gnu-tools-for-stm32.13.3.rel1.win32_1.0.0.202411081344/tools/bin/../lib/gcc/arm-none-eabi/13.3.1/../../../../arm-none-eabi/lib/thumb/v7-m/nofp\libc_nano.a(libc_a-lseekr.o)
[...]
Memory Configuration

Name             Origin             Length             Attributes
RAM              0x20000000         0x00005000         xrw
FLASH            0x08000000         0x00010000         xr
*default*        0x00000000         0xffffffff

Linker script and memory map

LOAD C:/ST/STM32CubeIDE_1.19.0/STM32CubeIDE/plugins/com.st.stm32cube.ide.mcu.externaltools.gnu-tools-for-stm32.13.3.rel1.win32_1.0.0.202411081344/tools/bin/../lib/gcc/arm-none-eabi/13.3.1/thumb/v7-m/nofp/crti.o
LOAD C:/ST/STM32CubeIDE_1.19.0/STM32CubeIDE/plugins/com.st.stm32cube.ide.mcu.externaltools.gnu-tools-for-stm32.13.3.rel1.win32_1.0.0.202411081344/tools/bin/../lib/gcc/arm-none-eabi/13.3.1/thumb/v7-m/nofp/crtbegin.o
LOAD C:/ST/STM32CubeIDE_1.19.0/STM32CubeIDE/plugins/com.st.stm32cube.ide.mcu.externaltools.gnu-tools-for-stm32.13.3.rel1.win32_1.0.0.202411081344/tools/bin/../lib/gcc/arm-none-eabi/13.3.1/../../../../arm-none-eabi/lib/thumb/v7-m/nofp/crt0.o
LOAD ./Core/Src/adc.o
LOAD ./Core/Src/agv_motor.o
LOAD ./Core/Src/agv_sensor.o
LOAD ./Core/Src/agv_telemetry.o
LOAD ./Core/Src/gpio.o
LOAD ./Core/Src/i2c.o
LOAD ./Core/Src/main.o
LOAD ./Core/Src/stm32f1xx_hal_msp.o
LOAD ./Core/Src/stm32f1xx_it.o
LOAD ./Core/Src/syscalls.o
LOAD ./Core/Src/sysmem.o
LOAD ./Core/Src/system_stm32f1xx.o
LOAD ./Core/Src/tim.o
LOAD ./Core/Src/usart.o
LOAD ./Core/Startup/startup_stm32f103c8tx.o
LOAD ./Drivers/STM32F1xx_HAL_Driver/Src/stm32f1xx_hal.o
LOAD ./Drivers/STM32F1xx_HAL_Driver/Src/stm32f1xx_hal_adc.o
LOAD ./Drivers/STM32F1xx_HAL_Driver/Src/stm32f1xx_hal_adc_ex.o
LOAD ./Drivers/STM32F1xx_HAL_Driver/Src/stm32f1xx_hal_cortex.o
LOAD ./Drivers/STM32F1xx_HAL_Driver/Src/stm32f1xx_hal_dma.o
LOAD ./Drivers/STM32F1xx_HAL_Driver/Src/stm32f1xx_hal_exti.o
LOAD ./Drivers/STM32F1xx_HAL_Driver/Src/stm32f1xx_hal_flash.o
LOAD ./Drivers/STM32F1xx_HAL_Driver/Src/stm32f1xx_hal_flash_ex.o
LOAD ./Drivers/STM32F1xx_HAL_Driver/Src/stm32f1xx_hal_gpio.o
LOAD ./Drivers/STM32F1xx_HAL_Driver/Src/stm32f1xx_hal_gpio_ex.o
LOAD ./Drivers/STM32F1xx_HAL_Driver/Src/stm32f1xx_hal_i2c.o
LOAD ./Drivers/STM32F1xx_HAL_Driver/Src/stm32f1xx_hal_pwr.o
LOAD ./Drivers/STM32F1xx_HAL_Driver/Src/stm32f1xx_hal_rcc.o
LOAD ./Drivers/STM32F1xx_HAL_Driver/Src/stm32f1xx_hal_rcc_ex.o
LOAD ./Drivers/STM32F1xx_HAL_Driver/Src/stm32f1xx_hal_tim.o
LOAD ./Drivers/STM32F1xx_HAL_Driver/Src/stm32f1xx_hal_tim_ex.o
LOAD ./Drivers/STM32F1xx_HAL_Driver/Src/stm32f1xx_hal_uart.o
START GROUP
LOAD C:/ST/STM32CubeIDE_1.19.0/STM32CubeIDE/plugins/com.st.stm32cube.ide.mcu.externaltools.gnu-tools-for-stm32.13.3.rel1.win32_1.0.0.202411081344/tools/bin/../lib/gcc/arm-none-eabi/13.3.1/../../../../arm-none-eabi/lib/thumb/v7-m/nofp\libc_nano.a
LOAD C:/ST/STM32CubeIDE_1.19.0/STM32CubeIDE/plugins/com.st.stm32cube.ide.mcu.externaltools.gnu-tools-for-stm32.13.3.rel1.win32_1.0.0.202411081344/tools/bin/../lib/gcc/arm-none-eabi/13.3.1/../../../../arm-none-eabi/lib/thumb/v7-m/nofp\libm.a
END GROUP
START GROUP
LOAD C:/ST/STM32CubeIDE_1.19.0/STM32CubeIDE/plugins/com.st.stm32cube.ide.mcu.externaltools.gnu-tools-for-stm32.13.3.rel1.win32_1.0.0.202411081344/tools/bin/../lib/gcc/arm-none-eabi/13.3.1/thumb/v7-m/nofp\libgcc.a
LOAD C:/ST/STM32CubeIDE_1.19.0/STM32CubeIDE/plugins/com.st.stm32cube.ide.mcu.externaltools.gnu-tools-for-stm32.13.3.rel1.win32_1.0.0.202411081344/tools/bin/../lib/gcc/arm-none-eabi/13.3.1/../../../../arm-none-eabi/lib/thumb/v7-m/nofp\libc_nano.a
END GROUP
START GROUP
LOAD C:/ST/STM32CubeIDE_1.19.0/STM32CubeIDE/plugins/com.st.stm32cube.ide.mcu.externaltools.gnu-tools-for-stm32.13.3.rel1.win32_1.0.0.202411081344/tools/bin/../lib/gcc/arm-none-eabi/13.3.1/thumb/v7-m/nofp\libgcc.a
LOAD C:/ST/STM32CubeIDE_1.19.0/STM32CubeIDE/plugins/com.st.stm32cube.ide.mcu.externaltools.gnu-tools-for-stm32.13.3.rel1.win32_1.0.0.202411081344/tools/bin/../lib/gcc/arm-none-eabi/13.3.1/../../../../arm-none-eabi/lib/thumb/v7-m/nofp\libc_nano.a
LOAD C:/ST/STM32CubeIDE_1.19.0/STM32CubeIDE/plugins/com.st.stm32cube.ide.mcu.externaltools.gnu-tools-for-stm32.13.3.rel1.win32_1.0.0.202411081344/tools/bin/../lib/gcc/arm-none-eabi/13.3.1/../../../../arm-none-eabi/lib/thumb/v7-m/nofp\libnosys.a
END GROUP
START GROUP
LOAD C:/ST/STM32CubeIDE_1.19.0/STM32CubeIDE/plugins/com.st.stm32cube.ide.mcu.externaltools.gnu-tools-for-stm32.13.3.rel1.win32_1.0.0.202411081344/tools/bin/../lib/gcc/arm-none-eabi/13.3.1/thumb/v7-m/nofp\libgcc.a
LOAD C:/ST/STM32CubeIDE_1.19.0/STM32CubeIDE/plugins/com.st.stm32cube.ide.mcu.externaltools.gnu-tools-for-stm32.13.3.rel1.win32_1.0.0.202411081344/tools/bin/../lib/gcc/arm-none-eabi/13.3.1/../../../../arm-none-eabi/lib/thumb/v7-m/nofp\libc_nano.a
LOAD C:/ST/STM32CubeIDE_1.19.0/STM32CubeIDE/plugins/com.st.stm32cube.ide.mcu.externaltools.gnu-tools-for-stm32.13.3.rel1.win32_1.0.0.202411081344/tools/bin/../lib/gcc/arm-none-eabi/13.3.1/../../../../arm-none-eabi/lib/thumb/v7-m/nofp\libnosys.a
END GROUP
LOAD C:/ST/STM32CubeIDE_1.19.0/STM32CubeIDE/plugins/com.st.stm32cube.ide.mcu.externaltools.gnu-tools-for-stm32.13.3.rel1.win32_1.0.0.202411081344/tools/bin/../lib/gcc/arm-none-eabi/13.3.1/thumb/v7-m/nofp/crtend.o
LOAD C:/ST/STM32CubeIDE_1.19.0/STM32CubeIDE/plugins/com.st.stm32cube.ide.mcu.externaltools.gnu-tools-for-stm32.13.3.rel1.win32_1.0.0.202411081344/tools/bin/../lib/gcc/arm-none-eabi/13.3.1/thumb/v7-m/nofp/crtn.o
                0x20005000                        _estack = (ORIGIN (RAM) + LENGTH (RAM))
                0x00000200                        _Min_Heap_Size = 0x200
                0x00000400                        _Min_Stack_Size = 0x400

.isr_vector     0x08000000      0x10c
                0x08000000                        . = ALIGN (0x4)
 *(.isr_vector)
 .isr_vector    0x08000000      0x10c ./Core/Startup/startup_stm32f103c8tx.o
                0x08000000                g_pfnVectors
                0x0800010c                        . = ALIGN (0x4)

.text           0x0800010c     0x5228
                0x0800010c                        . = ALIGN (0x4)
 *(.text)
 .text          0x0800010c       0x40 C:/ST/STM32CubeIDE_1.19.0/STM32CubeIDE/plugins/com.st.stm32cube.ide.mcu.externaltools.gnu-tools-for-stm32.13.3.rel1.win32_1.0.0.202411081344/tools/bin/../lib/gcc/arm-none-eabi/13.3.1/thumb/v7-m/nofp/crtbegin.o
 .text          0x0800014c      0x21c C:/ST/STM32CubeIDE_1.19.0/STM32CubeIDE/plugins/com.st.stm32cube.ide.mcu.externaltools.gnu-tools-for-stm32.13.3.rel1.win32_1.0.0.202411081344/tools/bin/../lib/gcc/arm-none-eabi/13.3.1/thumb/v7-m/nofp\libgcc.a(_arm_addsubsf3.o)
                0x0800014c                __aeabi_frsub
                0x08000154                __subsf3
                0x08000154                __aeabi_fsub
                0x08000158                __aeabi_fadd
                0x08000158                __addsf3
                0x080002b8                __aeabi_ui2f
                0x080002b8                __floatunsisf
                0x080002c0                __aeabi_i2f
                0x080002c0                __floatsisf
                0x080002dc                __aeabi_ul2f
                0x080002dc                __floatundisf
                0x080002ec                __aeabi_l2f
                0x080002ec                __floatdisf
 .text          0x08000368      0x2a0 C:/ST/STM32CubeIDE_1.19.0/STM32CubeIDE/plugins/com.st.stm32cube.ide.mcu.externaltools.gnu-tools-for-stm32.13.3.rel1.win32_1.0.0.202411081344/tools/bin/../lib/gcc/arm-none-eabi/13.3.1/thumb/v7-m/nofp\libgcc.a(_arm_muldivsf3.o)
                0x08000368                __mulsf3
                0x08000368                __aeabi_fmul
                0x080004d0                __aeabi_fdiv
                0x080004d0                __divsf3
 *(.text*)
 .text.MX_ADC1_Init
                0x08000608       0x7c ./Core/Src/adc.o
                0x08000608                MX_ADC1_Init
 .text.HAL_ADC_MspInit
                0x08000684       0x78 ./Core/Src/adc.o
                0x08000684                HAL_ADC_MspInit
 .text.AGV_Forward
                0x080006fc       0x58 ./Core/Src/agv_motor.o
                0x080006fc                AGV_Forward
 .text.AGV_Backward
                0x08000754       0x58 ./Core/Src/agv_motor.o
                0x08000754                AGV_Backward
 .text.AGV_Stop
                0x080007ac       0x4c ./Core/Src/agv_motor.o
                0x080007ac                AGV_Stop
 .text.StepMotor_Drive
                0x080007f8       0xd4 ./Core/Src/agv_motor.o
                0x080007f8                StepMotor_Drive
 .text.RGB_Sensor_Init
                0x080008cc       0x34 ./Core/Src/agv_sensor.o
                0x080008cc                RGB_Sensor_Init
 .text.RGB_Sensor_Read
                0x08000900       0xcc ./Core/Src/agv_sensor.o
                0x08000900                RGB_Sensor_Read
 .text.AS5600_Read_Angle
                0x080009cc       0x84 ./Core/Src/agv_sensor.o
                0x080009cc                AS5600_Read_Angle
 .text.Send_Telemetry_Binary
                0x08000a50       0x60 ./Core/Src/agv_telemetry.o
                0x08000a50                Send_Telemetry_Binary
 .text.MX_GPIO_Init
                0x08000ab0      0x10c ./Core/Src/gpio.o
                0x08000ab0                MX_GPIO_Init
 .text.MX_I2C1_Init
                0x08000bbc       0x5c ./Core/Src/i2c.o
                0x08000bbc                MX_I2C1_Init
 .text.MX_I2C2_Init
                0x08000c18       0x5c ./Core/Src/i2c.o
                0x08000c18                MX_I2C2_Init
 .text.HAL_I2C_MspInit
                0x08000c74       0xd8 ./Core/Src/i2c.o
                0x08000c74                HAL_I2C_MspInit
 .text.main     0x08000d4c      0x2a4 ./Core/Src/main.o
                0x08000d4c                main
 .text.SystemClock_Config
                0x08000ff0       0xb6 ./Core/Src/main.o
                0x08000ff0                SystemClock_Config
 .text.Error_Handler
                0x080010a6        0xc ./Core/Src/main.o
                0x080010a6                Error_Handler
 *fill*         0x080010b2        0x2 
 .text.HAL_MspInit
                0x080010b4       0x64 ./Core/Src/stm32f1xx_hal_msp.o
                0x080010b4                HAL_MspInit
 .text.NMI_Handler
                0x08001118        0x8 ./Core/Src/stm32f1xx_it.o
                0x08001118                NMI_Handler
 .text.HardFault_Handler
                0x08001120        0x8 ./Core/Src/stm32f1xx_it.o
                0x08001120                HardFault_Handler
 .text.MemManage_Handler
                0x08001128        0x8 ./Core/Src/stm32f1xx_it.o
                0x08001128                MemManage_Handler
 .text.BusFault_Handler
                0x08001130        0x8 ./Core/Src/stm32f1xx_it.o
                0x08001130                BusFault_Handler
 .text.UsageFault_Handler
                0x08001138        0x8 ./Core/Src/stm32f1xx_it.o
                0x08001138                UsageFault_Handler
 .text.SVC_Handler
                0x08001140        0xc ./Core/Src/stm32f1xx_it.o
                0x08001140                SVC_Handler
 .text.DebugMon_Handler
                0x0800114c        0xc ./Core/Src/stm32f1xx_it.o
                0x0800114c                DebugMon_Handler
 .text.PendSV_Handler
                0x08001158        0xc ./Core/Src/stm32f1xx_it.o
                0x08001158                PendSV_Handler
 .text.SysTick_Handler
                0x08001164        0xc ./Core/Src/stm32f1xx_it.o
                0x08001164                SysTick_Handler
 .text.SystemInit
                0x08001170        0xc ./Core/Src/system_stm32f1xx.o
                0x08001170                SystemInit
 .text.MX_TIM2_Init
                0x0800117c      0x100 ./Core/Src/tim.o
                0x0800117c                MX_TIM2_Init
 .text.HAL_TIM_Base_MspInit
                0x0800127c       0x38 ./Core/Src/tim.o
                0x0800127c                HAL_TIM_Base_MspInit
 .text.HAL_TIM_MspPostInit
                0x080012b4       0x60 ./Core/Src/tim.o
                0x080012b4                HAL_TIM_MspPostInit
 .text.MX_USART1_UART_Init
                0x08001314       0x54 ./Core/Src/usart.o
                0x08001314                MX_USART1_UART_Init
 .text.HAL_UART_MspInit
                0x08001368       0x98 ./Core/Src/usart.o
                0x08001368                HAL_UART_MspInit
 .text.Reset_Handler
                0x08001400       0x48 ./Core/Startup/startup_stm32f103c8tx.o
                0x08001400                Reset_Handler
 .text.Default_Handler
                0x08001448        0x2 ./Core/Startup/startup_stm32f103c8tx.o
                0x08001448                RTC_Alarm_IRQHandler
                0x08001448                EXTI2_IRQHandler
                0x08001448                TIM1_CC_IRQHandler
                0x08001448                PVD_IRQHandler
                0x08001448                EXTI3_IRQHandler
                0x08001448                EXTI0_IRQHandler
                0x08001448                I2C2_EV_IRQHandler
                0x08001448                ADC1_2_IRQHandler
                0x08001448                SPI1_IRQHandler
                0x08001448                TAMPER_IRQHandler
                0x08001448                DMA1_Channel4_IRQHandler
                0x08001448                USART3_IRQHandler
                0x08001448                RTC_IRQHandler
                0x08001448                DMA1_Channel7_IRQHandler
                0x08001448                CAN1_RX1_IRQHandler
                0x08001448                TIM4_IRQHandler
                0x08001448                I2C1_EV_IRQHandler
                0x08001448                DMA1_Channel6_IRQHandler
                0x08001448                TIM3_IRQHandler
                0x08001448                RCC_IRQHandler
                0x08001448                TIM1_TRG_COM_IRQHandler
                0x08001448                DMA1_Channel1_IRQHandler
                0x08001448                Default_Handler
                0x08001448                EXTI15_10_IRQHandler
                0x08001448                EXTI9_5_IRQHandler
                0x08001448                SPI2_IRQHandler
                0x08001448                DMA1_Channel5_IRQHandler
                0x08001448                EXTI4_IRQHandler
                0x08001448                USB_LP_CAN1_RX0_IRQHandler
                0x08001448                USB_HP_CAN1_TX_IRQHandler
                0x08001448                DMA1_Channel3_IRQHandler
                0x08001448                TIM1_UP_IRQHandler
                0x08001448                WWDG_IRQHandler
                0x08001448                TIM2_IRQHandler
                0x08001448                TIM1_BRK_IRQHandler
                0x08001448                EXTI1_IRQHandler
                0x08001448                USART2_IRQHandler
                0x08001448                I2C2_ER_IRQHandler
                0x08001448                DMA1_Channel2_IRQHandler
                0x08001448                CAN1_SCE_IRQHandler
                0x08001448                FLASH_IRQHandler
                0x08001448                USART1_IRQHandler
                0x08001448                I2C1_ER_IRQHandler
                0x08001448                USBWakeUp_IRQHandler
 *fill*         0x0800144a        0x2 
 .text.HAL_Init
                0x0800144c       0x2c ./Drivers/STM32F1xx_HAL_Driver/Src/stm32f1xx_hal.o
                0x0800144c                HAL_Init
 .text.HAL_InitTick
                0x08001478       0x60 ./Drivers/STM32F1xx_HAL_Driver/Src/stm32f1xx_hal.o
                0x08001478                HAL_InitTick
 .text.HAL_IncTick
                0x080014d8       0x24 ./Drivers/STM32F1xx_HAL_Driver/Src/stm32f1xx_hal.o
                0x080014d8                HAL_IncTick
 .text.HAL_GetTick
                0x080014fc       0x14 ./Drivers/STM32F1xx_HAL_Driver/Src/stm32f1xx_hal.o
                0x080014fc                HAL_GetTick
 .text.HAL_Delay
                0x08001510       0x48 ./Drivers/STM32F1xx_HAL_Driver/Src/stm32f1xx_hal.o
                0x08001510                HAL_Delay
 .text.HAL_ADC_Init
                0x08001558      0x1b0 ./Drivers/STM32F1xx_HAL_Driver/Src/stm32f1xx_hal_adc.o
                0x08001558                HAL_ADC_Init
 .text.HAL_ADC_Start
                0x08001708      0x15c ./Drivers/STM32F1xx_HAL_Driver/Src/stm32f1xx_hal_adc.o
                0x08001708                HAL_ADC_Start
 .text.HAL_ADC_Stop
                0x08001864       0x58 ./Drivers/STM32F1xx_HAL_Driver/Src/stm32f1xx_hal_adc.o
                0x08001864                HAL_ADC_Stop
 .text.HAL_ADC_PollForConversion
                0x080018bc      0x20c ./Drivers/STM32F1xx_HAL_Driver/Src/stm32f1xx_hal_adc.o
                0x080018bc                HAL_ADC_PollForConversion
 .text.HAL_ADC_GetValue
                0x08001ac8       0x18 ./Drivers/STM32F1xx_HAL_Driver/Src/stm32f1xx_hal_adc.o
                0x08001ac8                HAL_ADC_GetValue
 .text.HAL_ADC_ConfigChannel
                0x08001ae0      0x1f0 ./Drivers/STM32F1xx_HAL_Driver/Src/stm32f1xx_hal_adc.o
                0x08001ae0                HAL_ADC_ConfigChannel
 .text.ADC_Enable
                0x08001cd0       0xb4 ./Drivers/STM32F1xx_HAL_Driver/Src/stm32f1xx_hal_adc.o
                0x08001cd0                ADC_Enable
 .text.ADC_ConversionStop_Disable
                0x08001d84       0x82 ./Drivers/STM32F1xx_HAL_Driver/Src/stm32f1xx_hal_adc.o
                0x08001d84                ADC_ConversionStop_Disable
 *fill*         0x08001e06        0x2 
 .text.__NVIC_SetPriorityGrouping
                0x08001e08       0x48 ./Drivers/STM32F1xx_HAL_Driver/Src/stm32f1xx_hal_cortex.o
 .text.__NVIC_GetPriorityGrouping
                0x08001e50       0x1c ./Drivers/STM32F1xx_HAL_Driver/Src/stm32f1xx_hal_cortex.o
 .text.__NVIC_SetPriority
                0x08001e6c       0x54 ./Drivers/STM32F1xx_HAL_Driver/Src/stm32f1xx_hal_cortex.o
 .text.NVIC_EncodePriority
                0x08001ec0       0x64 ./Drivers/STM32F1xx_HAL_Driver/Src/stm32f1xx_hal_cortex.o
 .text.SysTick_Config
                0x08001f24       0x44 ./Drivers/STM32F1xx_HAL_Driver/Src/stm32f1xx_hal_cortex.o
 .text.HAL_NVIC_SetPriorityGrouping
                0x08001f68       0x16 ./Drivers/STM32F1xx_HAL_Driver/Src/stm32f1xx_hal_cortex.o
                0x08001f68                HAL_NVIC_SetPriorityGrouping
 .text.HAL_NVIC_SetPriority
                0x08001f7e       0x38 ./Drivers/STM32F1xx_HAL_Driver/Src/stm32f1xx_hal_cortex.o
                0x08001f7e                HAL_NVIC_SetPriority
 .text.HAL_SYSTICK_Config
                0x08001fb6       0x18 ./Drivers/STM32F1xx_HAL_Driver/Src/stm32f1xx_hal_cortex.o
                0x08001fb6                HAL_SYSTICK_Config
 *fill*         0x08001fce        0x2 
 .text.HAL_GPIO_Init
                0x08001fd0      0x308 ./Drivers/STM32F1xx_HAL_Driver/Src/stm32f1xx_hal_gpio.o
                0x08001fd0                HAL_GPIO_Init
 .text.HAL_GPIO_ReadPin
                0x080022d8       0x2e ./Drivers/STM32F1xx_HAL_Driver/Src/stm32f1xx_hal_gpio.o
                0x080022d8                HAL_GPIO_ReadPin
 .text.HAL_GPIO_WritePin
                0x08002306       0x30 ./Drivers/STM32F1xx_HAL_Driver/Src/stm32f1xx_hal_gpio.o
                0x08002306                HAL_GPIO_WritePin
 .text.HAL_GPIO_TogglePin
                0x08002336       0x32 ./Drivers/STM32F1xx_HAL_Driver/Src/stm32f1xx_hal_gpio.o
                0x08002336                HAL_GPIO_TogglePin
 .text.HAL_I2C_Init
                0x08002368      0x288 ./Drivers/STM32F1xx_HAL_Driver/Src/stm32f1xx_hal_i2c.o
                0x08002368                HAL_I2C_Init
 .text.HAL_I2C_Mem_Write
                0x080025f0      0x1f4 ./Drivers/STM32F1xx_HAL_Driver/Src/stm32f1xx_hal_i2c.o
                0x080025f0                HAL_I2C_Mem_Write
 .text.HAL_I2C_Mem_Read
                0x080027e4      0x4e8 ./Drivers/STM32F1xx_HAL_Driver/Src/stm32f1xx_hal_i2c.o
                0x080027e4                HAL_I2C_Mem_Read
 .text.HAL_I2C_IsDeviceReady
                0x08002ccc      0x25c ./Drivers/STM32F1xx_HAL_Driver/Src/stm32f1xx_hal_i2c.o
                0x08002ccc                HAL_I2C_IsDeviceReady
 .text.I2C_RequestMemoryWrite
                0x08002f28      0x12c ./Drivers/STM32F1xx_HAL_Driver/Src/stm32f1xx_hal_i2c.o
 .text.I2C_RequestMemoryRead
                0x08003054      0x1d0 ./Drivers/STM32F1xx_HAL_Driver/Src/stm32f1xx_hal_i2c.o
 .text.I2C_WaitOnFlagUntilTimeout
                0x08003224       0xf4 ./Drivers/STM32F1xx_HAL_Driver/Src/stm32f1xx_hal_i2c.o
 .text.I2C_WaitOnMasterAddressFlagUntilTimeout
                0x08003318      0x140 ./Drivers/STM32F1xx_HAL_Driver/Src/stm32f1xx_hal_i2c.o
 .text.I2C_WaitOnTXEFlagUntilTimeout
                0x08003458       0x90 ./Drivers/STM32F1xx_HAL_Driver/Src/stm32f1xx_hal_i2c.o
 .text.I2C_WaitOnBTFFlagUntilTimeout
                0x080034e8       0x90 ./Drivers/STM32F1xx_HAL_Driver/Src/stm32f1xx_hal_i2c.o
 .text.I2C_WaitOnRXNEFlagUntilTimeout
                0x08003578       0xba ./Drivers/STM32F1xx_HAL_Driver/Src/stm32f1xx_hal_i2c.o
 .text.I2C_IsAcknowledgeFailed
                0x08003632       0x5c ./Drivers/STM32F1xx_HAL_Driver/Src/stm32f1xx_hal_i2c.o
 *fill*         0x0800368e        0x2 
 .text.HAL_RCC_OscConfig
                0x08003690      0x504 ./Drivers/STM32F1xx_HAL_Driver/Src/stm32f1xx_hal_rcc.o
                0x08003690                HAL_RCC_OscConfig
 .text.HAL_RCC_ClockConfig
                0x08003b94      0x1d4 ./Drivers/STM32F1xx_HAL_Driver/Src/stm32f1xx_hal_rcc.o
                0x08003b94                HAL_RCC_ClockConfig
 .text.HAL_RCC_GetSysClockFreq
                0x08003d68       0xa8 ./Drivers/STM32F1xx_HAL_Driver/Src/stm32f1xx_hal_rcc.o
                0x08003d68                HAL_RCC_GetSysClockFreq
 .text.HAL_RCC_GetHCLKFreq
                0x08003e10       0x14 ./Drivers/STM32F1xx_HAL_Driver/Src/stm32f1xx_hal_rcc.o
                0x08003e10                HAL_RCC_GetHCLKFreq
 .text.HAL_RCC_GetPCLK1Freq
                0x08003e24       0x28 ./Drivers/STM32F1xx_HAL_Driver/Src/stm32f1xx_hal_rcc.o
                0x08003e24                HAL_RCC_GetPCLK1Freq
 .text.HAL_RCC_GetPCLK2Freq
                0x08003e4c       0x28 ./Drivers/STM32F1xx_HAL_Driver/Src/stm32f1xx_hal_rcc.o
                0x08003e4c                HAL_RCC_GetPCLK2Freq
 .text.RCC_Delay
                0x08003e74       0x3c ./Drivers/STM32F1xx_HAL_Driver/Src/stm32f1xx_hal_rcc.o
 .text.HAL_RCCEx_PeriphCLKConfig
                0x08003eb0      0x16c ./Drivers/STM32F1xx_HAL_Driver/Src/stm32f1xx_hal_rcc_ex.o
                0x08003eb0                HAL_RCCEx_PeriphCLKConfig
 .text.HAL_RCCEx_GetPeriphCLKFreq
                0x0800401c      0x16c ./Drivers/STM32F1xx_HAL_Driver/Src/stm32f1xx_hal_rcc_ex.o
                0x0800401c                HAL_RCCEx_GetPeriphCLKFreq
 .text.HAL_TIM_Base_Init
                0x08004188       0x9e ./Drivers/STM32F1xx_HAL_Driver/Src/stm32f1xx_hal_tim.o
                0x08004188                HAL_TIM_Base_Init
 .text.HAL_TIM_PWM_Init
                0x08004226       0x9e ./Drivers/STM32F1xx_HAL_Driver/Src/stm32f1xx_hal_tim.o
                0x08004226                HAL_TIM_PWM_Init
 .text.HAL_TIM_PWM_MspInit
                0x080042c4       0x12 ./Drivers/STM32F1xx_HAL_Driver/Src/stm32f1xx_hal_tim.o
                0x080042c4                HAL_TIM_PWM_MspInit
 *fill*         0x080042d6        0x2 
 .text.HAL_TIM_PWM_Start
                0x080042d8      0x144 ./Drivers/STM32F1xx_HAL_Driver/Src/stm32f1xx_hal_tim.o
                0x080042d8                HAL_TIM_PWM_Start
 .text.HAL_TIM_PWM_ConfigChannel
                0x0800441c      0x184 ./Drivers/STM32F1xx_HAL_Driver/Src/stm32f1xx_hal_tim.o
                0x0800441c                HAL_TIM_PWM_ConfigChannel
 .text.HAL_TIM_ConfigClockSource
                0x080045a0      0x18e ./Drivers/STM32F1xx_HAL_Driver/Src/stm32f1xx_hal_tim.o
                0x080045a0                HAL_TIM_ConfigClockSource
 *fill*         0x0800472e        0x2 
 .text.TIM_Base_SetConfig
                0x08004730       0xdc ./Drivers/STM32F1xx_HAL_Driver/Src/stm32f1xx_hal_tim.o
                0x08004730                TIM_Base_SetConfig
 .text.TIM_OC1_SetConfig
                0x0800480c       0xcc ./Drivers/STM32F1xx_HAL_Driver/Src/stm32f1xx_hal_tim.o
 .text.TIM_OC2_SetConfig
                0x080048d8       0xd4 ./Drivers/STM32F1xx_HAL_Driver/Src/stm32f1xx_hal_tim.o
                0x080048d8                TIM_OC2_SetConfig
 .text.TIM_OC3_SetConfig
                0x080049ac       0xd4 ./Drivers/STM32F1xx_HAL_Driver/Src/stm32f1xx_hal_tim.o
 .text.TIM_OC4_SetConfig
                0x08004a80       0x9c ./Drivers/STM32F1xx_HAL_Driver/Src/stm32f1xx_hal_tim.o
 .text.TIM_TI1_ConfigInputStage
                0x08004b1c       0x5c ./Drivers/STM32F1xx_HAL_Driver/Src/stm32f1xx_hal_tim.o
 .text.TIM_TI2_ConfigInputStage
                0x08004b78       0x5e ./Drivers/STM32F1xx_HAL_Driver/Src/stm32f1xx_hal_tim.o
 .text.TIM_ITRx_SetConfig
                0x08004bd6       0x34 ./Drivers/STM32F1xx_HAL_Driver/Src/stm32f1xx_hal_tim.o
 .text.TIM_ETR_SetConfig
                0x08004c0a       0x3e ./Drivers/STM32F1xx_HAL_Driver/Src/stm32f1xx_hal_tim.o
                0x08004c0a                TIM_ETR_SetConfig
 .text.TIM_CCxChannelCmd
                0x08004c48       0x48 ./Drivers/STM32F1xx_HAL_Driver/Src/stm32f1xx_hal_tim.o
                0x08004c48                TIM_CCxChannelCmd
 .text.HAL_TIMEx_MasterConfigSynchronization
                0x08004c90       0xbc ./Drivers/STM32F1xx_HAL_Driver/Src/stm32f1xx_hal_tim_ex.o
                0x08004c90                HAL_TIMEx_MasterConfigSynchronization
 .text.HAL_UART_Init
                0x08004d4c       0xa0 ./Drivers/STM32F1xx_HAL_Driver/Src/stm32f1xx_hal_uart.o
                0x08004d4c                HAL_UART_Init
 .text.HAL_UART_Transmit
                0x08004dec      0x116 ./Drivers/STM32F1xx_HAL_Driver/Src/stm32f1xx_hal_uart.o
                0x08004dec                HAL_UART_Transmit
 .text.HAL_UART_Receive
                0x08004f02      0x12e ./Drivers/STM32F1xx_HAL_Driver/Src/stm32f1xx_hal_uart.o
                0x08004f02                HAL_UART_Receive
 .text.UART_WaitOnFlagUntilTimeout
                0x08005030       0xb2 ./Drivers/STM32F1xx_HAL_Driver/Src/stm32f1xx_hal_uart.o
 .text.UART_EndRxTransfer
                0x080050e2       0xc4 ./Drivers/STM32F1xx_HAL_Driver/Src/stm32f1xx_hal_uart.o
 *fill*         0x080051a6        0x2 
 .text.UART_SetConfig
                0x080051a8      0x11c ./Drivers/STM32F1xx_HAL_Driver/Src/stm32f1xx_hal_uart.o
 .text.memset   0x080052c4       0x10 C:/ST/STM32CubeIDE_1.19.0/STM32CubeIDE/plugins/com.st.stm32cube.ide.mcu.externaltools.gnu-tools-for-stm32.13.3.rel1.win32_1.0.0.202411081344/tools/bin/../lib/gcc/arm-none-eabi/13.3.1/../../../../arm-none-eabi/lib/thumb/v7-m/nofp\libc_nano.a(libc_a-memset.o)
                0x080052c4                memset
 .text.__libc_init_array
                0x080052d4       0x48 C:/ST/STM32CubeIDE_1.19.0/STM32CubeIDE/plugins/com.st.stm32cube.ide.mcu.externaltools.gnu-tools-for-stm32.13.3.rel1.win32_1.0.0.202411081344/tools/bin/../lib/gcc/arm-none-eabi/13.3.1/../../../../arm-none-eabi/lib/thumb/v7-m/nofp\libc_nano.a(libc_a-init.o)
                0x080052d4                __libc_init_array
 *(.glue_7)
 .glue_7        0x0800531c        0x0 linker stubs
 *(.glue_7t)
 .glue_7t       0x0800531c        0x0 linker stubs
 *(.eh_frame)
 .eh_frame      0x0800531c        0x0 C:/ST/STM32CubeIDE_1.19.0/STM32CubeIDE/plugins/com.st.stm32cube.ide.mcu.externaltools.gnu-tools-for-stm32.13.3.rel1.win32_1.0.0.202411081344/tools/bin/../lib/gcc/arm-none-eabi/13.3.1/thumb/v7-m/nofp/crtbegin.o
 *(.init)
 .init          0x0800531c        0x4 C:/ST/STM32CubeIDE_1.19.0/STM32CubeIDE/plugins/com.st.stm32cube.ide.mcu.externaltools.gnu-tools-for-stm32.13.3.rel1.win32_1.0.0.202411081344/tools/bin/../lib/gcc/arm-none-eabi/13.3.1/thumb/v7-m/nofp/crti.o
                0x0800531c                _init
 .init          0x08005320        0x8 C:/ST/STM32CubeIDE_1.19.0/STM32CubeIDE/plugins/com.st.stm32cube.ide.mcu.externaltools.gnu-tools-for-stm32.13.3.rel1.win32_1.0.0.202411081344/tools/bin/../lib/gcc/arm-none-eabi/13.3.1/thumb/v7-m/nofp/crtn.o
 *(.fini)
 .fini          0x08005328        0x4 C:/ST/STM32CubeIDE_1.19.0/STM32CubeIDE/plugins/com.st.stm32cube.ide.mcu.externaltools.gnu-tools-for-stm32.13.3.rel1.win32_1.0.0.202411081344/tools/bin/../lib/gcc/arm-none-eabi/13.3.1/thumb/v7-m/nofp/crti.o
                0x08005328                _fini
 .fini          0x0800532c        0x8 C:/ST/STM32CubeIDE_1.19.0/STM32CubeIDE/plugins/com.st.stm32cube.ide.mcu.externaltools.gnu-tools-for-stm32.13.3.rel1.win32_1.0.0.202411081344/tools/bin/../lib/gcc/arm-none-eabi/13.3.1/thumb/v7-m/nofp/crtn.o
                0x08005334                        . = ALIGN (0x4)
                0x08005334                        _etext = .

.vfp11_veneer   0x08005334        0x0
 .vfp11_veneer  0x08005334        0x0 linker stubs

.v4_bx          0x08005334        0x0
 .v4_bx         0x08005334        0x0 linker stubs

.iplt           0x08005334        0x0
 .iplt          0x08005334        0x0 C:/ST/STM32CubeIDE_1.19.0/STM32CubeIDE/plugins/com.st.stm32cube.ide.mcu.externaltools.gnu-tools-for-stm32.13.3.rel1.win32_1.0.0.202411081344/tools/bin/../lib/gcc/arm-none-eabi/13.3.1/thumb/v7-m/nofp/crtbegin.o

.rodata         0x08005334       0x40
                0x08005334                        . = ALIGN (0x4)
 *(.rodata)
 *(.rodata*)
 .rodata.AHBPrescTable
                0x08005334       0x10 ./Core/Src/system_stm32f1xx.o
                0x08005334                AHBPrescTable
 .rodata.APBPrescTable
                0x08005344        0x8 ./Core/Src/system_stm32f1xx.o
                0x08005344                APBPrescTable
 .rodata.aPLLMULFactorTable.1
                0x0800534c       0x10 ./Drivers/STM32F1xx_HAL_Driver/Src/stm32f1xx_hal_rcc.o
 .rodata.aPredivFactorTable.0
                0x0800535c        0x2 ./Drivers/STM32F1xx_HAL_Driver/Src/stm32f1xx_hal_rcc.o
 *fill*         0x0800535e        0x2 
 .rodata.aPLLMULFactorTable.1
                0x08005360       0x10 ./Drivers/STM32F1xx_HAL_Driver/Src/stm32f1xx_hal_rcc_ex.o
 .rodata.aPredivFactorTable.0
                0x08005370        0x2 ./Drivers/STM32F1xx_HAL_Driver/Src/stm32f1xx_hal_rcc_ex.o
                0x08005374                        . = ALIGN (0x4)
 *fill*         0x08005372        0x2 

.ARM.extab      0x08005374        0x0
                0x08005374                        . = ALIGN (0x4)
 *(.ARM.extab* .gnu.linkonce.armextab.*)
                0x08005374                        . = ALIGN (0x4)

.ARM            0x08005374        0x0
                0x08005374                        . = ALIGN (0x4)
                0x08005374                        __exidx_start = .
 *(.ARM.exidx*)
                0x08005374                        __exidx_end = .
                0x08005374                        . = ALIGN (0x4)

.preinit_array  0x08005374        0x0
                0x08005374                        . = ALIGN (0x4)
                0x08005374                        PROVIDE (__preinit_array_start = .)
 *(.preinit_array*)
                0x08005374                        PROVIDE (__preinit_array_end = .)
                0x08005374                        . = ALIGN (0x4)

.init_array     0x08005374        0x4
                0x08005374                        . = ALIGN (0x4)
                0x08005374                        PROVIDE (__init_array_start = .)
 *(SORT_BY_NAME(.init_array.*))
 *(.init_array*)
 .init_array    0x08005374        0x4 C:/ST/STM32CubeIDE_1.19.0/STM32CubeIDE/plugins/com.st.stm32cube.ide.mcu.externaltools.gnu-tools-for-stm32.13.3.rel1.win32_1.0.0.202411081344/tools/bin/../lib/gcc/arm-none-eabi/13.3.1/thumb/v7-m/nofp/crtbegin.o
                0x08005378                        PROVIDE (__init_array_end = .)
                0x08005378                        . = ALIGN (0x4)

.fini_array     0x08005378        0x4
                0x08005378                        . = ALIGN (0x4)
                [!provide]                        PROVIDE (__fini_array_start = .)
 *(SORT_BY_NAME(.fini_array.*))
 *(.fini_array*)
 .fini_array    0x08005378        0x4 C:/ST/STM32CubeIDE_1.19.0/STM32CubeIDE/plugins/com.st.stm32cube.ide.mcu.externaltools.gnu-tools-for-stm32.13.3.rel1.win32_1.0.0.202411081344/tools/bin/../lib/gcc/arm-none-eabi/13.3.1/thumb/v7-m/nofp/crtbegin.o
                [!provide]                        PROVIDE (__fini_array_end = .)
                0x0800537c                        . = ALIGN (0x4)
                0x0800537c                        _sidata = LOADADDR (.data)

.rel.dyn        0x0800537c        0x0
 .rel.iplt      0x0800537c        0x0 C:/ST/STM32CubeIDE_1.19.0/STM32CubeIDE/plugins/com.st.stm32cube.ide.mcu.externaltools.gnu-tools-for-stm32.13.3.rel1.win32_1.0.0.202411081344/tools/bin/../lib/gcc/arm-none-eabi/13.3.1/thumb/v7-m/nofp/crtbegin.o

.data           0x20000000        0xc load address 0x0800537c
                0x20000000                        . = ALIGN (0x4)
                0x20000000                        _sdata = .
 *(.data)
 *(.data*)
 .data.SystemCoreClock
                0x20000000        0x4 ./Core/Src/system_stm32f1xx.o
                0x20000000                SystemCoreClock
 .data.uwTickPrio
                0x20000004        0x4 ./Drivers/STM32F1xx_HAL_Driver/Src/stm32f1xx_hal.o
                0x20000004                uwTickPrio
 .data.uwTickFreq
                0x20000008        0x1 ./Drivers/STM32F1xx_HAL_Driver/Src/stm32f1xx_hal.o
                0x20000008                uwTickFreq
 *(.RamFunc)
 *(.RamFunc*)
                0x2000000c                        . = ALIGN (0x4)
 *fill*         0x20000009        0x3 
                0x2000000c                        _edata = .

.igot.plt       0x2000000c        0x0 load address 0x08005388
 .igot.plt      0x2000000c        0x0 C:/ST/STM32CubeIDE_1.19.0/STM32CubeIDE/plugins/com.st.stm32cube.ide.mcu.externaltools.gnu-tools-for-stm32.13.3.rel1.win32_1.0.0.202411081344/tools/bin/../lib/gcc/arm-none-eabi/13.3.1/thumb/v7-m/nofp/crtbegin.o
                0x2000000c                        . = ALIGN (0x4)

.bss            0x2000000c      0x1ac load address 0x08005388
                0x2000000c                        _sbss = .
                0x2000000c                        __bss_start__ = _sbss
 *(.bss)
 .bss           0x2000000c       0x1c C:/ST/STM32CubeIDE_1.19.0/STM32CubeIDE/plugins/com.st.stm32cube.ide.mcu.externaltools.gnu-tools-for-stm32.13.3.rel1.win32_1.0.0.202411081344/tools/bin/../lib/gcc/arm-none-eabi/13.3.1/thumb/v7-m/nofp/crtbegin.o
 *(.bss*)
 .bss.hadc1     0x20000028       0x30 ./Core/Src/adc.o
                0x20000028                hadc1
 .bss.agv_packet
                0x20000058       0x1b ./Core/Src/agv_telemetry.o
                0x20000058                agv_packet
 *fill*         0x20000073        0x1 
 .bss.hi2c1     0x20000074       0x54 ./Core/Src/i2c.o
                0x20000074                hi2c1
 .bss.hi2c2     0x200000c8       0x54 ./Core/Src/i2c.o
                0x200000c8                hi2c2
 .bss.last_blink_time
                0x2000011c        0x4 ./Core/Src/main.o
                0x2000011c                last_blink_time
 .bss.last_telemetry_time
                0x20000120        0x4 ./Core/Src/main.o
                0x20000120                last_telemetry_time
 .bss.htim2     0x20000124       0x48 ./Core/Src/tim.o
                0x20000124                htim2
 .bss.huart1    0x2000016c       0x48 ./Core/Src/usart.o
                0x2000016c                huart1
 .bss.uwTick    0x200001b4        0x4 ./Drivers/STM32F1xx_HAL_Driver/Src/stm32f1xx_hal.o
                0x200001b4                uwTick
 *(COMMON)
                0x200001b8                        . = ALIGN (0x4)
                0x200001b8                        _ebss = .
                0x200001b8                        __bss_end__ = _ebss

._user_heap_stack
                0x200001b8      0x600 load address 0x08005388
                0x200001b8                        . = ALIGN (0x8)
                [!provide]                        PROVIDE (end = .)
                0x200001b8                        PROVIDE (_end = .)
                0x200003b8                        . = (. + _Min_Heap_Size)
 *fill*         0x200001b8      0x200 
                0x200007b8                        . = (. + _Min_Stack_Size)
 *fill*         0x200003b8      0x400 
                0x200007b8                        . = ALIGN (0x8)

/DISCARD/
 libc.a(*)
 libm.a(*)
 libgcc.a(*)

.ARM.attributes
                0x00000000       0x29
 *(.ARM.attributes)
 .ARM.attributes
                0x00000000       0x1d C:/ST/STM32CubeIDE_1.19.0/STM32CubeIDE/plugins/com.st.stm32cube.ide.mcu.externaltools.gnu-tools-for-stm32.13.3.rel1.win32_1.0.0.202411081344/tools/bin/../lib/gcc/arm-none-eabi/13.3.1/thumb/v7-m/nofp/crti.o
 .ARM.attributes
                0x0000001d       0x2d C:/ST/STM32CubeIDE_1.19.0/STM32CubeIDE/plugins/com.st.stm32cube.ide.mcu.externaltools.gnu-tools-for-stm32.13.3.rel1.win32_1.0.0.202411081344/tools/bin/../lib/gcc/arm-none-eabi/13.3.1/thumb/v7-m/nofp/crtbegin.o
 .ARM.attributes
                0x0000004a       0x2d ./Core/Src/adc.o
 .ARM.attributes
                0x00000077       0x2d ./Core/Src/agv_motor.o
 .ARM.attributes
                0x000000a4       0x2d ./Core/Src/agv_sensor.o
 .ARM.attributes
                0x000000d1       0x2d ./Core/Src/agv_telemetry.o
 .ARM.attributes
                0x000000fe       0x2d ./Core/Src/gpio.o
 .ARM.attributes
                0x0000012b       0x2d ./Core/Src/i2c.o
 .ARM.attributes
                0x00000158       0x2d ./Core/Src/main.o
 .ARM.attributes
                0x00000185       0x2d ./Core/Src/stm32f1xx_hal_msp.o
 .ARM.attributes
                0x000001b2       0x2d ./Core/Src/stm32f1xx_it.o
 .ARM.attributes
                0x000001df       0x2d ./Core/Src/system_stm32f1xx.o
 .ARM.attributes
                0x0000020c       0x2d ./Core/Src/tim.o
 .ARM.attributes
                0x00000239       0x2d ./Core/Src/usart.o
 .ARM.attributes
                0x00000266       0x21 ./Core/Startup/startup_stm32f103c8tx.o
 .ARM.attributes
                0x00000287       0x2d ./Drivers/STM32F1xx_HAL_Driver/Src/stm32f1xx_hal.o
 .ARM.attributes
                0x000002b4       0x2d ./Drivers/STM32F1xx_HAL_Driver/Src/stm32f1xx_hal_adc.o
 .ARM.attributes
                0x000002e1       0x2d ./Drivers/STM32F1xx_HAL_Driver/Src/stm32f1xx_hal_cortex.o
 .ARM.attributes
                0x0000030e       0x2d ./Drivers/STM32F1xx_HAL_Driver/Src/stm32f1xx_hal_gpio.o
 .ARM.attributes
                0x0000033b       0x2d ./Drivers/STM32F1xx_HAL_Driver/Src/stm32f1xx_hal_i2c.o
 .ARM.attributes
                0x00000368       0x2d ./Drivers/STM32F1xx_HAL_Driver/Src/stm32f1xx_hal_rcc.o
 .ARM.attributes
                0x00000395       0x2d ./Drivers/STM32F1xx_HAL_Driver/Src/stm32f1xx_hal_rcc_ex.o
 .ARM.attributes
                0x000003c2       0x2d ./Drivers/STM32F1xx_HAL_Driver/Src/stm32f1xx_hal_tim.o
 .ARM.attributes
                0x000003ef       0x2d ./Drivers/STM32F1xx_HAL_Driver/Src/stm32f1xx_hal_tim_ex.o
 .ARM.attributes
                0x0000041c       0x2d ./Drivers/STM32F1xx_HAL_Driver/Src/stm32f1xx_hal_uart.o
 .ARM.attributes
                0x00000449       0x2d C:/ST/STM32CubeIDE_1.19.0/STM32CubeIDE/plugins/com.st.stm32cube.ide.mcu.externaltools.gnu-tools-for-stm32.13.3.rel1.win32_1.0.0.202411081344/tools/bin/../lib/gcc/arm-none-eabi/13.3.1/../../../../arm-none-eabi/lib/thumb/v7-m/nofp\libc_nano.a(libc_a-memset.o)
 .ARM.attributes
                0x00000476       0x2d C:/ST/STM32CubeIDE_1.19.0/STM32CubeIDE/plugins/com.st.stm32cube.ide.mcu.externaltools.gnu-tools-for-stm32.13.3.rel1.win32_1.0.0.202411081344/tools/bin/../lib/gcc/arm-none-eabi/13.3.1/../../../../arm-none-eabi/lib/thumb/v7-m/nofp\libc_nano.a(libc_a-init.o)
 .ARM.attributes
                0x000004a3       0x1d C:/ST/STM32CubeIDE_1.19.0/STM32CubeIDE/plugins/com.st.stm32cube.ide.mcu.externaltools.gnu-tools-for-stm32.13.3.rel1.win32_1.0.0.202411081344/tools/bin/../lib/gcc/arm-none-eabi/13.3.1/thumb/v7-m/nofp\libgcc.a(_arm_addsubsf3.o)
 .ARM.attributes
                0x000004c0       0x1d C:/ST/STM32CubeIDE_1.19.0/STM32CubeIDE/plugins/com.st.stm32cube.ide.mcu.externaltools.gnu-tools-for-stm32.13.3.rel1.win32_1.0.0.202411081344/tools/bin/../lib/gcc/arm-none-eabi/13.3.1/thumb/v7-m/nofp\libgcc.a(_arm_muldivsf3.o)
 .ARM.attributes
                0x000004dd       0x1d C:/ST/STM32CubeIDE_1.19.0/STM32CubeIDE/plugins/com.st.stm32cube.ide.mcu.externaltools.gnu-tools-for-stm32.13.3.rel1.win32_1.0.0.202411081344/tools/bin/../lib/gcc/arm-none-eabi/13.3.1/thumb/v7-m/nofp/crtn.o
OUTPUT(Deneme.elf elf32-littlearm)
LOAD linker stubs
LOAD C:/ST/STM32CubeIDE_1.19.0/STM32CubeIDE/plugins/com.st.stm32cube.ide.mcu.externaltools.gnu-tools-for-stm32.13.3.rel1.win32_1.0.0.202411081344/tools/bin/../lib/gcc/arm-none-eabi/13.3.1/../../../../arm-none-eabi/lib/thumb/v7-m/nofp\libc.a
LOAD C:/ST/STM32CubeIDE_1.19.0/STM32CubeIDE/plugins/com.st.stm32cube.ide.mcu.externaltools.gnu-tools-for-stm32.13.3.rel1.win32_1.0.0.202411081344/tools/bin/../lib/gcc/arm-none-eabi/13.3.1/../../../../arm-none-eabi/lib/thumb/v7-m/nofp\libm.a
LOAD C:/ST/STM32CubeIDE_1.19.0/STM32CubeIDE/plugins/com.st.stm32cube.ide.mcu.externaltools.gnu-tools-for-stm32.13.3.rel1.win32_1.0.0.202411081344/tools/bin/../lib/gcc/arm-none-eabi/13.3.1/thumb/v7-m/nofp\libgcc.a

.debug_info     0x00000000    0x118ac
 .debug_info    0x00000000      0x7b8 ./Core/Src/adc.o
 .debug_info    0x000007b8      0x8fa ./Core/Src/agv_motor.o
 .debug_info    0x000010b2      0x8d6 ./Core/Src/agv_sensor.o
 .debug_info    0x00001988      0x770 ./Core/Src/agv_telemetry.o
 .debug_info    0x000020f8      0x2d3 ./Core/Src/gpio.o
 .debug_info    0x000023cb      0x83b ./Core/Src/i2c.o
 .debug_info    0x00002c06     0x1476 ./Core/Src/main.o
 .debug_info    0x0000407c      0x1f1 ./Core/Src/stm32f1xx_hal_msp.o
 .debug_info    0x0000426d      0x113 ./Core/Src/stm32f1xx_it.o
 .debug_info    0x00004380      0x222 ./Core/Src/system_stm32f1xx.o
 .debug_info    0x000045a2      0xa22 ./Core/Src/tim.o
 .debug_info    0x00004fc4      0x798 ./Core/Src/usart.o
 .debug_info    0x0000575c       0x30 ./Core/Startup/startup_stm32f103c8tx.o
 .debug_info    0x0000578c      0x704 ./Drivers/STM32F1xx_HAL_Driver/Src/stm32f1xx_hal.o
 .debug_info    0x00005e90      0xc50 ./Drivers/STM32F1xx_HAL_Driver/Src/stm32f1xx_hal_adc.o
 .debug_info    0x00006ae0      0xa87 ./Drivers/STM32F1xx_HAL_Driver/Src/stm32f1xx_hal_cortex.o
 .debug_info    0x00007567      0x5ab ./Drivers/STM32F1xx_HAL_Driver/Src/stm32f1xx_hal_gpio.o
 .debug_info    0x00007b12     0x2524 ./Drivers/STM32F1xx_HAL_Driver/Src/stm32f1xx_hal_i2c.o
 .debug_info    0x0000a036      0x7d5 ./Drivers/STM32F1xx_HAL_Driver/Src/stm32f1xx_hal_rcc.o
 .debug_info    0x0000a80b      0x3c0 ./Drivers/STM32F1xx_HAL_Driver/Src/stm32f1xx_hal_rcc_ex.o
 .debug_info    0x0000abcb     0x2959 ./Drivers/STM32F1xx_HAL_Driver/Src/stm32f1xx_hal_tim.o
 .debug_info    0x0000d524     0x149b ./Drivers/STM32F1xx_HAL_Driver/Src/stm32f1xx_hal_tim_ex.o
 .debug_info    0x0000e9bf     0x2eed ./Drivers/STM32F1xx_HAL_Driver/Src/stm32f1xx_hal_uart.o

.debug_abbrev   0x00000000     0x2b66
 .debug_abbrev  0x00000000      0x1e1 ./Core/Src/adc.o
 .debug_abbrev  0x000001e1      0x1e6 ./Core/Src/agv_motor.o
 .debug_abbrev  0x000003c7      0x1ee ./Core/Src/agv_sensor.o
 .debug_abbrev  0x000005b5      0x1a9 ./Core/Src/agv_telemetry.o
 .debug_abbrev  0x0000075e      0x13f ./Core/Src/gpio.o
 .debug_abbrev  0x0000089d      0x1e4 ./Core/Src/i2c.o
 .debug_abbrev  0x00000a81      0x267 ./Core/Src/main.o
 .debug_abbrev  0x00000ce8       0xdb ./Core/Src/stm32f1xx_hal_msp.o
 .debug_abbrev  0x00000dc3       0x73 ./Core/Src/stm32f1xx_it.o
 .debug_abbrev  0x00000e36      0x13f ./Core/Src/system_stm32f1xx.o
 .debug_abbrev  0x00000f75      0x230 ./Core/Src/tim.o
 .debug_abbrev  0x000011a5      0x1e6 ./Core/Src/usart.o
 .debug_abbrev  0x0000138b       0x24 ./Core/Startup/startup_stm32f103c8tx.o
 .debug_abbrev  0x000013af      0x201 ./Drivers/STM32F1xx_HAL_Driver/Src/stm32f1xx_hal.o
 .debug_abbrev  0x000015b0      0x225 ./Drivers/STM32F1xx_HAL_Driver/Src/stm32f1xx_hal_adc.o
 .debug_abbrev  0x000017d5      0x2f8 ./Drivers/STM32F1xx_HAL_Driver/Src/stm32f1xx_hal_cortex.o
 .debug_abbrev  0x00001acd      0x1ca ./Drivers/STM32F1xx_HAL_Driver/Src/stm32f1xx_hal_gpio.o
 .debug_abbrev  0x00001c97      0x2a3 ./Drivers/STM32F1xx_HAL_Driver/Src/stm32f1xx_hal_i2c.o
 .debug_abbrev  0x00001f3a      0x2b3 ./Drivers/STM32F1xx_HAL_Driver/Src/stm32f1xx_hal_rcc.o
 .debug_abbrev  0x000021ed      0x188 ./Drivers/STM32F1xx_HAL_Driver/Src/stm32f1xx_hal_rcc_ex.o
 .debug_abbrev  0x00002375      0x277 ./Drivers/STM32F1xx_HAL_Driver/Src/stm32f1xx_hal_tim.o
 .debug_abbrev  0x000025ec      0x282 ./Drivers/STM32F1xx_HAL_Driver/Src/stm32f1xx_hal_tim_ex.o
 .debug_abbrev  0x0000286e      0x2f8 ./Drivers/STM32F1xx_HAL_Driver/Src/stm32f1xx_hal_uart.o

.debug_aranges  0x00000000     0x1068
 .debug_aranges
                0x00000000       0x30 ./Core/Src/adc.o
 .debug_aranges
                0x00000030       0x48 ./Core/Src/agv_motor.o
 .debug_aranges
                0x00000078       0x40 ./Core/Src/agv_sensor.o
 .debug_aranges
                0x000000b8       0x20 ./Core/Src/agv_telemetry.o
 .debug_aranges
                0x000000d8       0x20 ./Core/Src/gpio.o
 .debug_aranges
                0x000000f8       0x38 ./Core/Src/i2c.o
 .debug_aranges
                0x00000130       0x30 ./Core/Src/main.o
 .debug_aranges
                0x00000160       0x20 ./Core/Src/stm32f1xx_hal_msp.o
 .debug_aranges
                0x00000180       0x60 ./Core/Src/stm32f1xx_it.o
 .debug_aranges
                0x000001e0       0x28 ./Core/Src/system_stm32f1xx.o
 .debug_aranges
                0x00000208       0x38 ./Core/Src/tim.o
 .debug_aranges
                0x00000240       0x30 ./Core/Src/usart.o
 .debug_aranges
                0x00000270       0x28 ./Core/Startup/startup_stm32f103c8tx.o
 .debug_aranges
                0x00000298       0xe0 ./Drivers/STM32F1xx_HAL_Driver/Src/stm32f1xx_hal.o
 .debug_aranges
                0x00000378       0xf0 ./Drivers/STM32F1xx_HAL_Driver/Src/stm32f1xx_hal_adc.o
 .debug_aranges
                0x00000468      0x100 ./Drivers/STM32F1xx_HAL_Driver/Src/stm32f1xx_hal_cortex.o
 .debug_aranges
                0x00000568       0x58 ./Drivers/STM32F1xx_HAL_Driver/Src/stm32f1xx_hal_gpio.o
 .debug_aranges
                0x000005c0      0x2a8 ./Drivers/STM32F1xx_HAL_Driver/Src/stm32f1xx_hal_i2c.o
 .debug_aranges
                0x00000868       0x90 ./Drivers/STM32F1xx_HAL_Driver/Src/stm32f1xx_hal_rcc.o
 .debug_aranges
                0x000008f8       0x30 ./Drivers/STM32F1xx_HAL_Driver/Src/stm32f1xx_hal_rcc_ex.o
 .debug_aranges
                0x00000928      0x3d0 ./Drivers/STM32F1xx_HAL_Driver/Src/stm32f1xx_hal_tim.o
 .debug_aranges
                0x00000cf8      0x168 ./Drivers/STM32F1xx_HAL_Driver/Src/stm32f1xx_hal_tim_ex.o
 .debug_aranges
                0x00000e60      0x208 ./Drivers/STM32F1xx_HAL_Driver/Src/stm32f1xx_hal_uart.o

.debug_rnglists
                0x00000000      0xcd9
 .debug_rnglists
                0x00000000       0x1f ./Core/Src/adc.o
 .debug_rnglists
                0x0000001f       0x32 ./Core/Src/agv_motor.o
 .debug_rnglists
                0x00000051       0x2e ./Core/Src/agv_sensor.o
 .debug_rnglists
                0x0000007f       0x13 ./Core/Src/agv_telemetry.o
 .debug_rnglists
                0x00000092       0x14 ./Core/Src/gpio.o
 .debug_rnglists
                0x000000a6       0x26 ./Core/Src/i2c.o
 .debug_rnglists
                0x000000cc       0x21 ./Core/Src/main.o
 .debug_rnglists
                0x000000ed       0x13 ./Core/Src/stm32f1xx_hal_msp.o
 .debug_rnglists
                0x00000100       0x43 ./Core/Src/stm32f1xx_it.o
 .debug_rnglists
                0x00000143       0x1a ./Core/Src/system_stm32f1xx.o
 .debug_rnglists
                0x0000015d       0x26 ./Core/Src/tim.o
 .debug_rnglists
                0x00000183       0x20 ./Core/Src/usart.o
 .debug_rnglists
                0x000001a3       0x19 ./Core/Startup/startup_stm32f103c8tx.o
 .debug_rnglists
                0x000001bc       0xa3 ./Drivers/STM32F1xx_HAL_Driver/Src/stm32f1xx_hal.o
 .debug_rnglists
                0x0000025f       0xbc ./Drivers/STM32F1xx_HAL_Driver/Src/stm32f1xx_hal_adc.o
 .debug_rnglists
                0x0000031b       0xbb ./Drivers/STM32F1xx_HAL_Driver/Src/stm32f1xx_hal_cortex.o
 .debug_rnglists
                0x000003d6       0x3f ./Drivers/STM32F1xx_HAL_Driver/Src/stm32f1xx_hal_gpio.o
 .debug_rnglists
                0x00000415      0x23c ./Drivers/STM32F1xx_HAL_Driver/Src/stm32f1xx_hal_i2c.o
 .debug_rnglists
                0x00000651       0x6c ./Drivers/STM32F1xx_HAL_Driver/Src/stm32f1xx_hal_rcc.o
 .debug_rnglists
                0x000006bd       0x21 ./Drivers/STM32F1xx_HAL_Driver/Src/stm32f1xx_hal_rcc_ex.o
 .debug_rnglists
                0x000006de      0x31a ./Drivers/STM32F1xx_HAL_Driver/Src/stm32f1xx_hal_tim.o
 .debug_rnglists
                0x000009f8      0x125 ./Drivers/STM32F1xx_HAL_Driver/Src/stm32f1xx_hal_tim_ex.o
 .debug_rnglists
                0x00000b1d      0x1bc ./Drivers/STM32F1xx_HAL_Driver/Src/stm32f1xx_hal_uart.o

.debug_macro    0x00000000    0x19504
 .debug_macro   0x00000000      0x1da ./Core/Src/adc.o
 .debug_macro   0x000001da      0xacc ./Core/Src/adc.o
 .debug_macro   0x00000ca6      0x227 ./Core/Src/adc.o
 .debug_macro   0x00000ecd       0x2e ./Core/Src/adc.o
 .debug_macro   0x00000efb       0x22 ./Core/Src/adc.o
 .debug_macro   0x00000f1d       0x22 ./Core/Src/adc.o
 .debug_macro   0x00000f3f       0x8e ./Core/Src/adc.o
 .debug_macro   0x00000fcd       0x51 ./Core/Src/adc.o
 .debug_macro   0x0000101e      0x103 ./Core/Src/adc.o
 .debug_macro   0x00001121       0x6a ./Core/Src/adc.o
 .debug_macro   0x0000118b      0x1df ./Core/Src/adc.o
 .debug_macro   0x0000136a       0x1c ./Core/Src/adc.o
 .debug_macro   0x00001386       0x22 ./Core/Src/adc.o
 .debug_macro   0x000013a8       0xbd ./Core/Src/adc.o
 .debug_macro   0x00001465      0xd23 ./Core/Src/adc.o
 .debug_macro   0x00002188     0xe09e ./Core/Src/adc.o
 .debug_macro   0x00010226       0x6d ./Core/Src/adc.o
 .debug_macro   0x00010293     0x34a2 ./Core/Src/adc.o
 .debug_macro   0x00013735      0x190 ./Core/Src/adc.o
 .debug_macro   0x000138c5       0x5c ./Core/Src/adc.o
 .debug_macro   0x00013921      0x5bc ./Core/Src/adc.o
 .debug_macro   0x00013edd      0x289 ./Core/Src/adc.o
 .debug_macro   0x00014166      0x1cb ./Core/Src/adc.o
 .debug_macro   0x00014331      0x114 ./Core/Src/adc.o
 .debug_macro   0x00014445      0x1b2 ./Core/Src/adc.o
 .debug_macro   0x000145f7       0x27 ./Core/Src/adc.o
 .debug_macro   0x0001461e      0x136 ./Core/Src/adc.o
 .debug_macro   0x00014754      0x1bc ./Core/Src/adc.o
 .debug_macro   0x00014910       0x34 ./Core/Src/adc.o
 .debug_macro   0x00014944       0x3c ./Core/Src/adc.o
 .debug_macro   0x00014980       0x57 ./Core/Src/adc.o
 .debug_macro   0x000149d7      0x46a ./Core/Src/adc.o
 .debug_macro   0x00014e41      0x1b5 ./Core/Src/adc.o
 .debug_macro   0x00014ff6       0x87 ./Core/Src/adc.o
 .debug_macro   0x0001507d      0x240 ./Core/Src/adc.o
 .debug_macro   0x000152bd      0x287 ./Core/Src/adc.o
 .debug_macro   0x00015544      0x140 ./Core/Src/adc.o
 .debug_macro   0x00015684      0x8ed ./Core/Src/adc.o
 .debug_macro   0x00015f71      0x28e ./Core/Src/adc.o
 .debug_macro   0x000161ff       0x83 ./Core/Src/adc.o
 .debug_macro   0x00016282       0x1c ./Core/Src/adc.o
 .debug_macro   0x0001629e      0x1ee ./Core/Src/agv_motor.o
 .debug_macro   0x0001648c      0x207 ./Core/Src/agv_sensor.o
 .debug_macro   0x00016693       0x28 ./Core/Src/agv_sensor.o
 .debug_macro   0x000166bb      0x1e4 ./Core/Src/agv_telemetry.o
 .debug_macro   0x0001689f      0x1da ./Core/Src/gpio.o
 .debug_macro   0x00016a79      0x1da ./Core/Src/i2c.o
 .debug_macro   0x00016c53      0x32b ./Core/Src/main.o
 .debug_macro   0x00016f7e       0x61 ./Core/Src/main.o
 .debug_macro   0x00016fdf       0x24 ./Core/Src/main.o
 .debug_macro   0x00017003       0x43 ./Core/Src/main.o
 .debug_macro   0x00017046       0x34 ./Core/Src/main.o
 .debug_macro   0x0001707a       0x16 ./Core/Src/main.o
 .debug_macro   0x00017090       0x3c ./Core/Src/main.o
 .debug_macro   0x000170cc      0x370 ./Core/Src/main.o
 .debug_macro   0x0001743c       0x10 ./Core/Src/main.o
 .debug_macro   0x0001744c       0x16 ./Core/Src/main.o
 .debug_macro   0x00017462       0x4a ./Core/Src/main.o
 .debug_macro   0x000174ac       0x34 ./Core/Src/main.o
 .debug_macro   0x000174e0       0x10 ./Core/Src/main.o
 .debug_macro   0x000174f0       0x58 ./Core/Src/main.o
 .debug_macro   0x00017548       0x8e ./Core/Src/main.o
 .debug_macro   0x000175d6       0x1c ./Core/Src/main.o
 .debug_macro   0x000175f2      0x185 ./Core/Src/main.o
 .debug_macro   0x00017777       0x16 ./Core/Src/main.o
 .debug_macro   0x0001778d       0x16 ./Core/Src/main.o
 .debug_macro   0x000177a3      0x146 ./Core/Src/main.o
 .debug_macro   0x000178e9       0x16 ./Core/Src/main.o
 .debug_macro   0x000178ff       0x20 ./Core/Src/main.o
 .debug_macro   0x0001791f       0x2e ./Core/Src/main.o
 .debug_macro   0x0001794d      0x1d0 ./Core/Src/stm32f1xx_hal_msp.o
 .debug_macro   0x00017b1d      0x1da ./Core/Src/stm32f1xx_it.o
 .debug_macro   0x00017cf7      0x1c1 ./Core/Src/system_stm32f1xx.o
 .debug_macro   0x00017eb8      0x1da ./Core/Src/tim.o
 .debug_macro   0x00018092      0x1da ./Core/Src/usart.o
 .debug_macro   0x0001826c      0x1e5 ./Drivers/STM32F1xx_HAL_Driver/Src/stm32f1xx_hal.o
 .debug_macro   0x00018451      0x1de ./Drivers/STM32F1xx_HAL_Driver/Src/stm32f1xx_hal_adc.o
 .debug_macro   0x0001862f      0x1c1 ./Drivers/STM32F1xx_HAL_Driver/Src/stm32f1xx_hal_cortex.o
 .debug_macro   0x000187f0      0x22c ./Drivers/STM32F1xx_HAL_Driver/Src/stm32f1xx_hal_gpio.o
 .debug_macro   0x00018a1c      0x20f ./Drivers/STM32F1xx_HAL_Driver/Src/stm32f1xx_hal_i2c.o
 .debug_macro   0x00018c2b      0x1d3 ./Drivers/STM32F1xx_HAL_Driver/Src/stm32f1xx_hal_rcc.o
 .debug_macro   0x00018dfe      0x1c1 ./Drivers/STM32F1xx_HAL_Driver/Src/stm32f1xx_hal_rcc_ex.o
 .debug_macro   0x00018fbf      0x1c2 ./Drivers/STM32F1xx_HAL_Driver/Src/stm32f1xx_hal_tim.o
 .debug_macro   0x00019181      0x1c1 ./Drivers/STM32F1xx_HAL_Driver/Src/stm32f1xx_hal_tim_ex.o
 .debug_macro   0x00019342      0x1c2 ./Drivers/STM32F1xx_HAL_Driver/Src/stm32f1xx_hal_uart.o

.debug_line     0x00000000    0x158e1
 .debug_line    0x00000000      0x7bc ./Core/Src/adc.o
 .debug_line    0x000007bc      0x866 ./Core/Src/agv_motor.o
 .debug_line    0x00001022      0x8a2 ./Core/Src/agv_sensor.o
 .debug_line    0x000018c4      0x781 ./Core/Src/agv_telemetry.o
 .debug_line    0x00002045      0x770 ./Core/Src/gpio.o
 .debug_line    0x000027b5      0x81c ./Core/Src/i2c.o
 .debug_line    0x00002fd1      0xb05 ./Core/Src/main.o
 .debug_line    0x00003ad6      0x746 ./Core/Src/stm32f1xx_hal_msp.o
 .debug_line    0x0000421c      0x7f3 ./Core/Src/stm32f1xx_it.o
 .debug_line    0x00004a0f      0x7c3 ./Core/Src/system_stm32f1xx.o
 .debug_line    0x000051d2      0x81d ./Core/Src/tim.o
 .debug_line    0x000059ef      0x7b8 ./Core/Src/usart.o
 .debug_line    0x000061a7       0x78 ./Core/Startup/startup_stm32f103c8tx.o
 .debug_line    0x0000621f      0x9f4 ./Drivers/STM32F1xx_HAL_Driver/Src/stm32f1xx_hal.o
 .debug_line    0x00006c13     0x1019 ./Drivers/STM32F1xx_HAL_Driver/Src/stm32f1xx_hal_adc.o
 .debug_line    0x00007c2c      0xbbe ./Drivers/STM32F1xx_HAL_Driver/Src/stm32f1xx_hal_cortex.o
 .debug_line    0x000087ea      0xa51 ./Drivers/STM32F1xx_HAL_Driver/Src/stm32f1xx_hal_gpio.o
 .debug_line    0x0000923b     0x3bf1 ./Drivers/STM32F1xx_HAL_Driver/Src/stm32f1xx_hal_i2c.o
 .debug_line    0x0000ce2c      0xead ./Drivers/STM32F1xx_HAL_Driver/Src/stm32f1xx_hal_rcc.o
 .debug_line    0x0000dcd9      0x95e ./Drivers/STM32F1xx_HAL_Driver/Src/stm32f1xx_hal_rcc_ex.o
 .debug_line    0x0000e637     0x34e2 ./Drivers/STM32F1xx_HAL_Driver/Src/stm32f1xx_hal_tim.o
 .debug_line    0x00011b19     0x18b8 ./Drivers/STM32F1xx_HAL_Driver/Src/stm32f1xx_hal_tim_ex.o
 .debug_line    0x000133d1     0x2510 ./Drivers/STM32F1xx_HAL_Driver/Src/stm32f1xx_hal_uart.o

.debug_str      0x00000000    0x919a3
 .debug_str     0x00000000    0x919a3 ./Core/Src/adc.o
                              0x89ecf (size before relaxing)
 .debug_str     0x000919a3    0x8a0ab ./Core/Src/agv_motor.o
 .debug_str     0x000919a3    0x8a173 ./Core/Src/agv_sensor.o
 .debug_str     0x000919a3    0x89fa0 ./Core/Src/agv_telemetry.o
 .debug_str     0x000919a3    0x89b2a ./Core/Src/gpio.o
 .debug_str     0x000919a3    0x89ff7 ./Core/Src/i2c.o
 .debug_str     0x000919a3    0x8e2fe ./Core/Src/main.o
 .debug_str     0x000919a3    0x89ab2 ./Core/Src/stm32f1xx_hal_msp.o
 .debug_str     0x000919a3    0x89ac7 ./Core/Src/stm32f1xx_it.o
 .debug_str     0x000919a3    0x89a77 ./Core/Src/system_stm32f1xx.o
 .debug_str     0x000919a3    0x8a1cb ./Core/Src/tim.o
 .debug_str     0x000919a3    0x89f72 ./Core/Src/usart.o
 .debug_str     0x000919a3       0x6d ./Core/Startup/startup_stm32f103c8tx.o
 .debug_str     0x000919a3    0x8a1aa ./Drivers/STM32F1xx_HAL_Driver/Src/stm32f1xx_hal.o
 .debug_str     0x000919a3    0x8a15b ./Drivers/STM32F1xx_HAL_Driver/Src/stm32f1xx_hal_adc.o
 .debug_str     0x000919a3    0x8a0f6 ./Drivers/STM32F1xx_HAL_Driver/Src/stm32f1xx_hal_cortex.o
 .debug_str     0x000919a3    0x89dfd ./Drivers/STM32F1xx_HAL_Driver/Src/stm32f1xx_hal_gpio.o
 .debug_str     0x000919a3    0x8ab3e ./Drivers/STM32F1xx_HAL_Driver/Src/stm32f1xx_hal_i2c.o
 .debug_str     0x000919a3    0x89ea6 ./Drivers/STM32F1xx_HAL_Driver/Src/stm32f1xx_hal_rcc.o
 .debug_str     0x000919a3    0x89bf6 ./Drivers/STM32F1xx_HAL_Driver/Src/stm32f1xx_hal_rcc_ex.o
 .debug_str     0x000919a3    0x8aea8 ./Drivers/STM32F1xx_HAL_Driver/Src/stm32f1xx_hal_tim.o
 .debug_str     0x000919a3    0x8a6b4 ./Drivers/STM32F1xx_HAL_Driver/Src/stm32f1xx_hal_tim_ex.o
 .debug_str     0x000919a3    0x8a517 ./Drivers/STM32F1xx_HAL_Driver/Src/stm32f1xx_hal_uart.o

.comment        0x00000000       0x43
 .comment       0x00000000       0x43 ./Core/Src/adc.o
                                 0x44 (size before relaxing)
 .comment       0x00000043       0x44 ./Core/Src/agv_motor.o
 .comment       0x00000043       0x44 ./Core/Src/agv_sensor.o
 .comment       0x00000043       0x44 ./Core/Src/agv_telemetry.o
 .comment       0x00000043       0x44 ./Core/Src/gpio.o
 .comment       0x00000043       0x44 ./Core/Src/i2c.o
 .comment       0x00000043       0x44 ./Core/Src/main.o
 .comment       0x00000043       0x44 ./Core/Src/stm32f1xx_hal_msp.o
 .comment       0x00000043       0x44 ./Core/Src/stm32f1xx_it.o
 .comment       0x00000043       0x44 ./Core/Src/system_stm32f1xx.o
 .comment       0x00000043       0x44 ./Core/Src/tim.o
 .comment       0x00000043       0x44 ./Core/Src/usart.o
 .comment       0x00000043       0x44 ./Drivers/STM32F1xx_HAL_Driver/Src/stm32f1xx_hal.o
 .comment       0x00000043       0x44 ./Drivers/STM32F1xx_HAL_Driver/Src/stm32f1xx_hal_adc.o
 .comment       0x00000043       0x44 ./Drivers/STM32F1xx_HAL_Driver/Src/stm32f1xx_hal_cortex.o
 .comment       0x00000043       0x44 ./Drivers/STM32F1xx_HAL_Driver/Src/stm32f1xx_hal_gpio.o
 .comment       0x00000043       0x44 ./Drivers/STM32F1xx_HAL_Driver/Src/stm32f1xx_hal_i2c.o
 .comment       0x00000043       0x44 ./Drivers/STM32F1xx_HAL_Driver/Src/stm32f1xx_hal_rcc.o
 .comment       0x00000043       0x44 ./Drivers/STM32F1xx_HAL_Driver/Src/stm32f1xx_hal_rcc_ex.o
 .comment       0x00000043       0x44 ./Drivers/STM32F1xx_HAL_Driver/Src/stm32f1xx_hal_tim.o
 .comment       0x00000043       0x44 ./Drivers/STM32F1xx_HAL_Driver/Src/stm32f1xx_hal_tim_ex.o
 .comment       0x00000043       0x44 ./Drivers/STM32F1xx_HAL_Driver/Src/stm32f1xx_hal_uart.o

.debug_frame    0x00000000     0x440c
 .debug_frame   0x00000000       0x7c ./Core/Src/adc.o
 .debug_frame   0x0000007c       0xe0 ./Core/Src/agv_motor.o
 .debug_frame   0x0000015c       0xc8 ./Core/Src/agv_sensor.o
 .debug_frame   0x00000224       0x34 ./Core/Src/agv_telemetry.o
 .debug_frame   0x00000258       0x34 ./Core/Src/gpio.o
 .debug_frame   0x0000028c       0x90 ./Core/Src/i2c.o
 .debug_frame   0x0000031c       0x6c ./Core/Src/main.o
 .debug_frame   0x00000388       0x38 ./Core/Src/stm32f1xx_hal_msp.o
 .debug_frame   0x000003c0      0x104 ./Core/Src/stm32f1xx_it.o
 .debug_frame   0x000004c4       0x58 ./Core/Src/system_stm32f1xx.o
 .debug_frame   0x0000051c       0xa8 ./Core/Src/tim.o
 .debug_frame   0x000005c4       0x74 ./Core/Src/usart.o
 .debug_frame   0x00000638      0x334 ./Drivers/STM32F1xx_HAL_Driver/Src/stm32f1xx_hal.o
 .debug_frame   0x0000096c      0x40c ./Drivers/STM32F1xx_HAL_Driver/Src/stm32f1xx_hal_adc.o
 .debug_frame   0x00000d78      0x428 ./Drivers/STM32F1xx_HAL_Driver/Src/stm32f1xx_hal_cortex.o
 .debug_frame   0x000011a0      0x14c ./Drivers/STM32F1xx_HAL_Driver/Src/stm32f1xx_hal_gpio.o
 .debug_frame   0x000012ec      0xc84 ./Drivers/STM32F1xx_HAL_Driver/Src/stm32f1xx_hal_i2c.o
 .debug_frame   0x00001f70      0x218 ./Drivers/STM32F1xx_HAL_Driver/Src/stm32f1xx_hal_rcc.o
 .debug_frame   0x00002188       0x80 ./Drivers/STM32F1xx_HAL_Driver/Src/stm32f1xx_hal_rcc_ex.o
 .debug_frame   0x00002208     0x11b8 ./Drivers/STM32F1xx_HAL_Driver/Src/stm32f1xx_hal_tim.o
 .debug_frame   0x000033c0      0x638 ./Drivers/STM32F1xx_HAL_Driver/Src/stm32f1xx_hal_tim_ex.o
 .debug_frame   0x000039f8      0x944 ./Drivers/STM32F1xx_HAL_Driver/Src/stm32f1xx_hal_uart.o
 .debug_frame   0x0000433c       0x20 C:/ST/STM32CubeIDE_1.19.0/STM32CubeIDE/plugins/com.st.stm32cube.ide.mcu.externaltools.gnu-tools-for-stm32.13.3.rel1.win32_1.0.0.202411081344/tools/bin/../lib/gcc/arm-none-eabi/13.3.1/../../../../arm-none-eabi/lib/thumb/v7-m/nofp\libc_nano.a(libc_a-memset.o)
 .debug_frame   0x0000435c       0x2c C:/ST/STM32CubeIDE_1.19.0/STM32CubeIDE/plugins/com.st.stm32cube.ide.mcu.externaltools.gnu-tools-for-stm32.13.3.rel1.win32_1.0.0.202411081344/tools/bin/../lib/gcc/arm-none-eabi/13.3.1/../../../../arm-none-eabi/lib/thumb/v7-m/nofp\libc_nano.a(libc_a-init.o)
 .debug_frame   0x00004388       0x4c C:/ST/STM32CubeIDE_1.19.0/STM32CubeIDE/plugins/com.st.stm32cube.ide.mcu.externaltools.gnu-tools-for-stm32.13.3.rel1.win32_1.0.0.202411081344/tools/bin/../lib/gcc/arm-none-eabi/13.3.1/thumb/v7-m/nofp\libgcc.a(_arm_addsubsf3.o)
 .debug_frame   0x000043d4       0x38 C:/ST/STM32CubeIDE_1.19.0/STM32CubeIDE/plugins/com.st.stm32cube.ide.mcu.externaltools.gnu-tools-for-stm32.13.3.rel1.win32_1.0.0.202411081344/tools/bin/../lib/gcc/arm-none-eabi/13.3.1/thumb/v7-m/nofp\libgcc.a(_arm_muldivsf3.o)

.debug_line_str
                0x00000000       0x51
 .debug_line_str
                0x00000000       0x51 ./Core/Startup/startup_stm32f103c8tx.o
